******************************************************************************
                  TI ARM Linker PC v20.2.5                     
******************************************************************************
>> Linked Mon May 10 12:06:26 2021

OUTPUT FILE NAME:   <lab7.out>
ENTRY POINT SYMBOL: "_c_int00_noargs"  address: 000006ed


MEMORY CONFIGURATION

         name            origin    length      used     unused   attr    fill
----------------------  --------  ---------  --------  --------  ----  --------
  FLASH                 00000000   00040000  00000838  0003f7c8  R  X
  SRAM                  20000000   00008000  00000204  00007dfc  RW X


SEGMENT ALLOCATION MAP

run origin  load origin   length   init length attrs members
----------  ----------- ---------- ----------- ----- -------
00000000    00000000    0000083c   0000083c    r-x
  00000000    00000000    0000026c   0000026c    r-- .intvecs
  0000026c    0000026c    0000054c   0000054c    r-x .text
  000007b8    000007b8    0000006c   0000006c    r-- .const
  00000828    00000828    00000014   00000014    r-- .cinit
20000000    20000000    00000204   00000000    rw-
  20000000    20000000    00000200   00000000    rw- .stack
  20000200    20000200    00000004   00000000    rw- .bss


SECTION ALLOCATION MAP

 output                                  attributes/
section   page    origin      length       input sections
--------  ----  ----------  ----------   ----------------
.intvecs   0    00000000    0000026c     
                  00000000    0000026c     tm4c123gh6pm_startup_ccs.obj (.intvecs)

.text      0    0000026c    0000054c     
                  0000026c    00000132     driverlib.lib : gpio.obj (.text:GPIOPadConfigSet)
                  0000039e    00000002     --HOLE-- [fill = 0]
                  000003a0    00000110                   : sysctl.obj (.text:SysCtlClockGet)
                  000004b0    000000f4                   : sysctl.obj (.text:SysCtlClockSet)
                  000005a4    00000070     main.obj (.text)
                  00000614    00000060     driverlib.lib : timer.obj (.text:TimerConfigure)
                  00000674    00000044     rtsv7M4_T_le_v4SPD16_eabi.lib : autoinit.c.obj (.text:__TI_auto_init_nobinit_nopinit:__TI_auto_init_nobinit_nopinit)
                  000006b8    00000034     driverlib.lib : sysctl.obj (.text:SysCtlPeripheralEnable)
                  000006ec    00000034     rtsv7M4_T_le_v4SPD16_eabi.lib : boot_cortex_m.c.obj (.text:_c_int00_noargs:_c_int00_noargs)
                  00000720    0000002a     driverlib.lib : gpio.obj (.text:GPIODirModeSet)
                  0000074a    0000001c     rtsv7M4_T_le_v4SPD16_eabi.lib : copy_zero_init.c.obj (.text:decompress:ZI:__TI_zero_init_nomemset:__TI_zero_init_nomemset)
                  00000766    00000018     driverlib.lib : gpio.obj (.text:GPIOPinTypeGPIOOutput)
                  0000077e    00000012                   : timer.obj (.text:TimerLoadSet)
                  00000790    0000000e                   : timer.obj (.text:TimerEnable)
                  0000079e    0000000c     tm4c123gh6pm_startup_ccs.obj (.text)
                  000007aa    00000006     driverlib.lib : sysctl.obj (.text:SysCtlDelay)
                  000007b0    00000004     rtsv7M4_T_le_v4SPD16_eabi.lib : pre_init.c.obj (.text:_system_pre_init)
                  000007b4    00000004                                   : exit.c.obj (.text:abort:abort)

.const     0    000007b8    0000006c     
                  000007b8    0000006c     driverlib.lib : sysctl.obj (.const:g_pui32Xtals)

.cinit     0    00000828    00000014     
                  00000828    00000008     (.cinit..bss.load) [load image, compression = zero_init]
                  00000830    00000004     (__TI_handler_table)
                  00000834    00000008     (__TI_cinit_table)

.init_array 
*          0    00000000    00000000     UNINITIALIZED

.bss       0    20000200    00000004     UNINITIALIZED
                  20000200    00000004     (.common:ui32Period)

.stack     0    20000000    00000200     UNINITIALIZED
                  20000000    00000004     rtsv7M4_T_le_v4SPD16_eabi.lib : boot_cortex_m.c.obj (.stack)
                  20000004    000001fc     --HOLE--

__llvm_prf_cnts 
*          0    20000000    00000000     UNINITIALIZED

MODULE SUMMARY

       Module                         code   ro data   rw data
       ------                         ----   -------   -------
    .\
       tm4c123gh6pm_startup_ccs.obj   12     620       0      
       main.obj                       112    0         4      
    +--+------------------------------+------+---------+---------+
       Total:                         124    620       4      
                                                              
    C:/ti/TivaWare_C_Series-2.1.4.178/driverlib/ccs/Debug/driverlib.lib
       sysctl.obj                     574    108       0      
       gpio.obj                       372    0         0      
       timer.obj                      128    0         0      
    +--+------------------------------+------+---------+---------+
       Total:                         1074   108       0      
                                                              
    C:\ti\ccs1031\ccs\tools\compiler\ti-cgt-arm_20.2.5.LTS\lib\rtsv7M4_T_le_v4SPD16_eabi.lib
       autoinit.c.obj                 68     0         0      
       boot_cortex_m.c.obj            52     0         0      
       copy_zero_init.c.obj           28     0         0      
       exit.c.obj                     4      0         0      
       pre_init.c.obj                 4      0         0      
    +--+------------------------------+------+---------+---------+
       Total:                         156    0         0      
                                                              
       Stack:                         0      0         512    
       Linker Generated:              0      20        0      
    +--+------------------------------+------+---------+---------+
       Grand Total:                   1354   748       516    


LINKER GENERATED COPY TABLES

__TI_cinit_table @ 00000834 records: 1, size/record: 8, table size: 8
	.bss: load addr=00000828, load size=00000008 bytes, run addr=20000200, run size=00000004 bytes, compression=zero_init


LINKER GENERATED HANDLER TABLE

__TI_handler_table @ 00000830 records: 1, size/record: 4, table size: 4
	index: 0, handler: __TI_zero_init


GLOBAL SYMBOLS: SORTED ALPHABETICALLY BY Name 

address   name                          
-------   ----                          
000007b5  C$$EXIT                       
00000721  GPIODirModeSet                
0000026d  GPIOPadConfigSet              
00000767  GPIOPinTypeGPIOOutput         
0000079f  ResetISR                      
000003a1  SysCtlClockGet                
000004b1  SysCtlClockSet                
000007ab  SysCtlDelay                   
000006b9  SysCtlPeripheralEnable        
00000615  TimerConfigure                
00000791  TimerEnable                   
0000077f  TimerLoadSet                  
20000200  __STACK_END                   
00000200  __STACK_SIZE                  
20000200  __STACK_TOP                   
00000834  __TI_CINIT_Base               
0000083c  __TI_CINIT_Limit              
00000830  __TI_Handler_Table_Base       
00000834  __TI_Handler_Table_Limit      
00000675  __TI_auto_init_nobinit_nopinit
ffffffff  __TI_pprof_out_hndl           
ffffffff  __TI_prof_data_size           
ffffffff  __TI_prof_data_start          
00000000  __TI_static_base__            
0000074b  __TI_zero_init_nomemset       
ffffffff  __binit__                     
ffffffff  __c_args__                    
UNDEFED   __mpu_init                    
20000000  __stack                       
20000000  __start___llvm_prf_cnts       
20000000  __stop___llvm_prf_cnts        
000006ed  _c_int00_noargs               
UNDEFED   _system_post_cinit            
000007b1  _system_pre_init              
000007b5  abort                         
ffffffff  binit                         
00000000  g_pfnVectors                  
000005a5  main                          
20000200  ui32Period                    


GLOBAL SYMBOLS: SORTED BY Symbol Address 

address   name                          
-------   ----                          
00000000  __TI_static_base__            
00000000  g_pfnVectors                  
00000200  __STACK_SIZE                  
0000026d  GPIOPadConfigSet              
000003a1  SysCtlClockGet                
000004b1  SysCtlClockSet                
000005a5  main                          
00000615  TimerConfigure                
00000675  __TI_auto_init_nobinit_nopinit
000006b9  SysCtlPeripheralEnable        
000006ed  _c_int00_noargs               
00000721  GPIODirModeSet                
0000074b  __TI_zero_init_nomemset       
00000767  GPIOPinTypeGPIOOutput         
0000077f  TimerLoadSet                  
00000791  TimerEnable                   
0000079f  ResetISR                      
000007ab  SysCtlDelay                   
000007b1  _system_pre_init              
000007b5  C$$EXIT                       
000007b5  abort                         
00000830  __TI_Handler_Table_Base       
00000834  __TI_CINIT_Base               
00000834  __TI_Handler_Table_Limit      
0000083c  __TI_CINIT_Limit              
20000000  __stack                       
20000000  __start___llvm_prf_cnts       
20000000  __stop___llvm_prf_cnts        
20000200  __STACK_END                   
20000200  __STACK_TOP                   
20000200  ui32Period                    
ffffffff  __TI_pprof_out_hndl           
ffffffff  __TI_prof_data_size           
ffffffff  __TI_prof_data_start          
ffffffff  __binit__                     
ffffffff  __c_args__                    
ffffffff  binit                         
UNDEFED   __mpu_init                    
UNDEFED   _system_post_cinit            

[39 symbols]
