******************************************************************************
                  TI ARM Linker PC v20.2.5                     
******************************************************************************
>> Linked Sat May 15 12:48:04 2021

OUTPUT FILE NAME:   <lab7.out>
ENTRY POINT SYMBOL: "_c_int00_noargs"  address: 000009c1


MEMORY CONFIGURATION

         name            origin    length      used     unused   attr    fill
----------------------  --------  ---------  --------  --------  ----  --------
  FLASH                 00000000   00040000  00000e48  0003f1b8  R  X
  SRAM                  20000000   00008000  00000474  00007b8c  RW X


SEGMENT ALLOCATION MAP

run origin  load origin   length   init length attrs members
----------  ----------- ---------- ----------- ----- -------
00000000    00000000    00000e4c   00000e4c    r-x
  00000000    00000000    0000026c   0000026c    r-- .intvecs
  0000026c    0000026c    00000910   00000910    r-x .text
  00000b7c    00000b7c    000002a8   000002a8    r-- .const
  00000e28    00000e28    00000024   00000024    r-- .cinit
20000000    20000000    00000478   00000000    rw-
  20000000    20000000    0000026c   00000000    rw- .vtable
  20000270    20000270    00000200   00000000    rw- .stack
  20000470    20000470    00000008   00000000    rw- .bss


SECTION ALLOCATION MAP

 output                                  attributes/
section   page    origin      length       input sections
--------  ----  ----------  ----------   ----------------
.intvecs   0    00000000    0000026c     
                  00000000    0000026c     tm4c123gh6pm_startup_ccs.obj (.intvecs)

.text      0    0000026c    00000910     
                  0000026c    00000194     main.obj (.text)
                  00000400    00000132     driverlib.lib : gpio.obj (.text:GPIOPadConfigSet)
                  00000532    00000002     --HOLE-- [fill = 0]
                  00000534    00000110                   : sysctl.obj (.text:SysCtlClockGet)
                  00000644    000000f4                   : sysctl.obj (.text:SysCtlClockSet)
                  00000738    00000068                   : interrupt.obj (.text:IntEnable)
                  000007a0    00000060                   : timer.obj (.text:TimerConfigure)
                  00000800    0000004c                   : timer.obj (.text:_TimerIntNumberGet)
                  0000084c    00000048                   : gpio.obj (.text:GPIOPinConfigure)
                  00000894    00000046                   : uart.obj (.text:UARTConfigSetExpClk)
                  000008da    00000002     --HOLE-- [fill = 0]
                  000008dc    00000044     rtsv7M4_T_le_v4SPD16_eabi.lib : autoinit.c.obj (.text:__TI_auto_init_nobinit_nopinit:__TI_auto_init_nobinit_nopinit)
                  00000920    00000038     driverlib.lib : sysctl.obj (.text:SysCtlPeripheralReady)
                  00000958    00000034                   : interrupt.obj (.text:IntRegister)
                  0000098c    00000034                   : sysctl.obj (.text:SysCtlPeripheralEnable)
                  000009c0    00000034     rtsv7M4_T_le_v4SPD16_eabi.lib : boot_cortex_m.c.obj (.text:_c_int00_noargs:_c_int00_noargs)
                  000009f4    0000002a     driverlib.lib : gpio.obj (.text:GPIODirModeSet)
                  00000a1e    00000002     --HOLE-- [fill = 0]
                  00000a20    00000024                   : interrupt.obj (.text:IntPrioritySet)
                  00000a44    00000020                   : uart.obj (.text:UARTDisable)
                  00000a64    0000001c     rtsv7M4_T_le_v4SPD16_eabi.lib : copy_zero_init.c.obj (.text:decompress:ZI:__TI_zero_init_nomemset:__TI_zero_init_nomemset)
                  00000a80    00000018     driverlib.lib : gpio.obj (.text:GPIOPinTypeGPIOOutput)
                  00000a98    00000018                   : timer.obj (.text:TimerDisable)
                  00000ab0    00000018                   : timer.obj (.text:TimerIntRegister)
                  00000ac8    00000014                   : uart.obj (.text:UARTEnable)
                  00000adc    00000012                   : gpio.obj (.text:GPIOPinTypeUART)
                  00000aee    00000012                   : timer.obj (.text:TimerLoadSet)
                  00000b00    00000010                   : interrupt.obj (.text:IntMasterEnable)
                  00000b10    0000000e                   : timer.obj (.text:TimerEnable)
                  00000b1e    0000000c                   : cpu.obj (.text:CPUcpsie)
                  00000b2a    0000000c     tm4c123gh6pm_startup_ccs.obj (.text)
                  00000b36    0000000a     driverlib.lib : uart.obj (.text:UARTFIFOEnable)
                  00000b40    0000000a                   : uart.obj (.text:UARTIntStatus)
                  00000b4a    00000008                   : timer.obj (.text:TimerIntEnable)
                  00000b52    00000008                   : uart.obj (.text:UARTIntEnable)
                  00000b5a    00000006                   : gpio.obj (.text:GPIOPinWrite)
                  00000b60    00000006                   : sysctl.obj (.text:SysCtlDelay)
                  00000b66    00000006                   : uart.obj (.text:UARTFIFOLevelSet)
                  00000b6c    00000004                   : timer.obj (.text:TimerIntClear)
                  00000b70    00000004                   : uart.obj (.text:UARTIntClear)
                  00000b74    00000004     rtsv7M4_T_le_v4SPD16_eabi.lib : pre_init.c.obj (.text:_system_pre_init)
                  00000b78    00000004                                   : exit.c.obj (.text:abort:abort)

.const     0    00000b7c    000002a8     
                  00000b7c    0000009c     driverlib.lib : interrupt.obj (.const:g_pui32Regs)
                  00000c18    00000090                   : gpio.obj (.const:g_pui32GPIOBaseAddrs)
                  00000ca8    00000070                   : interrupt.obj (.const)
                  00000d18    0000006c                   : sysctl.obj (.const:g_pui32Xtals)
                  00000d84    00000060                   : timer.obj (.const:g_ppui32TimerIntMap)
                  00000de4    00000040                   : timer.obj (.const:g_ppui32TimerIntMapSnowflake)

.cinit     0    00000e28    00000024     
                  00000e28    00000008     (.cinit..bss.load) [load image, compression = zero_init]
                  00000e30    00000008     (.cinit..vtable.load) [load image, compression = zero_init]
                  00000e38    00000004     (__TI_handler_table)
                  00000e3c    00000010     (__TI_cinit_table)

.init_array 
*          0    00000000    00000000     UNINITIALIZED

.vtable    0    20000000    0000026c     UNINITIALIZED
                  20000000    0000026c     driverlib.lib : interrupt.obj (.vtable)

.bss       0    20000470    00000008     UNINITIALIZED
                  20000470    00000004     (.common:ui32Period)
                  20000474    00000004     (.common:ui32Status)

.stack     0    20000270    00000200     UNINITIALIZED
                  20000270    00000004     rtsv7M4_T_le_v4SPD16_eabi.lib : boot_cortex_m.c.obj (.stack)
                  20000274    000001fc     --HOLE--

__llvm_prf_cnts 
*          0    20000000    00000000     UNINITIALIZED

MODULE SUMMARY

       Module                         code   ro data   rw data
       ------                         ----   -------   -------
    .\
       tm4c123gh6pm_startup_ccs.obj   12     620       0      
       main.obj                       404    0         8      
    +--+------------------------------+------+---------+---------+
       Total:                         416    620       8      
                                                              
    C:/ti/TivaWare_C_Series-2.1.4.178/driverlib/ccs/Debug/driverlib.lib
       interrupt.obj                  208    268       620    
       sysctl.obj                     630    108       0      
       gpio.obj                       468    144       0      
       timer.obj                      264    160       0      
       uart.obj                       160    0         0      
       cpu.obj                        12     0         0      
    +--+------------------------------+------+---------+---------+
       Total:                         1742   680       620    
                                                              
    C:\ti\ccs1031\ccs\tools\compiler\ti-cgt-arm_20.2.5.LTS\lib\rtsv7M4_T_le_v4SPD16_eabi.lib
       autoinit.c.obj                 68     0         0      
       boot_cortex_m.c.obj            52     0         0      
       copy_zero_init.c.obj           28     0         0      
       exit.c.obj                     4      0         0      
       pre_init.c.obj                 4      0         0      
    +--+------------------------------+------+---------+---------+
       Total:                         156    0         0      
                                                              
       Stack:                         0      0         512    
       Linker Generated:              0      36        0      
    +--+------------------------------+------+---------+---------+
       Grand Total:                   2314   1336      1140   


LINKER GENERATED COPY TABLES

__TI_cinit_table @ 00000e3c records: 2, size/record: 8, table size: 16
	.bss: load addr=00000e28, load size=00000008 bytes, run addr=20000470, run size=00000008 bytes, compression=zero_init
	.vtable: load addr=00000e30, load size=00000008 bytes, run addr=20000000, run size=0000026c bytes, compression=zero_init


LINKER GENERATED HANDLER TABLE

__TI_handler_table @ 00000e38 records: 1, size/record: 4, table size: 4
	index: 0, handler: __TI_zero_init


GLOBAL SYMBOLS: SORTED ALPHABETICALLY BY Name 

address   name                          
-------   ----                          
00000b79  C$$EXIT                       
00000b1f  CPUcpsie                      
000009f5  GPIODirModeSet                
00000401  GPIOPadConfigSet              
0000084d  GPIOPinConfigure              
00000a81  GPIOPinTypeGPIOOutput         
00000add  GPIOPinTypeUART               
00000b5b  GPIOPinWrite                  
00000739  IntEnable                     
00000b01  IntMasterEnable               
00000a21  IntPrioritySet                
00000959  IntRegister                   
00000b2b  ResetISR                      
00000535  SysCtlClockGet                
00000645  SysCtlClockSet                
00000b61  SysCtlDelay                   
0000098d  SysCtlPeripheralEnable        
00000921  SysCtlPeripheralReady         
000003a7  Timer0IntHandler              
000007a1  TimerConfigure                
00000a99  TimerDisable                  
00000b11  TimerEnable                   
00000b6d  TimerIntClear                 
00000b4b  TimerIntEnable                
00000ab1  TimerIntRegister              
00000aef  TimerLoadSet                  
00000895  UARTConfigSetExpClk           
00000a45  UARTDisable                   
00000ac9  UARTEnable                    
00000b37  UARTFIFOEnable                
00000b67  UARTFIFOLevelSet              
00000b71  UARTIntClear                  
00000b53  UARTIntEnable                 
000003b3  UARTIntHandler                
00000b41  UARTIntStatus                 
20000470  __STACK_END                   
00000200  __STACK_SIZE                  
20000470  __STACK_TOP                   
00000e3c  __TI_CINIT_Base               
00000e4c  __TI_CINIT_Limit              
00000e38  __TI_Handler_Table_Base       
00000e3c  __TI_Handler_Table_Limit      
000008dd  __TI_auto_init_nobinit_nopinit
ffffffff  __TI_pprof_out_hndl           
ffffffff  __TI_prof_data_size           
ffffffff  __TI_prof_data_start          
00000000  __TI_static_base__            
00000a65  __TI_zero_init_nomemset       
ffffffff  __binit__                     
ffffffff  __c_args__                    
UNDEFED   __mpu_init                    
20000270  __stack                       
20000000  __start___llvm_prf_cnts       
20000000  __stop___llvm_prf_cnts        
000009c1  _c_int00_noargs               
UNDEFED   _system_post_cinit            
00000b75  _system_pre_init              
00000b79  abort                         
ffffffff  binit                         
20000000  g_pfnRAMVectors               
00000000  g_pfnVectors                  
0000026d  main                          
20000470  ui32Period                    
20000474  ui32Status                    


GLOBAL SYMBOLS: SORTED BY Symbol Address 

address   name                          
-------   ----                          
00000000  __TI_static_base__            
00000000  g_pfnVectors                  
00000200  __STACK_SIZE                  
0000026d  main                          
000003a7  Timer0IntHandler              
000003b3  UARTIntHandler                
00000401  GPIOPadConfigSet              
00000535  SysCtlClockGet                
00000645  SysCtlClockSet                
00000739  IntEnable                     
000007a1  TimerConfigure                
0000084d  GPIOPinConfigure              
00000895  UARTConfigSetExpClk           
000008dd  __TI_auto_init_nobinit_nopinit
00000921  SysCtlPeripheralReady         
00000959  IntRegister                   
0000098d  SysCtlPeripheralEnable        
000009c1  _c_int00_noargs               
000009f5  GPIODirModeSet                
00000a21  IntPrioritySet                
00000a45  UARTDisable                   
00000a65  __TI_zero_init_nomemset       
00000a81  GPIOPinTypeGPIOOutput         
00000a99  TimerDisable                  
00000ab1  TimerIntRegister              
00000ac9  UARTEnable                    
00000add  GPIOPinTypeUART               
00000aef  TimerLoadSet                  
00000b01  IntMasterEnable               
00000b11  TimerEnable                   
00000b1f  CPUcpsie                      
00000b2b  ResetISR                      
00000b37  UARTFIFOEnable                
00000b41  UARTIntStatus                 
00000b4b  TimerIntEnable                
00000b53  UARTIntEnable                 
00000b5b  GPIOPinWrite                  
00000b61  SysCtlDelay                   
00000b67  UARTFIFOLevelSet              
00000b6d  TimerIntClear                 
00000b71  UARTIntClear                  
00000b75  _system_pre_init              
00000b79  C$$EXIT                       
00000b79  abort                         
00000e38  __TI_Handler_Table_Base       
00000e3c  __TI_CINIT_Base               
00000e3c  __TI_Handler_Table_Limit      
00000e4c  __TI_CINIT_Limit              
20000000  __start___llvm_prf_cnts       
20000000  __stop___llvm_prf_cnts        
20000000  g_pfnRAMVectors               
20000270  __stack                       
20000470  __STACK_END                   
20000470  __STACK_TOP                   
20000470  ui32Period                    
20000474  ui32Status                    
ffffffff  __TI_pprof_out_hndl           
ffffffff  __TI_prof_data_size           
ffffffff  __TI_prof_data_start          
ffffffff  __binit__                     
ffffffff  __c_args__                    
ffffffff  binit                         
UNDEFED   __mpu_init                    
UNDEFED   _system_post_cinit            

[64 symbols]
