******************************************************************************
                  TI ARM Linker PC v20.2.5                     
******************************************************************************
>> Linked Sat May 15 12:18:20 2021

OUTPUT FILE NAME:   <lab7.out>
ENTRY POINT SYMBOL: "_c_int00_noargs"  address: 00000871


MEMORY CONFIGURATION

         name            origin    length      used     unused   attr    fill
----------------------  --------  ---------  --------  --------  ----  --------
  FLASH                 00000000   00040000  00000b1c  0003f4e4  R  X
  SRAM                  20000000   00008000  00000470  00007b90  RW X


SEGMENT ALLOCATION MAP

run origin  load origin   length   init length attrs members
----------  ----------- ---------- ----------- ----- -------
00000000    00000000    00000b1c   00000b1c    r-x
  00000000    00000000    0000026c   0000026c    r-- .intvecs
  0000026c    0000026c    00000710   00000710    r-x .text
  0000097c    0000097c    0000017c   0000017c    r-- .const
  00000af8    00000af8    00000024   00000024    r-- .cinit
20000000    20000000    00000470   00000000    rw-
  20000000    20000000    0000026c   00000000    rw- .vtable
  2000026c    2000026c    00000004   00000000    rw- .bss
  20000270    20000270    00000200   00000000    rw- .stack


SECTION ALLOCATION MAP

 output                                  attributes/
section   page    origin      length       input sections
--------  ----  ----------  ----------   ----------------
.intvecs   0    00000000    0000026c     
                  00000000    0000026c     tm4c123gh6pm_startup_ccs.obj (.intvecs)

.text      0    0000026c    00000710     
                  0000026c    00000132     driverlib.lib : gpio.obj (.text:GPIOPadConfigSet)
                  0000039e    00000002     --HOLE-- [fill = 0]
                  000003a0    00000110                   : sysctl.obj (.text:SysCtlClockGet)
                  000004b0    000000f4                   : sysctl.obj (.text:SysCtlClockSet)
                  000005a4    000000d4     main.obj (.text)
                  00000678    00000068     driverlib.lib : interrupt.obj (.text:IntEnable)
                  000006e0    00000060                   : timer.obj (.text:TimerConfigure)
                  00000740    0000004c                   : timer.obj (.text:_TimerIntNumberGet)
                  0000078c    00000044     rtsv7M4_T_le_v4SPD16_eabi.lib : autoinit.c.obj (.text:__TI_auto_init_nobinit_nopinit:__TI_auto_init_nobinit_nopinit)
                  000007d0    00000038     driverlib.lib : sysctl.obj (.text:SysCtlPeripheralReady)
                  00000808    00000034                   : interrupt.obj (.text:IntRegister)
                  0000083c    00000034                   : sysctl.obj (.text:SysCtlPeripheralEnable)
                  00000870    00000034     rtsv7M4_T_le_v4SPD16_eabi.lib : boot_cortex_m.c.obj (.text:_c_int00_noargs:_c_int00_noargs)
                  000008a4    0000002a     driverlib.lib : gpio.obj (.text:GPIODirModeSet)
                  000008ce    0000001c     rtsv7M4_T_le_v4SPD16_eabi.lib : copy_zero_init.c.obj (.text:decompress:ZI:__TI_zero_init_nomemset:__TI_zero_init_nomemset)
                  000008ea    00000018     driverlib.lib : gpio.obj (.text:GPIOPinTypeGPIOOutput)
                  00000902    00000002     --HOLE-- [fill = 0]
                  00000904    00000018                   : timer.obj (.text:TimerDisable)
                  0000091c    00000018                   : timer.obj (.text:TimerIntRegister)
                  00000934    00000012                   : timer.obj (.text:TimerLoadSet)
                  00000946    0000000e                   : timer.obj (.text:TimerEnable)
                  00000954    0000000c     tm4c123gh6pm_startup_ccs.obj (.text)
                  00000960    00000008     driverlib.lib : timer.obj (.text:TimerIntEnable)
                  00000968    00000006                   : gpio.obj (.text:GPIOPinWrite)
                  0000096e    00000006                   : sysctl.obj (.text:SysCtlDelay)
                  00000974    00000004     rtsv7M4_T_le_v4SPD16_eabi.lib : pre_init.c.obj (.text:_system_pre_init)
                  00000978    00000004                                   : exit.c.obj (.text:abort:abort)

.const     0    0000097c    0000017c     
                  0000097c    00000070     driverlib.lib : interrupt.obj (.const)
                  000009ec    0000006c                   : sysctl.obj (.const:g_pui32Xtals)
                  00000a58    00000060                   : timer.obj (.const:g_ppui32TimerIntMap)
                  00000ab8    00000040                   : timer.obj (.const:g_ppui32TimerIntMapSnowflake)

.cinit     0    00000af8    00000024     
                  00000af8    00000008     (.cinit..bss.load) [load image, compression = zero_init]
                  00000b00    00000008     (.cinit..vtable.load) [load image, compression = zero_init]
                  00000b08    00000004     (__TI_handler_table)
                  00000b0c    00000010     (__TI_cinit_table)

.init_array 
*          0    00000000    00000000     UNINITIALIZED

.vtable    0    20000000    0000026c     UNINITIALIZED
                  20000000    0000026c     driverlib.lib : interrupt.obj (.vtable)

.bss       0    2000026c    00000004     UNINITIALIZED
                  2000026c    00000004     (.common:ui32Period)

.stack     0    20000270    00000200     UNINITIALIZED
                  20000270    00000004     rtsv7M4_T_le_v4SPD16_eabi.lib : boot_cortex_m.c.obj (.stack)
                  20000274    000001fc     --HOLE--

__llvm_prf_cnts 
*          0    20000000    00000000     UNINITIALIZED

MODULE SUMMARY

       Module                         code   ro data   rw data
       ------                         ----   -------   -------
    .\
       tm4c123gh6pm_startup_ccs.obj   12     620       0      
       main.obj                       212    0         4      
    +--+------------------------------+------+---------+---------+
       Total:                         224    620       4      
                                                              
    C:/ti/TivaWare_C_Series-2.1.4.178/driverlib/ccs/Debug/driverlib.lib
       interrupt.obj                  156    112       620    
       sysctl.obj                     630    108       0      
       timer.obj                      260    160       0      
       gpio.obj                       378    0         0      
    +--+------------------------------+------+---------+---------+
       Total:                         1424   380       620    
                                                              
    C:\ti\ccs1031\ccs\tools\compiler\ti-cgt-arm_20.2.5.LTS\lib\rtsv7M4_T_le_v4SPD16_eabi.lib
       autoinit.c.obj                 68     0         0      
       boot_cortex_m.c.obj            52     0         0      
       copy_zero_init.c.obj           28     0         0      
       exit.c.obj                     4      0         0      
       pre_init.c.obj                 4      0         0      
    +--+------------------------------+------+---------+---------+
       Total:                         156    0         0      
                                                              
       Stack:                         0      0         512    
       Linker Generated:              0      36        0      
    +--+------------------------------+------+---------+---------+
       Grand Total:                   1804   1036      1136   


LINKER GENERATED COPY TABLES

__TI_cinit_table @ 00000b0c records: 2, size/record: 8, table size: 16
	.bss: load addr=00000af8, load size=00000008 bytes, run addr=2000026c, run size=00000004 bytes, compression=zero_init
	.vtable: load addr=00000b00, load size=00000008 bytes, run addr=20000000, run size=0000026c bytes, compression=zero_init


LINKER GENERATED HANDLER TABLE

__TI_handler_table @ 00000b08 records: 1, size/record: 4, table size: 4
	index: 0, handler: __TI_zero_init


GLOBAL SYMBOLS: SORTED ALPHABETICALLY BY Name 

address   name                          
-------   ----                          
00000979  C$$EXIT                       
000008a5  GPIODirModeSet                
0000026d  GPIOPadConfigSet              
000008eb  GPIOPinTypeGPIOOutput         
00000969  GPIOPinWrite                  
00000679  IntEnable                     
00000809  IntRegister                   
00000955  ResetISR                      
000003a1  SysCtlClockGet                
000004b1  SysCtlClockSet                
0000096f  SysCtlDelay                   
0000083d  SysCtlPeripheralEnable        
000007d1  SysCtlPeripheralReady         
00000657  Timer0IntHandler              
000006e1  TimerConfigure                
00000905  TimerDisable                  
00000947  TimerEnable                   
00000961  TimerIntEnable                
0000091d  TimerIntRegister              
00000935  TimerLoadSet                  
20000470  __STACK_END                   
00000200  __STACK_SIZE                  
20000470  __STACK_TOP                   
00000b0c  __TI_CINIT_Base               
00000b1c  __TI_CINIT_Limit              
00000b08  __TI_Handler_Table_Base       
00000b0c  __TI_Handler_Table_Limit      
0000078d  __TI_auto_init_nobinit_nopinit
ffffffff  __TI_pprof_out_hndl           
ffffffff  __TI_prof_data_size           
ffffffff  __TI_prof_data_start          
00000000  __TI_static_base__            
000008cf  __TI_zero_init_nomemset       
ffffffff  __binit__                     
ffffffff  __c_args__                    
UNDEFED   __mpu_init                    
20000270  __stack                       
20000000  __start___llvm_prf_cnts       
20000000  __stop___llvm_prf_cnts        
00000871  _c_int00_noargs               
UNDEFED   _system_post_cinit            
00000975  _system_pre_init              
00000979  abort                         
ffffffff  binit                         
20000000  g_pfnRAMVectors               
00000000  g_pfnVectors                  
000005a5  main                          
2000026c  ui32Period                    


GLOBAL SYMBOLS: SORTED BY Symbol Address 

address   name                          
-------   ----                          
00000000  __TI_static_base__            
00000000  g_pfnVectors                  
00000200  __STACK_SIZE                  
0000026d  GPIOPadConfigSet              
000003a1  SysCtlClockGet                
000004b1  SysCtlClockSet                
000005a5  main                          
00000657  Timer0IntHandler              
00000679  IntEnable                     
000006e1  TimerConfigure                
0000078d  __TI_auto_init_nobinit_nopinit
000007d1  SysCtlPeripheralReady         
00000809  IntRegister                   
0000083d  SysCtlPeripheralEnable        
00000871  _c_int00_noargs               
000008a5  GPIODirModeSet                
000008cf  __TI_zero_init_nomemset       
000008eb  GPIOPinTypeGPIOOutput         
00000905  TimerDisable                  
0000091d  TimerIntRegister              
00000935  TimerLoadSet                  
00000947  TimerEnable                   
00000955  ResetISR                      
00000961  TimerIntEnable                
00000969  GPIOPinWrite                  
0000096f  SysCtlDelay                   
00000975  _system_pre_init              
00000979  C$$EXIT                       
00000979  abort                         
00000b08  __TI_Handler_Table_Base       
00000b0c  __TI_CINIT_Base               
00000b0c  __TI_Handler_Table_Limit      
00000b1c  __TI_CINIT_Limit              
20000000  __start___llvm_prf_cnts       
20000000  __stop___llvm_prf_cnts        
20000000  g_pfnRAMVectors               
2000026c  ui32Period                    
20000270  __stack                       
20000470  __STACK_END                   
20000470  __STACK_TOP                   
ffffffff  __TI_pprof_out_hndl           
ffffffff  __TI_prof_data_size           
ffffffff  __TI_prof_data_start          
ffffffff  __binit__                     
ffffffff  __c_args__                    
ffffffff  binit                         
UNDEFED   __mpu_init                    
UNDEFED   _system_post_cinit            

[48 symbols]
