******************************************************************************
                  TI ARM Linker PC v20.2.5                     
******************************************************************************
>> Linked Sat May 15 13:35:19 2021

OUTPUT FILE NAME:   <lab7.out>
ENTRY POINT SYMBOL: "_c_int00_noargs"  address: 00000b3d


MEMORY CONFIGURATION

         name            origin    length      used     unused   attr    fill
----------------------  --------  ---------  --------  --------  ----  --------
  FLASH                 00000000   00040000  00000f4c  0003f0b4  R  X
  SRAM                  20000000   00008000  00000480  00007b80  RW X


SEGMENT ALLOCATION MAP

run origin  load origin   length   init length attrs members
----------  ----------- ---------- ----------- ----- -------
00000000    00000000    00000f50   00000f50    r-x
  00000000    00000000    0000026c   0000026c    r-- .intvecs
  0000026c    0000026c    00000a8c   00000a8c    r-x .text
  00000cf8    00000cf8    0000020c   0000020c    r-- .const
  00000f08    00000f08    00000048   00000048    r-- .cinit
20000000    20000000    00000484   00000000    rw-
  20000000    20000000    0000026c   00000000    rw- .vtable
  20000270    20000270    00000200   00000000    rw- .stack
  20000470    20000470    0000000c   00000000    rw- .data
  2000047c    2000047c    00000008   00000000    rw- .bss


SECTION ALLOCATION MAP

 output                                  attributes/
section   page    origin      length       input sections
--------  ----  ----------  ----------   ----------------
.intvecs   0    00000000    0000026c     
                  00000000    0000026c     tm4c123gh6pm_startup_ccs.obj (.intvecs)

.text      0    0000026c    00000a8c     
                  0000026c    0000020c     main.obj (.text)
                  00000478    00000132     driverlib.lib : gpio.obj (.text:GPIOPadConfigSet)
                  000005aa    00000002     --HOLE-- [fill = 0]
                  000005ac    00000110                   : sysctl.obj (.text:SysCtlClockGet)
                  000006bc    000000f4                   : sysctl.obj (.text:SysCtlClockSet)
                  000007b0    0000009c     rtsv7M4_T_le_v4SPD16_eabi.lib : memcpy_t2.asm.obj (.text)
                  0000084c    00000068     driverlib.lib : interrupt.obj (.text:IntEnable)
                  000008b4    00000068     rtsv7M4_T_le_v4SPD16_eabi.lib : copy_decompress_lzss.c.obj (.text:decompress:lzss:__TI_decompress_lzss)
                  0000091c    00000060     driverlib.lib : timer.obj (.text:TimerConfigure)
                  0000097c    0000004c                   : timer.obj (.text:_TimerIntNumberGet)
                  000009c8    00000048                   : gpio.obj (.text:GPIOPinConfigure)
                  00000a10    00000046                   : uart.obj (.text:UARTConfigSetExpClk)
                  00000a56    00000002     --HOLE-- [fill = 0]
                  00000a58    00000044     rtsv7M4_T_le_v4SPD16_eabi.lib : autoinit.c.obj (.text:__TI_auto_init_nobinit_nopinit:__TI_auto_init_nobinit_nopinit)
                  00000a9c    00000038     driverlib.lib : sysctl.obj (.text:SysCtlPeripheralReady)
                  00000ad4    00000034                   : interrupt.obj (.text:IntRegister)
                  00000b08    00000034                   : sysctl.obj (.text:SysCtlPeripheralEnable)
                  00000b3c    00000034     rtsv7M4_T_le_v4SPD16_eabi.lib : boot_cortex_m.c.obj (.text:_c_int00_noargs:_c_int00_noargs)
                  00000b70    0000002a     driverlib.lib : gpio.obj (.text:GPIODirModeSet)
                  00000b9a    00000002     --HOLE-- [fill = 0]
                  00000b9c    00000020                   : uart.obj (.text:UARTDisable)
                  00000bbc    0000001c     rtsv7M4_T_le_v4SPD16_eabi.lib : copy_zero_init.c.obj (.text:decompress:ZI:__TI_zero_init_nomemset:__TI_zero_init_nomemset)
                  00000bd8    00000018     driverlib.lib : gpio.obj (.text:GPIOPinTypeGPIOOutput)
                  00000bf0    00000018                   : timer.obj (.text:TimerDisable)
                  00000c08    00000018                   : timer.obj (.text:TimerIntRegister)
                  00000c20    00000014                   : uart.obj (.text:UARTEnable)
                  00000c34    00000012                   : gpio.obj (.text:GPIOPinTypeUART)
                  00000c46    00000012                   : timer.obj (.text:TimerLoadSet)
                  00000c58    00000010                   : interrupt.obj (.text:IntMasterEnable)
                  00000c68    0000000e                   : timer.obj (.text:TimerEnable)
                  00000c76    0000000e                   : uart.obj (.text:UARTCharPutNonBlocking)
                  00000c84    0000000e                   : uart.obj (.text:UARTCharsAvail)
                  00000c92    0000000e     rtsv7M4_T_le_v4SPD16_eabi.lib : copy_decompress_none.c.obj (.text:decompress:none:__TI_decompress_none)
                  00000ca0    0000000c     driverlib.lib : cpu.obj (.text:CPUcpsie)
                  00000cac    0000000c     tm4c123gh6pm_startup_ccs.obj (.text)
                  00000cb8    0000000a     driverlib.lib : uart.obj (.text:UARTCharGet)
                  00000cc2    0000000a                   : uart.obj (.text:UARTIntStatus)
                  00000ccc    00000008                   : timer.obj (.text:TimerIntEnable)
                  00000cd4    00000008                   : uart.obj (.text:UARTIntEnable)
                  00000cdc    00000006                   : gpio.obj (.text:GPIOPinWrite)
                  00000ce2    00000006                   : sysctl.obj (.text:SysCtlDelay)
                  00000ce8    00000004                   : timer.obj (.text:TimerIntClear)
                  00000cec    00000004                   : uart.obj (.text:UARTIntClear)
                  00000cf0    00000004     rtsv7M4_T_le_v4SPD16_eabi.lib : pre_init.c.obj (.text:_system_pre_init)
                  00000cf4    00000004                                   : exit.c.obj (.text:abort:abort)

.const     0    00000cf8    0000020c     
                  00000cf8    00000090     driverlib.lib : gpio.obj (.const:g_pui32GPIOBaseAddrs)
                  00000d88    00000070                   : interrupt.obj (.const)
                  00000df8    0000006c                   : sysctl.obj (.const:g_pui32Xtals)
                  00000e64    00000060                   : timer.obj (.const:g_ppui32TimerIntMap)
                  00000ec4    00000040                   : timer.obj (.const:g_ppui32TimerIntMapSnowflake)

.cinit     0    00000f08    00000048     
                  00000f08    00000010     (.cinit..data.load) [load image, compression = lzss]
                  00000f18    0000000c     (__TI_handler_table)
                  00000f24    00000004     --HOLE-- [fill = 0]
                  00000f28    00000008     (.cinit..bss.load) [load image, compression = zero_init]
                  00000f30    00000008     (.cinit..vtable.load) [load image, compression = zero_init]
                  00000f38    00000018     (__TI_cinit_table)

.init_array 
*          0    00000000    00000000     UNINITIALIZED

.vtable    0    20000000    0000026c     UNINITIALIZED
                  20000000    0000026c     driverlib.lib : interrupt.obj (.vtable)

.data      0    20000470    0000000c     UNINITIALIZED
                  20000470    0000000c     main.obj (.data)

.bss       0    2000047c    00000008     UNINITIALIZED
                  2000047c    00000004     (.common:ui32Period)
                  20000480    00000004     (.common:ui32Status)

.stack     0    20000270    00000200     UNINITIALIZED
                  20000270    00000004     rtsv7M4_T_le_v4SPD16_eabi.lib : boot_cortex_m.c.obj (.stack)
                  20000274    000001fc     --HOLE--

__llvm_prf_cnts 
*          0    20000000    00000000     UNINITIALIZED

MODULE SUMMARY

       Module                         code   ro data   rw data
       ------                         ----   -------   -------
    .\
       tm4c123gh6pm_startup_ccs.obj   12     620       0      
       main.obj                       524    0         20     
    +--+------------------------------+------+---------+---------+
       Total:                         536    620       20     
                                                              
    C:/ti/TivaWare_C_Series-2.1.4.178/driverlib/ccs/Debug/driverlib.lib
       interrupt.obj                  172    112       620    
       sysctl.obj                     630    108       0      
       gpio.obj                       468    144       0      
       timer.obj                      264    160       0      
       uart.obj                       182    0         0      
       cpu.obj                        12     0         0      
    +--+------------------------------+------+---------+---------+
       Total:                         1728   524       620    
                                                              
    C:\ti\ccs1031\ccs\tools\compiler\ti-cgt-arm_20.2.5.LTS\lib\rtsv7M4_T_le_v4SPD16_eabi.lib
       memcpy_t2.asm.obj              156    0         0      
       copy_decompress_lzss.c.obj     104    0         0      
       autoinit.c.obj                 68     0         0      
       boot_cortex_m.c.obj            52     0         0      
       copy_zero_init.c.obj           28     0         0      
       copy_decompress_none.c.obj     14     0         0      
       exit.c.obj                     4      0         0      
       pre_init.c.obj                 4      0         0      
    +--+------------------------------+------+---------+---------+
       Total:                         430    0         0      
                                                              
       Stack:                         0      0         512    
       Linker Generated:              0      68        0      
    +--+------------------------------+------+---------+---------+
       Grand Total:                   2694   1212      1152   


LINKER GENERATED COPY TABLES

__TI_cinit_table @ 00000f38 records: 3, size/record: 8, table size: 24
	.data: load addr=00000f08, load size=00000010 bytes, run addr=20000470, run size=0000000c bytes, compression=lzss
	.bss: load addr=00000f28, load size=00000008 bytes, run addr=2000047c, run size=00000008 bytes, compression=zero_init
	.vtable: load addr=00000f30, load size=00000008 bytes, run addr=20000000, run size=0000026c bytes, compression=zero_init


LINKER GENERATED HANDLER TABLE

__TI_handler_table @ 00000f18 records: 3, size/record: 4, table size: 12
	index: 0, handler: __TI_zero_init
	index: 1, handler: __TI_decompress_lzss
	index: 2, handler: __TI_decompress_none


GLOBAL SYMBOLS: SORTED ALPHABETICALLY BY Name 

address   name                          
-------   ----                          
00000cf5  C$$EXIT                       
00000ca1  CPUcpsie                      
00000b71  GPIODirModeSet                
00000479  GPIOPadConfigSet              
000009c9  GPIOPinConfigure              
00000bd9  GPIOPinTypeGPIOOutput         
00000c35  GPIOPinTypeUART               
00000cdd  GPIOPinWrite                  
0000084d  IntEnable                     
00000c59  IntMasterEnable               
00000ad5  IntRegister                   
00000cad  ResetISR                      
000005ad  SysCtlClockGet                
000006bd  SysCtlClockSet                
00000ce3  SysCtlDelay                   
00000b09  SysCtlPeripheralEnable        
00000a9d  SysCtlPeripheralReady         
00000367  Timer0IntHandler              
0000091d  TimerConfigure                
00000bf1  TimerDisable                  
00000c69  TimerEnable                   
00000ce9  TimerIntClear                 
00000ccd  TimerIntEnable                
00000c09  TimerIntRegister              
00000c47  TimerLoadSet                  
00000cb9  UARTCharGet                   
00000c77  UARTCharPutNonBlocking        
00000c85  UARTCharsAvail                
00000a11  UARTConfigSetExpClk           
00000b9d  UARTDisable                   
00000c21  UARTEnable                    
00000ced  UARTIntClear                  
00000cd5  UARTIntEnable                 
000003f5  UARTIntHandler                
00000cc3  UARTIntStatus                 
20000470  __STACK_END                   
00000200  __STACK_SIZE                  
20000470  __STACK_TOP                   
00000f38  __TI_CINIT_Base               
00000f50  __TI_CINIT_Limit              
00000f18  __TI_Handler_Table_Base       
00000f24  __TI_Handler_Table_Limit      
00000a59  __TI_auto_init_nobinit_nopinit
000008b5  __TI_decompress_lzss          
00000c93  __TI_decompress_none          
ffffffff  __TI_pprof_out_hndl           
ffffffff  __TI_prof_data_size           
ffffffff  __TI_prof_data_start          
00000000  __TI_static_base__            
00000bbd  __TI_zero_init_nomemset       
000007b1  __aeabi_memcpy                
000007b1  __aeabi_memcpy4               
000007b1  __aeabi_memcpy8               
ffffffff  __binit__                     
ffffffff  __c_args__                    
UNDEFED   __mpu_init                    
20000270  __stack                       
20000000  __start___llvm_prf_cnts       
20000000  __stop___llvm_prf_cnts        
00000b3d  _c_int00_noargs               
UNDEFED   _system_post_cinit            
00000cf1  _system_pre_init              
00000cf5  abort                         
ffffffff  binit                         
20000478  cambio                        
20000473  color                         
20000474  colorpre                      
20000472  flag_a                        
20000470  flag_r                        
20000471  flag_v                        
20000000  g_pfnRAMVectors               
00000000  g_pfnVectors                  
0000026d  main                          
000007b1  memcpy                        
2000047c  ui32Period                    
20000480  ui32Status                    


GLOBAL SYMBOLS: SORTED BY Symbol Address 

address   name                          
-------   ----                          
00000000  __TI_static_base__            
00000000  g_pfnVectors                  
00000200  __STACK_SIZE                  
0000026d  main                          
00000367  Timer0IntHandler              
000003f5  UARTIntHandler                
00000479  GPIOPadConfigSet              
000005ad  SysCtlClockGet                
000006bd  SysCtlClockSet                
000007b1  __aeabi_memcpy                
000007b1  __aeabi_memcpy4               
000007b1  __aeabi_memcpy8               
000007b1  memcpy                        
0000084d  IntEnable                     
000008b5  __TI_decompress_lzss          
0000091d  TimerConfigure                
000009c9  GPIOPinConfigure              
00000a11  UARTConfigSetExpClk           
00000a59  __TI_auto_init_nobinit_nopinit
00000a9d  SysCtlPeripheralReady         
00000ad5  IntRegister                   
00000b09  SysCtlPeripheralEnable        
00000b3d  _c_int00_noargs               
00000b71  GPIODirModeSet                
00000b9d  UARTDisable                   
00000bbd  __TI_zero_init_nomemset       
00000bd9  GPIOPinTypeGPIOOutput         
00000bf1  TimerDisable                  
00000c09  TimerIntRegister              
00000c21  UARTEnable                    
00000c35  GPIOPinTypeUART               
00000c47  TimerLoadSet                  
00000c59  IntMasterEnable               
00000c69  TimerEnable                   
00000c77  UARTCharPutNonBlocking        
00000c85  UARTCharsAvail                
00000c93  __TI_decompress_none          
00000ca1  CPUcpsie                      
00000cad  ResetISR                      
00000cb9  UARTCharGet                   
00000cc3  UARTIntStatus                 
00000ccd  TimerIntEnable                
00000cd5  UARTIntEnable                 
00000cdd  GPIOPinWrite                  
00000ce3  SysCtlDelay                   
00000ce9  TimerIntClear                 
00000ced  UARTIntClear                  
00000cf1  _system_pre_init              
00000cf5  C$$EXIT                       
00000cf5  abort                         
00000f18  __TI_Handler_Table_Base       
00000f24  __TI_Handler_Table_Limit      
00000f38  __TI_CINIT_Base               
00000f50  __TI_CINIT_Limit              
20000000  __start___llvm_prf_cnts       
20000000  __stop___llvm_prf_cnts        
20000000  g_pfnRAMVectors               
20000270  __stack                       
20000470  __STACK_END                   
20000470  __STACK_TOP                   
20000470  flag_r                        
20000471  flag_v                        
20000472  flag_a                        
20000473  color                         
20000474  colorpre                      
20000478  cambio                        
2000047c  ui32Period                    
20000480  ui32Status                    
ffffffff  __TI_pprof_out_hndl           
ffffffff  __TI_prof_data_size           
ffffffff  __TI_prof_data_start          
ffffffff  __binit__                     
ffffffff  __c_args__                    
ffffffff  binit                         
UNDEFED   __mpu_init                    
UNDEFED   _system_post_cinit            

[76 symbols]
