******************************************************************************
                  TI ARM Linker PC v20.2.5                     
******************************************************************************
>> Linked Sat May 15 11:58:12 2021

OUTPUT FILE NAME:   <lab7.out>
ENTRY POINT SYMBOL: "_c_int00_noargs"  address: 00000765


MEMORY CONFIGURATION

         name            origin    length      used     unused   attr    fill
----------------------  --------  ---------  --------  --------  ----  --------
  FLASH                 00000000   00040000  000008d0  0003f730  R  X
  SRAM                  20000000   00008000  00000204  00007dfc  RW X


SEGMENT ALLOCATION MAP

run origin  load origin   length   init length attrs members
----------  ----------- ---------- ----------- ----- -------
00000000    00000000    000008d4   000008d4    r-x
  00000000    00000000    0000026c   0000026c    r-- .intvecs
  0000026c    0000026c    000005e4   000005e4    r-x .text
  00000850    00000850    0000006c   0000006c    r-- .const
  000008c0    000008c0    00000014   00000014    r-- .cinit
20000000    20000000    00000204   00000000    rw-
  20000000    20000000    00000200   00000000    rw- .stack
  20000200    20000200    00000004   00000000    rw- .bss


SECTION ALLOCATION MAP

 output                                  attributes/
section   page    origin      length       input sections
--------  ----  ----------  ----------   ----------------
.intvecs   0    00000000    0000026c     
                  00000000    0000026c     tm4c123gh6pm_startup_ccs.obj (.intvecs)

.text      0    0000026c    000005e4     
                  0000026c    00000132     driverlib.lib : gpio.obj (.text:GPIOPadConfigSet)
                  0000039e    00000002     --HOLE-- [fill = 0]
                  000003a0    00000110                   : sysctl.obj (.text:SysCtlClockGet)
                  000004b0    000000f4                   : sysctl.obj (.text:SysCtlClockSet)
                  000005a4    000000b0     main.obj (.text)
                  00000654    00000060     driverlib.lib : timer.obj (.text:TimerConfigure)
                  000006b4    00000044     rtsv7M4_T_le_v4SPD16_eabi.lib : autoinit.c.obj (.text:__TI_auto_init_nobinit_nopinit:__TI_auto_init_nobinit_nopinit)
                  000006f8    00000038     driverlib.lib : sysctl.obj (.text:SysCtlPeripheralReady)
                  00000730    00000034                   : sysctl.obj (.text:SysCtlPeripheralEnable)
                  00000764    00000034     rtsv7M4_T_le_v4SPD16_eabi.lib : boot_cortex_m.c.obj (.text:_c_int00_noargs:_c_int00_noargs)
                  00000798    0000002a     driverlib.lib : gpio.obj (.text:GPIODirModeSet)
                  000007c2    0000001c     rtsv7M4_T_le_v4SPD16_eabi.lib : copy_zero_init.c.obj (.text:decompress:ZI:__TI_zero_init_nomemset:__TI_zero_init_nomemset)
                  000007de    00000018     driverlib.lib : gpio.obj (.text:GPIOPinTypeGPIOOutput)
                  000007f6    00000002     --HOLE-- [fill = 0]
                  000007f8    00000018                   : timer.obj (.text:TimerDisable)
                  00000810    00000012                   : timer.obj (.text:TimerLoadSet)
                  00000822    0000000e                   : timer.obj (.text:TimerEnable)
                  00000830    0000000c     tm4c123gh6pm_startup_ccs.obj (.text)
                  0000083c    00000006     driverlib.lib : gpio.obj (.text:GPIOPinWrite)
                  00000842    00000006                   : sysctl.obj (.text:SysCtlDelay)
                  00000848    00000004     rtsv7M4_T_le_v4SPD16_eabi.lib : pre_init.c.obj (.text:_system_pre_init)
                  0000084c    00000004                                   : exit.c.obj (.text:abort:abort)

.const     0    00000850    0000006c     
                  00000850    0000006c     driverlib.lib : sysctl.obj (.const:g_pui32Xtals)

.cinit     0    000008c0    00000014     
                  000008c0    00000008     (.cinit..bss.load) [load image, compression = zero_init]
                  000008c8    00000004     (__TI_handler_table)
                  000008cc    00000008     (__TI_cinit_table)

.init_array 
*          0    00000000    00000000     UNINITIALIZED

.bss       0    20000200    00000004     UNINITIALIZED
                  20000200    00000004     (.common:ui32Period)

.stack     0    20000000    00000200     UNINITIALIZED
                  20000000    00000004     rtsv7M4_T_le_v4SPD16_eabi.lib : boot_cortex_m.c.obj (.stack)
                  20000004    000001fc     --HOLE--

__llvm_prf_cnts 
*          0    20000000    00000000     UNINITIALIZED

MODULE SUMMARY

       Module                         code   ro data   rw data
       ------                         ----   -------   -------
    .\
       tm4c123gh6pm_startup_ccs.obj   12     620       0      
       main.obj                       176    0         4      
    +--+------------------------------+------+---------+---------+
       Total:                         188    620       4      
                                                              
    C:/ti/TivaWare_C_Series-2.1.4.178/driverlib/ccs/Debug/driverlib.lib
       sysctl.obj                     630    108       0      
       gpio.obj                       378    0         0      
       timer.obj                      152    0         0      
    +--+------------------------------+------+---------+---------+
       Total:                         1160   108       0      
                                                              
    C:\ti\ccs1031\ccs\tools\compiler\ti-cgt-arm_20.2.5.LTS\lib\rtsv7M4_T_le_v4SPD16_eabi.lib
       autoinit.c.obj                 68     0         0      
       boot_cortex_m.c.obj            52     0         0      
       copy_zero_init.c.obj           28     0         0      
       exit.c.obj                     4      0         0      
       pre_init.c.obj                 4      0         0      
    +--+------------------------------+------+---------+---------+
       Total:                         156    0         0      
                                                              
       Stack:                         0      0         512    
       Linker Generated:              0      20        0      
    +--+------------------------------+------+---------+---------+
       Grand Total:                   1504   748       516    


LINKER GENERATED COPY TABLES

__TI_cinit_table @ 000008cc records: 1, size/record: 8, table size: 8
	.bss: load addr=000008c0, load size=00000008 bytes, run addr=20000200, run size=00000004 bytes, compression=zero_init


LINKER GENERATED HANDLER TABLE

__TI_handler_table @ 000008c8 records: 1, size/record: 4, table size: 4
	index: 0, handler: __TI_zero_init


GLOBAL SYMBOLS: SORTED ALPHABETICALLY BY Name 

address   name                          
-------   ----                          
0000084d  C$$EXIT                       
00000799  GPIODirModeSet                
0000026d  GPIOPadConfigSet              
000007df  GPIOPinTypeGPIOOutput         
0000083d  GPIOPinWrite                  
00000831  ResetISR                      
000003a1  SysCtlClockGet                
000004b1  SysCtlClockSet                
00000843  SysCtlDelay                   
00000731  SysCtlPeripheralEnable        
000006f9  SysCtlPeripheralReady         
00000655  TimerConfigure                
000007f9  TimerDisable                  
00000823  TimerEnable                   
00000811  TimerLoadSet                  
20000200  __STACK_END                   
00000200  __STACK_SIZE                  
20000200  __STACK_TOP                   
000008cc  __TI_CINIT_Base               
000008d4  __TI_CINIT_Limit              
000008c8  __TI_Handler_Table_Base       
000008cc  __TI_Handler_Table_Limit      
000006b5  __TI_auto_init_nobinit_nopinit
ffffffff  __TI_pprof_out_hndl           
ffffffff  __TI_prof_data_size           
ffffffff  __TI_prof_data_start          
00000000  __TI_static_base__            
000007c3  __TI_zero_init_nomemset       
ffffffff  __binit__                     
ffffffff  __c_args__                    
UNDEFED   __mpu_init                    
20000000  __stack                       
20000000  __start___llvm_prf_cnts       
20000000  __stop___llvm_prf_cnts        
00000765  _c_int00_noargs               
UNDEFED   _system_post_cinit            
00000849  _system_pre_init              
0000084d  abort                         
ffffffff  binit                         
00000000  g_pfnVectors                  
000005a5  main                          
20000200  ui32Period                    


GLOBAL SYMBOLS: SORTED BY Symbol Address 

address   name                          
-------   ----                          
00000000  __TI_static_base__            
00000000  g_pfnVectors                  
00000200  __STACK_SIZE                  
0000026d  GPIOPadConfigSet              
000003a1  SysCtlClockGet                
000004b1  SysCtlClockSet                
000005a5  main                          
00000655  TimerConfigure                
000006b5  __TI_auto_init_nobinit_nopinit
000006f9  SysCtlPeripheralReady         
00000731  SysCtlPeripheralEnable        
00000765  _c_int00_noargs               
00000799  GPIODirModeSet                
000007c3  __TI_zero_init_nomemset       
000007df  GPIOPinTypeGPIOOutput         
000007f9  TimerDisable                  
00000811  TimerLoadSet                  
00000823  TimerEnable                   
00000831  ResetISR                      
0000083d  GPIOPinWrite                  
00000843  SysCtlDelay                   
00000849  _system_pre_init              
0000084d  C$$EXIT                       
0000084d  abort                         
000008c8  __TI_Handler_Table_Base       
000008cc  __TI_CINIT_Base               
000008cc  __TI_Handler_Table_Limit      
000008d4  __TI_CINIT_Limit              
20000000  __stack                       
20000000  __start___llvm_prf_cnts       
20000000  __stop___llvm_prf_cnts        
20000200  __STACK_END                   
20000200  __STACK_TOP                   
20000200  ui32Period                    
ffffffff  __TI_pprof_out_hndl           
ffffffff  __TI_prof_data_size           
ffffffff  __TI_prof_data_start          
ffffffff  __binit__                     
ffffffff  __c_args__                    
ffffffff  binit                         
UNDEFED   __mpu_init                    
UNDEFED   _system_post_cinit            

[42 symbols]
