Microchip MPLAB XC8 Compiler V2.31

Linker command line:

-W-3 --edf=D:\Microchip\xc8\v2.31\pic\dat\en_msgs.txt -cn \
  -h+dist/default/production\Lab_3.X.production.sym \
  --cmf=dist/default/production\Lab_3.X.production.cmf -z -Q16F887 \
  -oC:\Users\jrdia\AppData\Local\Temp\smlc.3 --defsym=__MPLAB_BUILD=1 \
  -Mdist/default/production/Lab_3.X.production.map -E1 -ver=XC8 Compiler \
  --acfsm=1493 -ASTACK=0110h-016Fh -pstack=STACK -ACODE=00h-07FFhx4 \
  -ASTRCODE=00h-01FFFh -ASTRING=00h-0FFhx32 -ACONST=00h-0FFhx32 \
  -AENTRY=00h-0FFhx32 -ACOMMON=070h-07Fh -ABANK0=020h-06Fh \
  -ABANK1=0A0h-0EFh -ABANK2=0110h-016Fh -ABANK3=0190h-01EFh \
  -ARAM=020h-06Fh,0A0h-0EFh,0110h-016Fh,0190h-01EFh \
  -AABS1=020h-07Fh,0A0h-0EFh,0110h-016Fh,0190h-01EFh -ASFR0=00h-01Fh \
  -ASFR1=080h-09Fh -ASFR2=0100h-010Fh -ASFR3=0180h-018Fh \
  -ACONFIG=02007h-02008h -DCONFIG=2 -AIDLOC=02000h-02003h -DIDLOC=2 \
  -AEEDATA=00h-0FFh/02100h -peeprom_data=EEDATA -DEEDATA=2 -DCODE=2 \
  -DSTRCODE=2 -DSTRING=2 -DCONST=2 -DENTRY=2 \
  -preset_vec=00h,intentry=04h,init,end_init -ppowerup=CODE -pcinit=CODE \
  -pfunctab=ENTRY -k C:\Users\jrdia\AppData\Local\Temp\smlc.o \
  dist/default/production\Lab_3.X.production.o 

Object code version is 3.11

Machine type is 16F887



                Name                               Link     Load   Length Selector   Space Scale
C:\Users\jrdia\AppData\Local\Temp\smlc.o
                end_init                              C        C        3        8       0
                reset_vec                             0        0        3        0       0
                config                             2007     2007        2        0       4
dist/default/production\Lab_3.X.production.o
                cinit                                 F        F        F        8       0
                intentry                              4        4        8        8       0
                text1_split_1                        1E       1E      682        8       0
                config                             2007     2007        2        0       4
                text40                             1002     1002        8     2004       0
                text39                             196D     196D       2D     32DA       0
                text38                              8D9      8D9        8     11B2       0
                text37                             1848     1848        E     3090       0
                text36                             1811     1811        6     3022       0
                text35                             1881     1881       23     3102       0
                text34                             1A60     1A60       4F     34C0       0
                text33                             18C9     18C9       26     3192       0
                text32                             1868     1868       19     30D0       0
                text31                             19D4     19D4       46     33A8       0
                text30                             182E     182E        D     305C       0
                text29                             1C89     1C89       9C     3912       0
                text28                             18EF     18EF       29     31DE       0
                text27                              93C      93C      361     1278       0
                text26                             1DC9     1DC9       BC     3B92       0
                text25                             100A     100A       57     2014       0
                text24                             180C     180C        5     3018       0
                text23                             1822     1822        C     3044       0
                text22                             1942     1942       2B     3284       0
                text21                             183B     183B        D     3076       0
                text20                             1918     1918       2A     3230       0
                text19                             1AAF     1AAF       50     355E       0
                text18                             1D25     1D25       A4     3A4A       0
                text17                             1817     1817        B     302E       0
                text16                             126E     126E      288     24DC       0
                text15                             1AFF     1AFF       50     35FE       0
                text14                             1C0D     1C0D       7C     381A       0
                text13                             1BA5     1BA5       68     374A       0
                text12                             1B4F     1B4F       56     369E       0
                text11                             18A4     18A4       25     3148       0
                text10                             1F42     1F42       BE     3E84       0
                text9                              1E85     1E85       BD     3D0A       0
                text8                              1A1A     1A1A       46     3434       0
                text7                              199A     199A       3A     3334       0
                text6                              1061     1061      20D     20C2       0
                text5                              1856     1856       12     30AC       0
                text4                               78F      78F       69        8       0
                text3                               8E1      8E1       5B     11C2       0
                text2                               C9D      C9D      363     193A       0
                text1                              14F6     14F6      30A     29EC       0
                maintext                            6A0      6A0       EF        8       0
                cstackBANK0                          20       20       4F       20       1
                cstackCOMMON                         70       70        9       70       1
                cstackBANK1                          A0       A0       33       A0       1
                clrtext                             7F8      7F8        8        8       0
                bssBANK1                             D3       D3       1D       A0       1
                bssCOMMON                            79       79        2       70       1
                strings                             800      800       D7     1000       0

TOTAL           Name                               Link     Load   Length     Space
        CLASS   STACK          

        CLASS   CODE           
                end_init                              C        C        3         0
                cinit                                 F        F        F         0
                intentry                              4        4        8         0
                reset_vec                             0        0        3         0
                text1_split_1                        1E       1E      682         0
                text40                             1002     1002        8         0
                text39                             196D     196D       2D         0
                text38                              8D9      8D9        8         0
                text37                             1848     1848        E         0
                text36                             1811     1811        6         0
                text35                             1881     1881       23         0
                text34                             1A60     1A60       4F         0
                text33                             18C9     18C9       26         0
                text32                             1868     1868       19         0
                text31                             19D4     19D4       46         0
                text30                             182E     182E        D         0
                text29                             1C89     1C89       9C         0
                text28                             18EF     18EF       29         0
                text27                              93C      93C      361         0
                text26                             1DC9     1DC9       BC         0
                text25                             100A     100A       57         0
                text24                             180C     180C        5         0
                text23                             1822     1822        C         0
                text22                             1942     1942       2B         0
                text21                             183B     183B        D         0
                text20                             1918     1918       2A         0
                text19                             1AAF     1AAF       50         0
                text18                             1D25     1D25       A4         0
                text17                             1817     1817        B         0
                text16                             126E     126E      288         0
                text15                             1AFF     1AFF       50         0
                text14                             1C0D     1C0D       7C         0
                text13                             1BA5     1BA5       68         0
                text12                             1B4F     1B4F       56         0
                text11                             18A4     18A4       25         0
                text10                             1F42     1F42       BE         0
                text9                              1E85     1E85       BD         0
                text8                              1A1A     1A1A       46         0
                text7                              199A     199A       3A         0
                text6                              1061     1061      20D         0
                text5                              1856     1856       12         0
                text4                               78F      78F       69         0
                text3                               8E1      8E1       5B         0
                text2                               C9D      C9D      363         0
                text1                              14F6     14F6      30A         0
                maintext                            6A0      6A0       EF         0
                clrtext                             7F8      7F8        8         0

        CLASS   STRCODE        

        CLASS   STRING         
                strings                             800      800       D7         0

        CLASS   CONST          

        CLASS   ENTRY          

        CLASS   COMMON         
                cstackCOMMON                         70       70        9         1
                bssCOMMON                            79       79        2         1

        CLASS   BANK0          
                cstackBANK0                          20       20       4F         1

        CLASS   BANK1          
                cstackBANK1                          A0       A0       33         1
                bssBANK1                             D3       D3       1D         1

        CLASS   BANK2          

        CLASS   BANK3          

        CLASS   RAM            

        CLASS   ABS1           
                abs_s1                               7E       7E        2         1

        CLASS   SFR0           

        CLASS   SFR1           

        CLASS   SFR2           

        CLASS   SFR3           

        CLASS   CONFIG         
                config                             2007     2007        2         4

        CLASS   IDLOC          

        CLASS   EEDATA         



SEGMENTS        Name                           Load    Length   Top    Selector   Space  Class     Delta

                reset_vec                      000000  000003  000003         0       0  CODE        2
                intentry                       000004  0007FC  000800         8       0  CODE        2
                cstackBANK0                    000020  00004F  00006F        20       1  BANK0       1
                cstackCOMMON                   000070  00000B  00007B        70       1  COMMON      1
                cstackBANK1                    0000A0  000050  0000F0        A0       1  BANK1       1
                strings                        000800  0000D7  0008D7      1000       0  STRING      2
                text38                         0008D9  000008  0008E1      11B2       0  CODE        2
                text3                          0008E1  00005B  00093C      11C2       0  CODE        2
                text27                         00093C  000361  000C9D      1278       0  CODE        2
                text2                          000C9D  000363  001000      193A       0  CODE        2
                text40                         001002  000008  00100A      2004       0  CODE        2
                text25                         00100A  000057  001061      2014       0  CODE        2
                text6                          001061  00020D  00126E      20C2       0  CODE        2
                text16                         00126E  000288  0014F6      24DC       0  CODE        2
                text1                          0014F6  00030A  001800      29EC       0  CODE        2
                text24                         00180C  000005  001811      3018       0  CODE        2
                text36                         001811  000006  001817      3022       0  CODE        2
                text17                         001817  00000B  001822      302E       0  CODE        2
                text23                         001822  00000C  00182E      3044       0  CODE        2
                text30                         00182E  00000D  00183B      305C       0  CODE        2
                text21                         00183B  00000D  001848      3076       0  CODE        2
                text37                         001848  00000E  001856      3090       0  CODE        2
                text5                          001856  000012  001868      30AC       0  CODE        2
                text32                         001868  000019  001881      30D0       0  CODE        2
                text35                         001881  000023  0018A4      3102       0  CODE        2
                text11                         0018A4  000025  0018C9      3148       0  CODE        2
                text33                         0018C9  000026  0018EF      3192       0  CODE        2
                text28                         0018EF  000029  001918      31DE       0  CODE        2
                text20                         001918  00002A  001942      3230       0  CODE        2
                text22                         001942  00002B  00196D      3284       0  CODE        2
                text39                         00196D  00002D  00199A      32DA       0  CODE        2
                text7                          00199A  00003A  0019D4      3334       0  CODE        2
                text31                         0019D4  000046  001A1A      33A8       0  CODE        2
                text8                          001A1A  000046  001A60      3434       0  CODE        2
                text34                         001A60  00004F  001AAF      34C0       0  CODE        2
                text19                         001AAF  000050  001AFF      355E       0  CODE        2
                text15                         001AFF  000050  001B4F      35FE       0  CODE        2
                text12                         001B4F  000056  001BA5      369E       0  CODE        2
                text13                         001BA5  000068  001C0D      374A       0  CODE        2
                text14                         001C0D  00007C  001C89      381A       0  CODE        2
                text29                         001C89  00009C  001D25      3912       0  CODE        2
                text18                         001D25  0000A4  001DC9      3A4A       0  CODE        2
                text26                         001DC9  0000BC  001E85      3B92       0  CODE        2
                text9                          001E85  0000BD  001F42      3D0A       0  CODE        2
                text10                         001F42  0000BE  002000      3E84       0  CODE        2


UNUSED ADDRESS RANGES

        Name                Unused          Largest block    Delta
        BANK0            0006F-0006F               1           1
        BANK2            00110-0016F              60           1
        BANK3            00190-001EF              60           1
        CODE             00003-00003               1           2
                         008D7-008D8               2
                         01000-01001               2
                         01800-0180B               C
        COMMON           0007B-0007D               3           1
        CONST            00003-00003               1           2
                         008D7-008D8               2
                         01000-01001               2
                         01800-0180B               C
        EEDATA           02100-021FF             100           2
        ENTRY            00003-00003               1           2
                         008D7-008D8               2
                         01000-01001               2
                         01800-0180B               C
        IDLOC            02000-02003               4           2
        RAM              0006F-0006F               1           1
                         00110-0016F              60
                         00190-001EF              60
        SFR0             00000-0001F              20           1
        SFR1             00080-0009F              20           1
        SFR2             00100-0010F              10           1
        SFR3             00180-0018F              10           1
        STACK            00110-0016F              60           1
        STRCODE          00003-00003               1           2
                         008D7-008D8               2
                         01000-01001               2
                         01800-0180B               C
        STRING           00003-00003               1           2
                         008D7-008D8               2
                         01000-01001               2
                         01800-0180B               C

                                  Symbol Table

?_LeerADC                    cstackBANK0  00044
?__Umul8_16                  cstackCOMMON 00073
?___awdiv                    cstackBANK0  00022
?___awmod                    cstackCOMMON 00073
?___fladd                    cstackBANK0  00058
?___flmul                    cstackBANK0  0002A
?___flneg                    cstackCOMMON 00073
?___flsub                    cstackBANK1  000A0
?___fltol                    cstackBANK0  00057
?___lldiv                    cstackBANK0  00020
?___llmod                    cstackBANK0  00028
?___lwdiv                    cstackBANK0  00020
?___lwmod                    cstackCOMMON 00073
?___wmul                     cstackCOMMON 00073
?___xxtofl                   cstackCOMMON 00073
?__div_to_l_                 cstackBANK0  00020
?__tdiv_to_l_                cstackBANK0  00020
?_fround                     cstackBANK0  00044
?_scale                      cstackBANK0  00044
?_sprintf                    cstackBANK1  000A8
ADC_Select@a                 cstackCOMMON 00075
LCD_Command@a                cstackCOMMON 00076
LCD_Port@a                   cstackCOMMON 00073
LCD_Set_Cursor@a             cstackBANK0  00021
LCD_Set_Cursor@x             cstackBANK0  00020
LCD_Set_Cursor@y             cstackCOMMON 00077
LCD_Write_Char@a             cstackCOMMON 00075
LCD_Write_String@a           cstackCOMMON 00076
LCD_Write_String@i           cstackBANK0  00023
LeerADC@a                    cstackBANK0  0004D
LeerADC@x                    cstackBANK0  0004C
USART_Write@a                cstackCOMMON 00073
USART_Write_String@a         cstackCOMMON 00074
USART_Write_String@i         cstackCOMMON 00077
_ADCON0                      (abs)        0001F
_ADCON0bits                  (abs)        0001F
_ADCON1                      (abs)        0009F
_ADC_Select                  text29       01C89
_ADRESH                      (abs)        0001E
_ANSEL                       (abs)        00188
_ANSELH                      (abs)        00189
_BRGH                        (abs)        004C2
_CREN                        (abs)        000C4
_INTCONbits                  (abs)        0000B
_ISR                         text39       0196D
_Init_Receive                text38       008D9
_Init_Transmit               text37       01848
_LCD_Command                 text35       01881
_LCD_Init                    text34       01A60
_LCD_Port                    text36       01811
_LCD_Set_Cursor              text33       018C9
_LCD_Write_Char              text32       01868
_LCD_Write_String            text31       019D4
_LCD_clear                   text30       0182E
_LeerADC                     text25       0100A
_PIE1bits                    (abs)        0008C
_PIR1bits                    (abs)        0000C
_PORTA                       (abs)        00005
_PORTB                       (abs)        00006
_PORTC                       (abs)        00007
_PORTD                       (abs)        00008
_PORTE                       (abs)        00009
_RCIF                        (abs)        00065
_RCREG                       (abs)        0001A
_RCSTAbits                   (abs)        00018
_RE0                         (abs)        00048
_RE1                         (abs)        00049
_SPBRG                       (abs)        00099
_SPEN                        (abs)        000C7
_SYNC                        (abs)        004C4
_Set_Baud_Rate               text24       0180C
_TRISA                       (abs)        00085
_TRISB                       (abs)        00086
_TRISC                       (abs)        00087
_TRISC6                      (abs)        0043E
_TRISC7                      (abs)        0043F
_TRISCbits                   (abs)        00087
_TRISD                       (abs)        00088
_TRISE                       (abs)        00089
_TRMT                        (abs)        004C1
_TXEN                        (abs)        004C5
_TXREG                       (abs)        00019
_TXSTAbits                   (abs)        00098
_USART_Read                  text40       01002
_USART_Write                 text23       01822
_USART_Write_String          text22       01942
_V1                          bssBANK1     000D7
_V2                          bssBANK1     000D3
__Habs1                      abs1         00000
__Hbank0                     bank0        00000
__Hbank1                     bank1        00000
__Hbank2                     bank2        00000
__Hbank3                     bank3        00000
__HbssBANK1                  bssBANK1     00000
__HbssCOMMON                 bssCOMMON    00000
__Hcinit                     cinit        0001E
__Hclrtext                   clrtext      00000
__Hcode                      code         00000
__Hcommon                    common       00000
__Hconfig                    config       02009
__HcstackBANK0               cstackBANK0  00000
__HcstackBANK1               cstackBANK1  00000
__HcstackCOMMON              cstackCOMMON 00000
__Heeprom_data               eeprom_data  00000
__Hend_init                  end_init     0000F
__Hfunctab                   functab      00000
__Hinit                      init         0000C
__Hintentry                  intentry     0000C
__Hmaintext                  maintext     00000
__Hpowerup                   powerup      00000
__Hram                       ram          00000
__Hreset_vec                 reset_vec    00003
__Hsfr0                      sfr0         00000
__Hsfr1                      sfr1         00000
__Hsfr2                      sfr2         00000
__Hsfr3                      sfr3         00000
__Hspace_0                   (abs)        02000
__Hspace_1                   (abs)        000F0
__Hspace_2                   (abs)        00000
__Hspace_3                   (abs)        00000
__Hspace_4                   (abs)        04010
__Hstack                     stack        00000
__Hstrings                   strings      00000
__Htext                      text         00000
__Labs1                      abs1         00000
__Lbank0                     bank0        00000
__Lbank1                     bank1        00000
__Lbank2                     bank2        00000
__Lbank3                     bank3        00000
__LbssBANK1                  bssBANK1     00000
__LbssCOMMON                 bssCOMMON    00000
__Lcinit                     cinit        0000F
__Lclrtext                   clrtext      00000
__Lcode                      code         00000
__Lcommon                    common       00000
__Lconfig                    config       00000
__LcstackBANK0               cstackBANK0  00000
__LcstackBANK1               cstackBANK1  00000
__LcstackCOMMON              cstackCOMMON 00000
__Leeprom_data               eeprom_data  00000
__Lend_init                  end_init     0000C
__Lfunctab                   functab      00000
__Linit                      init         0000C
__Lintentry                  intentry     00004
__Lmaintext                  maintext     00000
__Lpowerup                   powerup      00000
__Lram                       ram          00000
__Lreset_vec                 reset_vec    00000
__Lsfr0                      sfr0         00000
__Lsfr1                      sfr1         00000
__Lsfr2                      sfr2         00000
__Lsfr3                      sfr3         00000
__Lspace_0                   (abs)        00000
__Lspace_1                   (abs)        00000
__Lspace_2                   (abs)        00000
__Lspace_3                   (abs)        00000
__Lspace_4                   (abs)        00000
__Lstack                     stack        00000
__Lstrings                   strings      00000
__Ltext                      text         00000
__S0                         (abs)        02000
__S1                         (abs)        000F0
__S2                         (abs)        00000
__S3                         (abs)        00000
__Umul8_16                   text28       018EF
__Umul8_16@multiplicand      cstackCOMMON 00073
__Umul8_16@multiplier        cstackBANK0  00024
__Umul8_16@product           cstackBANK0  00020
__Umul8_16@word_mpld         cstackBANK0  00022
___awdiv                     text4        0078F
___awdiv@counter             cstackBANK0  00026
___awdiv@dividend            cstackBANK0  00024
___awdiv@divisor             cstackBANK0  00022
___awdiv@quotient            cstackBANK0  00028
___awdiv@sign                cstackBANK0  00027
___awmod                     text3        008E1
___awmod@counter             cstackBANK0  00020
___awmod@dividend            cstackCOMMON 00075
___awmod@divisor             cstackCOMMON 00073
___awmod@sign                cstackBANK0  00021
___fladd                     text16       0126E
___fladd@a                   cstackBANK0  0005C
___fladd@aexp                cstackBANK0  00069
___fladd@b                   cstackBANK0  00058
___fladd@bexp                cstackBANK0  0006A
___fladd@grs                 cstackBANK0  0006B
___fladd@signs               cstackBANK0  00068
___fleq                      text19       01AAF
___fleq@ff1                  cstackBANK0  00020
___fleq@ff2                  cstackBANK0  00024
___flge                      text18       01D25
___flge@ff1                  cstackBANK0  00020
___flge@ff2                  cstackBANK0  00024
___flmul                     text27       0093C
___flmul@a                   cstackBANK0  0002E
___flmul@aexp                cstackBANK0  0003C
___flmul@b                   cstackBANK0  0002A
___flmul@bexp                cstackBANK0  0003D
___flmul@grs                 cstackBANK0  00038
___flmul@prod                cstackBANK0  0003E
___flmul@sign                cstackBANK0  00037
___flmul@temp                cstackBANK0  00042
___flneg                     text17       01817
___flneg@f1                  cstackCOMMON 00073
___flsub                     text15       01AFF
___flsub@a                   cstackBANK1  000A0
___flsub@b                   cstackBANK1  000A4
___fltol                     text14       01C0D
___fltol@exp1                cstackBANK0  00061
___fltol@f1                  cstackBANK0  00057
___fltol@sign1               cstackBANK0  00060
___int_sp                    stack        00000
___latbits                   (abs)        00002
___lldiv                     text13       01BA5
___lldiv@counter             cstackCOMMON 00078
___lldiv@dividend            cstackBANK0  00024
___lldiv@divisor             cstackBANK0  00020
___lldiv@quotient            cstackCOMMON 00074
___llmod                     text12       01B4F
___llmod@counter             cstackBANK0  00031
___llmod@dividend            cstackBANK0  0002C
___llmod@divisor             cstackBANK0  00028
___lwdiv                     text8        01A1A
___lwdiv@counter             cstackBANK0  00025
___lwdiv@dividend            cstackBANK0  00022
___lwdiv@divisor             cstackBANK0  00020
___lwdiv@quotient            cstackBANK0  00026
___lwmod                     text7        0199A
___lwmod@counter             cstackCOMMON 00078
___lwmod@dividend            cstackCOMMON 00075
___lwmod@divisor             cstackCOMMON 00073
___sp                        stack        00000
___stackhi                   (abs)        00000
___stacklo                   (abs)        00000
___wmul                      text11       018A4
___wmul@multiplicand         cstackCOMMON 00075
___wmul@multiplier           cstackCOMMON 00073
___wmul@product              cstackCOMMON 00077
___xxtofl                    text26       01DC9
___xxtofl@arg                cstackBANK0  00026
___xxtofl@exp                cstackBANK0  00025
___xxtofl@sign               cstackBANK0  00024
___xxtofl@val                cstackCOMMON 00073
__div_to_l_                  text10       01F42
__div_to_l_@cntr             cstackBANK0  0002C
__div_to_l_@exp1             cstackBANK0  0002D
__div_to_l_@f1               cstackBANK0  00020
__div_to_l_@f2               cstackBANK0  00024
__div_to_l_@quot             cstackBANK0  00028
__end_of_ADC_Select          text29       01D25
__end_of_ISR                 text39       0199A
__end_of_Init_Receive        text38       008E1
__end_of_Init_Transmit       text37       01856
__end_of_LCD_Command         text35       018A4
__end_of_LCD_Init            text34       01AAF
__end_of_LCD_Port            text36       01817
__end_of_LCD_Set_Cursor      text33       018EF
__end_of_LCD_Write_Char      text32       01881
__end_of_LCD_Write_String    text31       01A1A
__end_of_LCD_clear           text30       0183B
__end_of_LeerADC             text25       01061
__end_of_Set_Baud_Rate       text24       01811
__end_of_USART_Read          text40       0100A
__end_of_USART_Write         text23       0182E
__end_of_USART_Write_String  text22       0196D
__end_of__Umul8_16           text28       01918
__end_of___awdiv             text4        007F8
__end_of___awmod             text3        0093C
__end_of___fladd             text16       014F6
__end_of___fleq              text19       01AFF
__end_of___flge              text18       01DC9
__end_of___flmul             text27       00C9D
__end_of___flneg             text17       01822
__end_of___flsub             text15       01B4F
__end_of___fltol             text14       01C89
__end_of___lldiv             text13       01C0D
__end_of___llmod             text12       01BA5
__end_of___lwdiv             text8        01A60
__end_of___lwmod             text7        019D4
__end_of___wmul              text11       018C9
__end_of___xxtofl            text26       01E85
__end_of__div_to_l_          text10       02000
__end_of__initialization     cinit        0001A
__end_of__npowers_           strings      00878
__end_of__powers_            strings      00844
__end_of__stringtab          strings      00810
__end_of__tdiv_to_l_         text9        01F42
__end_of_dpowers             strings      008A0
__end_of_fround              text6        0126E
__end_of_initADC             text21       01848
__end_of_isdigit             text5        01868
__end_of_main                maintext     0078F
__end_of_scale               text2        01000
__end_of_setup               text20       01942
__end_of_sprintf             text1_split_1 006A0
__initialization             cinit        0000F
__npowers_                   strings      00844
__pbssBANK1                  bssBANK1     000D3
__pbssCOMMON                 bssCOMMON    00079
__pcstackBANK0               cstackBANK0  00020
__pcstackBANK1               cstackBANK1  000A0
__pcstackCOMMON              cstackCOMMON 00070
__pintentry                  intentry     00004
__pmaintext                  maintext     006A0
__powers_                    strings      00810
__pstrings                   strings      00800
__ptext1                     text1        014F6
__ptext10                    text10       01F42
__ptext11                    text11       018A4
__ptext12                    text12       01B4F
__ptext13                    text13       01BA5
__ptext14                    text14       01C0D
__ptext15                    text15       01AFF
__ptext16                    text16       0126E
__ptext17                    text17       01817
__ptext18                    text18       01D25
__ptext19                    text19       01AAF
__ptext2                     text2        00C9D
__ptext20                    text20       01918
__ptext21                    text21       0183B
__ptext22                    text22       01942
__ptext23                    text23       01822
__ptext24                    text24       0180C
__ptext25                    text25       0100A
__ptext26                    text26       01DC9
__ptext27                    text27       0093C
__ptext28                    text28       018EF
__ptext29                    text29       01C89
__ptext3                     text3        008E1
__ptext30                    text30       0182E
__ptext31                    text31       019D4
__ptext32                    text32       01868
__ptext33                    text33       018C9
__ptext34                    text34       01A60
__ptext35                    text35       01881
__ptext36                    text36       01811
__ptext37                    text37       01848
__ptext38                    text38       008D9
__ptext39                    text39       0196D
__ptext4                     text4        0078F
__ptext40                    text40       01002
__ptext5                     text5        01856
__ptext6                     text6        01061
__ptext7                     text7        0199A
__ptext8                     text8        01A1A
__ptext9                     text9        01E85
__size_of_ADC_Select         (abs)        00000
__size_of_ISR                (abs)        00000
__size_of_Init_Receive       (abs)        00000
__size_of_Init_Transmit      (abs)        00000
__size_of_LCD_Command        (abs)        00000
__size_of_LCD_Init           (abs)        00000
__size_of_LCD_Port           (abs)        00000
__size_of_LCD_Set_Cursor     (abs)        00000
__size_of_LCD_Write_Char     (abs)        00000
__size_of_LCD_Write_String   (abs)        00000
__size_of_LCD_clear          (abs)        00000
__size_of_LeerADC            (abs)        00000
__size_of_Set_Baud_Rate      (abs)        00000
__size_of_USART_Read         (abs)        00000
__size_of_USART_Write        (abs)        00000
__size_of_USART_Write_String (abs)        00000
__size_of__Umul8_16          (abs)        00000
__size_of___awdiv            (abs)        00000
__size_of___awmod            (abs)        00000
__size_of___fladd            (abs)        00000
__size_of___fleq             (abs)        00000
__size_of___flge             (abs)        00000
__size_of___flmul            (abs)        00000
__size_of___flneg            (abs)        00000
__size_of___flsub            (abs)        00000
__size_of___fltol            (abs)        00000
__size_of___lldiv            (abs)        00000
__size_of___llmod            (abs)        00000
__size_of___lwdiv            (abs)        00000
__size_of___lwmod            (abs)        00000
__size_of___wmul             (abs)        00000
__size_of___xxtofl           (abs)        00000
__size_of__div_to_l_         (abs)        00000
__size_of__tdiv_to_l_        (abs)        00000
__size_of_fround             (abs)        00000
__size_of_initADC            (abs)        00000
__size_of_isdigit            (abs)        00000
__size_of_main               (abs)        00000
__size_of_scale              (abs)        00000
__size_of_setup              (abs)        00000
__size_of_sprintf            (abs)        00000
__stringbase                 strings      0080F
__stringtab                  strings      00800
__tdiv_to_l_                 text9        01E85
__tdiv_to_l_@cntr            cstackBANK0  0002C
__tdiv_to_l_@exp1            cstackBANK0  0002D
__tdiv_to_l_@f1              cstackBANK0  00020
__tdiv_to_l_@f2              cstackBANK0  00024
__tdiv_to_l_@quot            cstackBANK0  00028
_contador                    bssBANK1     000DB
_dpowers                     strings      00878
_fround                      text6        01061
_fround$1238                 cstackBANK0  00053
_fround$1239                 cstackBANK0  0004F
_initADC                     text21       0183B
_isdigit                     text5        01856
_isdigit$1062                cstackCOMMON 00073
_main                        maintext     006A0
_pantalla                    bssBANK1     000DC
_recibido                    bssCOMMON    00079
_scale                       text2        00C9D
_scale$1240                  cstackBANK0  00052
_setup                       text20       01918
_sprintf                     text1        014F6
_sprintf$1241                cstackBANK1  000B8
btemp                        (abs)        0007E
clear_ram0                   clrtext      007F8
end_of_initialization        cinit        0001A
fround@prec                  cstackBANK0  00057
interrupt_function           intentry     00004
intlevel0                    functab      00000
intlevel1                    functab      00000
intlevel2                    functab      00000
intlevel3                    functab      00000
intlevel4                    functab      00000
intlevel5                    functab      00000
isdigit@c                    cstackCOMMON 00074
pnum$text1                   (abs)        0000B
pnum$text1_split_1           (abs)        00035
psplit$0                     (abs)        B0035
reset_vec                    reset_vec    00000
saved_w                      (abs)        0007E
scale@scl                    cstackBANK0  00056
sprintf@ap                   cstackBANK1  000BC
sprintf@c                    cstackBANK1  000D2
sprintf@eexp                 cstackBANK1  000C9
sprintf@f                    cstackBANK1  000A8
sprintf@flag                 cstackBANK1  000BD
sprintf@fval                 cstackBANK1  000CB
sprintf@prec                 cstackBANK1  000D0
sprintf@sp                   cstackBANK1  000CF
sprintf@tmpval               cstackBANK1  000C1
sprintf@val                  cstackBANK1  000C5
sprintf@width                cstackBANK1  000BF
start                        init         0000C
start_initialization         cinit        0000F
wtemp0                       (abs)        0007E


FUNCTION INFORMATION:

 *************** function _main *****************
 Defined at:
		line 87 in file "lab3_main.c"
 Parameters:    Size  Location     Type
		None
 Auto vars:     Size  Location     Type
		None
 Return value:  Size  Location     Type
                  1    wreg      void 
 Registers used:
		wreg, fsr0l, fsr0h, status,2, status,0, btemp+1, pclath, cstack
 Tracked objects:
		On entry : 
		On exit  : 
		Unchanged: 
 Data sizes:     COMMON   BANK0   BANK1   BANK3   BANK2
      Params:         0       0       0       0       0
      Locals:         0       0       0       0       0
      Temps:          0       3       0       0       0
      Totals:         0       3       0       0       0
Total ram usage:        3 bytes
 Hardware stack levels required when called:    6
 This function calls:
		_Init_Receive
		_Init_Transmit
		_LCD_Init
		_LCD_Set_Cursor
		_LCD_Write_String
		_LCD_clear
		_LeerADC
		_Set_Baud_Rate
		_USART_Write
		_USART_Write_String
		_initADC
		_setup
		_sprintf
 This function is called by:
		Startup code after reset
 This function uses a non-reentrant model


 *************** function _sprintf *****************
 Defined at:
		line 505 in file "D:\Microchip\xc8\v2.31\pic\sources\c90\common\doprnt.c"
 Parameters:    Size  Location     Type
  sp              1    wreg     PTR unsigned char 
		 -> pantalla(20), 
  f               1    8[BANK1 ] PTR const unsigned char 
		 -> STR_2(19), 
 Auto vars:     Size  Location     Type
  sp              1   47[BANK1 ] PTR unsigned char 
		 -> pantalla(20), 
  fval            4   43[BANK1 ] PTR unsigned char 
  val             4   37[BANK1 ] unsigned long 
  tmpval          4   33[BANK1 ] struct .
  prec            2   48[BANK1 ] int 
  eexp            2   41[BANK1 ] int 
  width           2   31[BANK1 ] int 
  flag            2   29[BANK1 ] unsigned short 
  cp              2    0        PTR const unsigned char 
  len             2    0        unsigned int 
  c               1   50[BANK1 ] unsigned char 
  ap              1   28[BANK1 ] PTR void [1]
		 -> ?_sprintf(2), 
  d               1    0        unsigned char 
 Return value:  Size  Location     Type
                  2    8[BANK1 ] int 
 Registers used:
		wreg, fsr0l, fsr0h, status,2, status,0, btemp+1, pclath, cstack
 Tracked objects:
		On entry : 
		On exit  : 
		Unchanged: 
 Data sizes:     COMMON   BANK0   BANK1   BANK3   BANK2
      Params:         0       0      11       0       0
      Locals:         0       0      27       0       0
      Temps:          0       0       5       0       0
      Totals:         0       0      43       0       0
Total ram usage:       43 bytes
 Hardware stack levels used:    1
 Hardware stack levels required when called:    5
 This function calls:
		___awdiv
		___fladd
		___fleq
		___flge
		___flmul
		___flneg
		___flsub
		___fltol
		___lldiv
		___llmod
		___wmul
		___xxtofl
		__div_to_l_
		__tdiv_to_l_
		_fround
		_isdigit
		_scale
 This function is called by:
		_main
 This function uses a non-reentrant model


 *************** function _scale *****************
 Defined at:
		line 433 in file "D:\Microchip\xc8\v2.31\pic\sources\c90\common\doprnt.c"
 Parameters:    Size  Location     Type
  scl             1    wreg     char 
 Auto vars:     Size  Location     Type
  scl             1   54[BANK0 ] char 
 Return value:  Size  Location     Type
                  4   36[BANK0 ] char 
 Registers used:
		wreg, fsr0l, fsr0h, status,2, status,0, btemp+1, pclath, cstack
 Tracked objects:
		On entry : 
		On exit  : 
		Unchanged: 
 Data sizes:     COMMON   BANK0   BANK1   BANK3   BANK2
      Params:         0       4       0       0       0
      Locals:         0       5       0       0       0
      Temps:          0      10       0       0       0
      Totals:         0      19       0       0       0
Total ram usage:       19 bytes
 Hardware stack levels used:    1
 Hardware stack levels required when called:    4
 This function calls:
		___awdiv
		___awmod
		___flmul
 This function is called by:
		_sprintf
 This function uses a non-reentrant model


 *************** function ___awmod *****************
 Defined at:
		line 5 in file "D:\Microchip\xc8\v2.31\pic\sources\c90\common\awmod.c"
 Parameters:    Size  Location     Type
  divisor         2    3[COMMON] int 
  dividend        2    5[COMMON] int 
 Auto vars:     Size  Location     Type
  sign            1    1[BANK0 ] unsigned char 
  counter         1    0[BANK0 ] unsigned char 
 Return value:  Size  Location     Type
                  2    3[COMMON] int 
 Registers used:
		wreg, status,2, status,0
 Tracked objects:
		On entry : 
		On exit  : 
		Unchanged: 
 Data sizes:     COMMON   BANK0   BANK1   BANK3   BANK2
      Params:         4       0       0       0       0
      Locals:         0       2       0       0       0
      Temps:          1       0       0       0       0
      Totals:         5       2       0       0       0
Total ram usage:        7 bytes
 Hardware stack levels used:    1
 Hardware stack levels required when called:    2
 This function calls:
		Nothing
 This function is called by:
		_scale
 This function uses a non-reentrant model


 *************** function ___awdiv *****************
 Defined at:
		line 5 in file "D:\Microchip\xc8\v2.31\pic\sources\c90\common\awdiv.c"
 Parameters:    Size  Location     Type
  divisor         2    2[BANK0 ] int 
  dividend        2    4[BANK0 ] int 
 Auto vars:     Size  Location     Type
  quotient        2    8[BANK0 ] int 
  sign            1    7[BANK0 ] unsigned char 
  counter         1    6[BANK0 ] unsigned char 
 Return value:  Size  Location     Type
                  2    2[BANK0 ] int 
 Registers used:
		wreg, status,2, status,0
 Tracked objects:
		On entry : 
		On exit  : 
		Unchanged: 
 Data sizes:     COMMON   BANK0   BANK1   BANK3   BANK2
      Params:         0       4       0       0       0
      Locals:         0       4       0       0       0
      Temps:          1       0       0       0       0
      Totals:         1       8       0       0       0
Total ram usage:        9 bytes
 Hardware stack levels used:    1
 Hardware stack levels required when called:    2
 This function calls:
		Nothing
 This function is called by:
		_scale
		_sprintf
 This function uses a non-reentrant model


 *************** function _isdigit *****************
 Defined at:
		line 8 in file "D:\Microchip\xc8\v2.31\pic\sources\c90\common\isdigit.c"
 Parameters:    Size  Location     Type
  c               1    wreg     unsigned char 
 Auto vars:     Size  Location     Type
  c               1    4[COMMON] unsigned char 
 Return value:  Size  Location     Type
		None               void
 Registers used:
		wreg, status,2, status,0
 Tracked objects:
		On entry : 
		On exit  : 
		Unchanged: 
 Data sizes:     COMMON   BANK0   BANK1   BANK3   BANK2
      Params:         0       0       0       0       0
      Locals:         2       0       0       0       0
      Temps:          0       0       0       0       0
      Totals:         2       0       0       0       0
Total ram usage:        2 bytes
 Hardware stack levels used:    1
 Hardware stack levels required when called:    2
 This function calls:
		Nothing
 This function is called by:
		_sprintf
 This function uses a non-reentrant model


 *************** function _fround *****************
 Defined at:
		line 417 in file "D:\Microchip\xc8\v2.31\pic\sources\c90\common\doprnt.c"
 Parameters:    Size  Location     Type
  prec            1    wreg     unsigned char 
 Auto vars:     Size  Location     Type
  prec            1   55[BANK0 ] unsigned char 
 Return value:  Size  Location     Type
                  4   36[BANK0 ] unsigned char 
 Registers used:
		wreg, fsr0l, fsr0h, status,2, status,0, btemp+1, pclath, cstack
 Tracked objects:
		On entry : 
		On exit  : 
		Unchanged: 
 Data sizes:     COMMON   BANK0   BANK1   BANK3   BANK2
      Params:         0       4       0       0       0
      Locals:         0       9       0       0       0
      Temps:          0       7       0       0       0
      Totals:         0      20       0       0       0
Total ram usage:       20 bytes
 Hardware stack levels used:    1
 Hardware stack levels required when called:    4
 This function calls:
		___flmul
		___lwdiv
		___lwmod
 This function is called by:
		_sprintf
 This function uses a non-reentrant model


 *************** function ___lwmod *****************
 Defined at:
		line 5 in file "D:\Microchip\xc8\v2.31\pic\sources\c90\common\lwmod.c"
 Parameters:    Size  Location     Type
  divisor         2    3[COMMON] unsigned int 
  dividend        2    5[COMMON] unsigned int 
 Auto vars:     Size  Location     Type
  counter         1    8[COMMON] unsigned char 
 Return value:  Size  Location     Type
                  2    3[COMMON] unsigned int 
 Registers used:
		wreg, status,2, status,0
 Tracked objects:
		On entry : 
		On exit  : 
		Unchanged: 
 Data sizes:     COMMON   BANK0   BANK1   BANK3   BANK2
      Params:         4       0       0       0       0
      Locals:         1       0       0       0       0
      Temps:          1       0       0       0       0
      Totals:         6       0       0       0       0
Total ram usage:        6 bytes
 Hardware stack levels used:    1
 Hardware stack levels required when called:    2
 This function calls:
		Nothing
 This function is called by:
		_fround
 This function uses a non-reentrant model


 *************** function ___lwdiv *****************
 Defined at:
		line 5 in file "D:\Microchip\xc8\v2.31\pic\sources\c90\common\lwdiv.c"
 Parameters:    Size  Location     Type
  divisor         2    0[BANK0 ] unsigned int 
  dividend        2    2[BANK0 ] unsigned int 
 Auto vars:     Size  Location     Type
  quotient        2    6[BANK0 ] unsigned int 
  counter         1    5[BANK0 ] unsigned char 
 Return value:  Size  Location     Type
                  2    0[BANK0 ] unsigned int 
 Registers used:
		wreg, status,2, status,0
 Tracked objects:
		On entry : 
		On exit  : 
		Unchanged: 
 Data sizes:     COMMON   BANK0   BANK1   BANK3   BANK2
      Params:         0       4       0       0       0
      Locals:         0       3       0       0       0
      Temps:          0       1       0       0       0
      Totals:         0       8       0       0       0
Total ram usage:        8 bytes
 Hardware stack levels used:    1
 Hardware stack levels required when called:    2
 This function calls:
		Nothing
 This function is called by:
		_fround
 This function uses a non-reentrant model


 *************** function __tdiv_to_l_ *****************
 Defined at:
		line 60 in file "D:\Microchip\xc8\v2.31\pic\sources\c90\common\ftdivl.c"
 Parameters:    Size  Location     Type
  f1              4    0[BANK0 ] float 
  f2              4    4[BANK0 ] float 
 Auto vars:     Size  Location     Type
  quot            4    8[BANK0 ] unsigned long 
  exp1            1   13[BANK0 ] unsigned char 
  cntr            1   12[BANK0 ] unsigned char 
 Return value:  Size  Location     Type
                  4    0[BANK0 ] unsigned long 
 Registers used:
		wreg, status,2, status,0
 Tracked objects:
		On entry : 
		On exit  : 
		Unchanged: 
 Data sizes:     COMMON   BANK0   BANK1   BANK3   BANK2
      Params:         0       8       0       0       0
      Locals:         0       6       0       0       0
      Temps:          4       0       0       0       0
      Totals:         4      14       0       0       0
Total ram usage:       18 bytes
 Hardware stack levels used:    1
 Hardware stack levels required when called:    2
 This function calls:
		Nothing
 This function is called by:
		_sprintf
 This function uses a non-reentrant model


 *************** function __div_to_l_ *****************
 Defined at:
		line 60 in file "D:\Microchip\xc8\v2.31\pic\sources\c90\common\fldivl.c"
 Parameters:    Size  Location     Type
  f1              4    0[BANK0 ] unsigned long 
  f2              4    4[BANK0 ] unsigned long 
 Auto vars:     Size  Location     Type
  quot            4    8[BANK0 ] unsigned long 
  exp1            1   13[BANK0 ] unsigned char 
  cntr            1   12[BANK0 ] unsigned char 
 Return value:  Size  Location     Type
                  4    0[BANK0 ] unsigned long 
 Registers used:
		wreg, status,2, status,0
 Tracked objects:
		On entry : 
		On exit  : 
		Unchanged: 
 Data sizes:     COMMON   BANK0   BANK1   BANK3   BANK2
      Params:         0       8       0       0       0
      Locals:         0       6       0       0       0
      Temps:          1       0       0       0       0
      Totals:         1      14       0       0       0
Total ram usage:       15 bytes
 Hardware stack levels used:    1
 Hardware stack levels required when called:    2
 This function calls:
		Nothing
 This function is called by:
		_sprintf
 This function uses a non-reentrant model


 *************** function ___wmul *****************
 Defined at:
		line 15 in file "D:\Microchip\xc8\v2.31\pic\sources\c90\common\Umul16.c"
 Parameters:    Size  Location     Type
  multiplier      2    3[COMMON] unsigned int 
  multiplicand    2    5[COMMON] unsigned int 
 Auto vars:     Size  Location     Type
  product         2    7[COMMON] unsigned int 
 Return value:  Size  Location     Type
                  2    3[COMMON] unsigned int 
 Registers used:
		wreg, status,2, status,0
 Tracked objects:
		On entry : 
		On exit  : 
		Unchanged: 
 Data sizes:     COMMON   BANK0   BANK1   BANK3   BANK2
      Params:         4       0       0       0       0
      Locals:         2       0       0       0       0
      Temps:          0       0       0       0       0
      Totals:         6       0       0       0       0
Total ram usage:        6 bytes
 Hardware stack levels used:    1
 Hardware stack levels required when called:    2
 This function calls:
		Nothing
 This function is called by:
		_sprintf
 This function uses a non-reentrant model


 *************** function ___llmod *****************
 Defined at:
		line 5 in file "D:\Microchip\xc8\v2.31\pic\sources\c90\common\llmod.c"
 Parameters:    Size  Location     Type
  divisor         4    8[BANK0 ] unsigned long 
  dividend        4   12[BANK0 ] unsigned long 
 Auto vars:     Size  Location     Type
  counter         1   17[BANK0 ] unsigned char 
 Return value:  Size  Location     Type
                  4    8[BANK0 ] unsigned long 
 Registers used:
		wreg, status,2, status,0
 Tracked objects:
		On entry : 
		On exit  : 
		Unchanged: 
 Data sizes:     COMMON   BANK0   BANK1   BANK3   BANK2
      Params:         0       8       0       0       0
      Locals:         0       1       0       0       0
      Temps:          0       1       0       0       0
      Totals:         0      10       0       0       0
Total ram usage:       10 bytes
 Hardware stack levels used:    1
 Hardware stack levels required when called:    2
 This function calls:
		Nothing
 This function is called by:
		_sprintf
 This function uses a non-reentrant model


 *************** function ___lldiv *****************
 Defined at:
		line 5 in file "D:\Microchip\xc8\v2.31\pic\sources\c90\common\__lldiv.c"
 Parameters:    Size  Location     Type
  divisor         4    0[BANK0 ] unsigned long 
  dividend        4    4[BANK0 ] unsigned long 
 Auto vars:     Size  Location     Type
  quotient        4    4[COMMON] unsigned long 
  counter         1    8[COMMON] unsigned char 
 Return value:  Size  Location     Type
                  4    0[BANK0 ] unsigned long 
 Registers used:
		wreg, status,2, status,0
 Tracked objects:
		On entry : 
		On exit  : 
		Unchanged: 
 Data sizes:     COMMON   BANK0   BANK1   BANK3   BANK2
      Params:         0       8       0       0       0
      Locals:         5       0       0       0       0
      Temps:          1       0       0       0       0
      Totals:         6       8       0       0       0
Total ram usage:       14 bytes
 Hardware stack levels used:    1
 Hardware stack levels required when called:    2
 This function calls:
		Nothing
 This function is called by:
		_sprintf
 This function uses a non-reentrant model


 *************** function ___fltol *****************
 Defined at:
		line 43 in file "D:\Microchip\xc8\v2.31\pic\sources\c90\common\fltol.c"
 Parameters:    Size  Location     Type
  f1              4   55[BANK0 ] unsigned long 
 Auto vars:     Size  Location     Type
  exp1            1   65[BANK0 ] unsigned char 
  sign1           1   64[BANK0 ] unsigned char 
 Return value:  Size  Location     Type
                  4   55[BANK0 ] long 
 Registers used:
		wreg, status,2, status,0
 Tracked objects:
		On entry : 
		On exit  : 
		Unchanged: 
 Data sizes:     COMMON   BANK0   BANK1   BANK3   BANK2
      Params:         0       4       0       0       0
      Locals:         0       2       0       0       0
      Temps:          0       5       0       0       0
      Totals:         0      11       0       0       0
Total ram usage:       11 bytes
 Hardware stack levels used:    1
 Hardware stack levels required when called:    2
 This function calls:
		Nothing
 This function is called by:
		_sprintf
 This function uses a non-reentrant model


 *************** function ___flsub *****************
 Defined at:
		line 242 in file "D:\Microchip\xc8\v2.31\pic\sources\c90\common\sprcadd.c"
 Parameters:    Size  Location     Type
  a               4    0[BANK1 ] long 
  b               4    4[BANK1 ] long 
 Auto vars:     Size  Location     Type
		None
 Return value:  Size  Location     Type
                  4    0[BANK1 ] long 
 Registers used:
		wreg, status,2, status,0, btemp+1, pclath, cstack
 Tracked objects:
		On entry : 
		On exit  : 
		Unchanged: 
 Data sizes:     COMMON   BANK0   BANK1   BANK3   BANK2
      Params:         0       0       8       0       0
      Locals:         0       0       0       0       0
      Temps:          0       0       0       0       0
      Totals:         0       0       8       0       0
Total ram usage:        8 bytes
 Hardware stack levels used:    1
 Hardware stack levels required when called:    3
 This function calls:
		___fladd
 This function is called by:
		_sprintf
 This function uses a non-reentrant model


 *************** function ___fladd *****************
 Defined at:
		line 10 in file "D:\Microchip\xc8\v2.31\pic\sources\c90\common\sprcadd.c"
 Parameters:    Size  Location     Type
  b               4   56[BANK0 ] long 
  a               4   60[BANK0 ] long 
 Auto vars:     Size  Location     Type
  grs             1   75[BANK0 ] unsigned char 
  bexp            1   74[BANK0 ] unsigned char 
  aexp            1   73[BANK0 ] unsigned char 
  signs           1   72[BANK0 ] unsigned char 
 Return value:  Size  Location     Type
                  4   56[BANK0 ] unsigned char 
 Registers used:
		wreg, status,2, status,0, btemp+1
 Tracked objects:
		On entry : 
		On exit  : 
		Unchanged: 
 Data sizes:     COMMON   BANK0   BANK1   BANK3   BANK2
      Params:         0       8       0       0       0
      Locals:         0       4       0       0       0
      Temps:          0       8       0       0       0
      Totals:         0      20       0       0       0
Total ram usage:       20 bytes
 Hardware stack levels used:    1
 Hardware stack levels required when called:    2
 This function calls:
		Nothing
 This function is called by:
		_sprintf
		___flsub
 This function uses a non-reentrant model


 *************** function ___flneg *****************
 Defined at:
		line 15 in file "D:\Microchip\xc8\v2.31\pic\sources\c90\common\flneg.c"
 Parameters:    Size  Location     Type
  f1              4    3[COMMON] unsigned char 
 Auto vars:     Size  Location     Type
		None
 Return value:  Size  Location     Type
                  4    3[COMMON] unsigned char 
 Registers used:
		wreg
 Tracked objects:
		On entry : 
		On exit  : 
		Unchanged: 
 Data sizes:     COMMON   BANK0   BANK1   BANK3   BANK2
      Params:         4       0       0       0       0
      Locals:         0       0       0       0       0
      Temps:          0       0       0       0       0
      Totals:         4       0       0       0       0
Total ram usage:        4 bytes
 Hardware stack levels used:    1
 Hardware stack levels required when called:    2
 This function calls:
		Nothing
 This function is called by:
		_sprintf
 This function uses a non-reentrant model


 *************** function ___flge *****************
 Defined at:
		line 4 in file "D:\Microchip\xc8\v2.31\pic\sources\c90\common\flge.c"
 Parameters:    Size  Location     Type
  ff1             4    0[BANK0 ] unsigned char 
  ff2             4    4[BANK0 ] unsigned char 
 Auto vars:     Size  Location     Type
		None
 Return value:  Size  Location     Type
		None               void
 Registers used:
		wreg, status,2, status,0
 Tracked objects:
		On entry : 
		On exit  : 
		Unchanged: 
 Data sizes:     COMMON   BANK0   BANK1   BANK3   BANK2
      Params:         0       8       0       0       0
      Locals:         0       0       0       0       0
      Temps:          4       0       0       0       0
      Totals:         4       8       0       0       0
Total ram usage:       12 bytes
 Hardware stack levels used:    1
 Hardware stack levels required when called:    2
 This function calls:
		Nothing
 This function is called by:
		_sprintf
 This function uses a non-reentrant model


 *************** function ___fleq *****************
 Defined at:
		line 4 in file "D:\Microchip\xc8\v2.31\pic\sources\c90\common\fleq.c"
 Parameters:    Size  Location     Type
  ff1             4    0[BANK0 ] unsigned char 
  ff2             4    4[BANK0 ] unsigned char 
 Auto vars:     Size  Location     Type
		None
 Return value:  Size  Location     Type
		None               void
 Registers used:
		wreg, status,2, status,0
 Tracked objects:
		On entry : 
		On exit  : 
		Unchanged: 
 Data sizes:     COMMON   BANK0   BANK1   BANK3   BANK2
      Params:         0       8       0       0       0
      Locals:         0       0       0       0       0
      Temps:          4       0       0       0       0
      Totals:         4       8       0       0       0
Total ram usage:       12 bytes
 Hardware stack levels used:    1
 Hardware stack levels required when called:    2
 This function calls:
		Nothing
 This function is called by:
		_sprintf
 This function uses a non-reentrant model


 *************** function _setup *****************
 Defined at:
		line 144 in file "lab3_main.c"
 Parameters:    Size  Location     Type
		None
 Auto vars:     Size  Location     Type
		None
 Return value:  Size  Location     Type
                  1    wreg      void 
 Registers used:
		wreg, status,2
 Tracked objects:
		On entry : 
		On exit  : 
		Unchanged: 
 Data sizes:     COMMON   BANK0   BANK1   BANK3   BANK2
      Params:         0       0       0       0       0
      Locals:         0       0       0       0       0
      Temps:          0       0       0       0       0
      Totals:         0       0       0       0       0
Total ram usage:        0 bytes
 Hardware stack levels used:    1
 Hardware stack levels required when called:    2
 This function calls:
		Nothing
 This function is called by:
		_main
 This function uses a non-reentrant model


 *************** function _initADC *****************
 Defined at:
		line 6 in file "ADC.c"
 Parameters:    Size  Location     Type
		None
 Auto vars:     Size  Location     Type
		None
 Return value:  Size  Location     Type
                  1    wreg      void 
 Registers used:
		wreg, status,2
 Tracked objects:
		On entry : 
		On exit  : 
		Unchanged: 
 Data sizes:     COMMON   BANK0   BANK1   BANK3   BANK2
      Params:         0       0       0       0       0
      Locals:         0       0       0       0       0
      Temps:          0       0       0       0       0
      Totals:         0       0       0       0       0
Total ram usage:        0 bytes
 Hardware stack levels used:    1
 Hardware stack levels required when called:    2
 This function calls:
		Nothing
 This function is called by:
		_main
 This function uses a non-reentrant model


 *************** function _USART_Write_String *****************
 Defined at:
		line 43 in file "USART.c"
 Parameters:    Size  Location     Type
  a               2    4[COMMON] PTR unsigned char 
		 -> pantalla(20), STR_1(21), 
 Auto vars:     Size  Location     Type
  i               1    7[COMMON] unsigned char 
 Return value:  Size  Location     Type
                  1    wreg      void 
 Registers used:
		wreg, fsr0l, fsr0h, status,2, status,0, btemp+1, pclath, cstack
 Tracked objects:
		On entry : 
		On exit  : 
		Unchanged: 
 Data sizes:     COMMON   BANK0   BANK1   BANK3   BANK2
      Params:         2       0       0       0       0
      Locals:         1       0       0       0       0
      Temps:          1       0       0       0       0
      Totals:         4       0       0       0       0
Total ram usage:        4 bytes
 Hardware stack levels used:    1
 Hardware stack levels required when called:    3
 This function calls:
		_USART_Write
 This function is called by:
		_main
 This function uses a non-reentrant model


 *************** function _USART_Write *****************
 Defined at:
		line 39 in file "USART.c"
 Parameters:    Size  Location     Type
  a               1    wreg     unsigned char 
 Auto vars:     Size  Location     Type
  a               1    3[COMMON] unsigned char 
 Return value:  Size  Location     Type
                  1    wreg      void 
 Registers used:
		wreg
 Tracked objects:
		On entry : 
		On exit  : 
		Unchanged: 
 Data sizes:     COMMON   BANK0   BANK1   BANK3   BANK2
      Params:         0       0       0       0       0
      Locals:         1       0       0       0       0
      Temps:          0       0       0       0       0
      Totals:         1       0       0       0       0
Total ram usage:        1 bytes
 Hardware stack levels used:    1
 Hardware stack levels required when called:    2
 This function calls:
		Nothing
 This function is called by:
		_main
		_USART_Write_String
 This function uses a non-reentrant model


 *************** function _Set_Baud_Rate *****************
 Defined at:
		line 10 in file "USART.c"
 Parameters:    Size  Location     Type
		None
 Auto vars:     Size  Location     Type
		None
 Return value:  Size  Location     Type
                  1    wreg      void 
 Registers used:
		wreg
 Tracked objects:
		On entry : 
		On exit  : 
		Unchanged: 
 Data sizes:     COMMON   BANK0   BANK1   BANK3   BANK2
      Params:         0       0       0       0       0
      Locals:         0       0       0       0       0
      Temps:          0       0       0       0       0
      Totals:         0       0       0       0       0
Total ram usage:        0 bytes
 Hardware stack levels used:    1
 Hardware stack levels required when called:    2
 This function calls:
		Nothing
 This function is called by:
		_main
 This function uses a non-reentrant model


 *************** function _LeerADC *****************
 Defined at:
		line 177 in file "lab3_main.c"
 Parameters:    Size  Location     Type
  x               1    wreg     unsigned char 
 Auto vars:     Size  Location     Type
  x               1   44[BANK0 ] unsigned char 
  a               4   45[BANK0 ] float 
 Return value:  Size  Location     Type
                  4   36[BANK0 ] float 
 Registers used:
		wreg, fsr0l, fsr0h, status,2, status,0, btemp+1, pclath, cstack
 Tracked objects:
		On entry : 
		On exit  : 
		Unchanged: 
 Data sizes:     COMMON   BANK0   BANK1   BANK3   BANK2
      Params:         0       4       0       0       0
      Locals:         0       5       0       0       0
      Temps:          0       4       0       0       0
      Totals:         0      13       0       0       0
Total ram usage:       13 bytes
 Hardware stack levels used:    1
 Hardware stack levels required when called:    4
 This function calls:
		_ADC_Select
		___flmul
		___xxtofl
 This function is called by:
		_main
 This function uses a non-reentrant model


 *************** function ___xxtofl *****************
 Defined at:
		line 10 in file "D:\Microchip\xc8\v2.31\pic\sources\c90\common\xxtofl.c"
 Parameters:    Size  Location     Type
  sign            1    wreg     unsigned char 
  val             4    3[COMMON] long 
 Auto vars:     Size  Location     Type
  sign            1    4[BANK0 ] unsigned char 
  arg             4    6[BANK0 ] unsigned long 
  exp             1    5[BANK0 ] unsigned char 
 Return value:  Size  Location     Type
                  4    3[COMMON] unsigned char 
 Registers used:
		wreg, status,2, status,0
 Tracked objects:
		On entry : 
		On exit  : 
		Unchanged: 
 Data sizes:     COMMON   BANK0   BANK1   BANK3   BANK2
      Params:         4       0       0       0       0
      Locals:         0       6       0       0       0
      Temps:          0       4       0       0       0
      Totals:         4      10       0       0       0
Total ram usage:       14 bytes
 Hardware stack levels used:    1
 Hardware stack levels required when called:    2
 This function calls:
		Nothing
 This function is called by:
		_LeerADC
		_sprintf
 This function uses a non-reentrant model


 *************** function ___flmul *****************
 Defined at:
		line 8 in file "D:\Microchip\xc8\v2.31\pic\sources\c90\common\sprcmul.c"
 Parameters:    Size  Location     Type
  b               4   10[BANK0 ] unsigned char 
  a               4   14[BANK0 ] unsigned char 
 Auto vars:     Size  Location     Type
  prod            4   30[BANK0 ] struct .
  grs             4   24[BANK0 ] unsigned long 
  temp            2   34[BANK0 ] struct .
  bexp            1   29[BANK0 ] unsigned char 
  aexp            1   28[BANK0 ] unsigned char 
  sign            1   23[BANK0 ] unsigned char 
 Return value:  Size  Location     Type
                  4   10[BANK0 ] unsigned char 
 Registers used:
		wreg, status,2, status,0, btemp+1, pclath, cstack
 Tracked objects:
		On entry : 
		On exit  : 
		Unchanged: 
 Data sizes:     COMMON   BANK0   BANK1   BANK3   BANK2
      Params:         0       8       0       0       0
      Locals:         0      13       0       0       0
      Temps:          0       5       0       0       0
      Totals:         0      26       0       0       0
Total ram usage:       26 bytes
 Hardware stack levels used:    1
 Hardware stack levels required when called:    3
 This function calls:
		__Umul8_16
 This function is called by:
		_LeerADC
		_fround
		_scale
		_sprintf
 This function uses a non-reentrant model


 *************** function __Umul8_16 *****************
 Defined at:
		line 4 in file "D:\Microchip\xc8\v2.31\pic\sources\c90\common\Umul8_16.c"
 Parameters:    Size  Location     Type
  multiplier      1    wreg     unsigned char 
  multiplicand    1    3[COMMON] unsigned char 
 Auto vars:     Size  Location     Type
  multiplier      1    4[BANK0 ] unsigned char 
  word_mpld       2    2[BANK0 ] unsigned int 
  product         2    0[BANK0 ] unsigned int 
 Return value:  Size  Location     Type
                  2    3[COMMON] unsigned int 
 Registers used:
		wreg, status,2, status,0
 Tracked objects:
		On entry : 
		On exit  : 
		Unchanged: 
 Data sizes:     COMMON   BANK0   BANK1   BANK3   BANK2
      Params:         2       0       0       0       0
      Locals:         0       5       0       0       0
      Temps:          2       0       0       0       0
      Totals:         4       5       0       0       0
Total ram usage:        9 bytes
 Hardware stack levels used:    1
 Hardware stack levels required when called:    2
 This function calls:
		Nothing
 This function is called by:
		___flmul
 This function uses a non-reentrant model


 *************** function _ADC_Select *****************
 Defined at:
		line 19 in file "ADC.c"
 Parameters:    Size  Location     Type
  a               1    wreg     unsigned char 
 Auto vars:     Size  Location     Type
  a               1    5[COMMON] unsigned char 
 Return value:  Size  Location     Type
                  1    wreg      void 
 Registers used:
		wreg, fsr0l, fsr0h, status,2, status,0
 Tracked objects:
		On entry : 
		On exit  : 
		Unchanged: 
 Data sizes:     COMMON   BANK0   BANK1   BANK3   BANK2
      Params:         0       0       0       0       0
      Locals:         1       0       0       0       0
      Temps:          2       0       0       0       0
      Totals:         3       0       0       0       0
Total ram usage:        3 bytes
 Hardware stack levels used:    1
 Hardware stack levels required when called:    2
 This function calls:
		Nothing
 This function is called by:
		_LeerADC
 This function uses a non-reentrant model


 *************** function _LCD_clear *****************
 Defined at:
		line 40 in file "LCD.c"
 Parameters:    Size  Location     Type
		None
 Auto vars:     Size  Location     Type
		None
 Return value:  Size  Location     Type
                  1    wreg      void 
 Registers used:
		wreg, status,2, status,0, pclath, cstack
 Tracked objects:
		On entry : 
		On exit  : 
		Unchanged: 
 Data sizes:     COMMON   BANK0   BANK1   BANK3   BANK2
      Params:         0       0       0       0       0
      Locals:         0       0       0       0       0
      Temps:          0       0       0       0       0
      Totals:         0       0       0       0       0
Total ram usage:        0 bytes
 Hardware stack levels used:    1
 Hardware stack levels required when called:    4
 This function calls:
		_LCD_Command
 This function is called by:
		_main
 This function uses a non-reentrant model


 *************** function _LCD_Write_String *****************
 Defined at:
		line 76 in file "LCD.c"
 Parameters:    Size  Location     Type
  a               2    6[COMMON] PTR unsigned char 
		 -> STR_3(15), pantalla(20), 
 Auto vars:     Size  Location     Type
  i               2    3[BANK0 ] int 
 Return value:  Size  Location     Type
                  1    wreg      void 
 Registers used:
		wreg, fsr0l, fsr0h, status,2, status,0, btemp+1, pclath, cstack
 Tracked objects:
		On entry : 
		On exit  : 
		Unchanged: 
 Data sizes:     COMMON   BANK0   BANK1   BANK3   BANK2
      Params:         2       0       0       0       0
      Locals:         0       2       0       0       0
      Temps:          0       3       0       0       0
      Totals:         2       5       0       0       0
Total ram usage:        7 bytes
 Hardware stack levels used:    1
 Hardware stack levels required when called:    4
 This function calls:
		_LCD_Write_Char
 This function is called by:
		_main
 This function uses a non-reentrant model


 *************** function _LCD_Write_Char *****************
 Defined at:
		line 9 in file "LCD.c"
 Parameters:    Size  Location     Type
  a               1    wreg     unsigned char 
 Auto vars:     Size  Location     Type
  a               1    5[COMMON] unsigned char 
 Return value:  Size  Location     Type
                  1    wreg      void 
 Registers used:
		wreg, status,2, status,0, pclath, cstack
 Tracked objects:
		On entry : 
		On exit  : 
		Unchanged: 
 Data sizes:     COMMON   BANK0   BANK1   BANK3   BANK2
      Params:         0       0       0       0       0
      Locals:         1       0       0       0       0
      Temps:          1       0       0       0       0
      Totals:         2       0       0       0       0
Total ram usage:        2 bytes
 Hardware stack levels used:    1
 Hardware stack levels required when called:    3
 This function calls:
		_LCD_Port
 This function is called by:
		_LCD_Write_String
 This function uses a non-reentrant model


 *************** function _LCD_Set_Cursor *****************
 Defined at:
		line 62 in file "LCD.c"
 Parameters:    Size  Location     Type
  x               1    wreg     unsigned char 
  y               1    7[COMMON] unsigned char 
 Auto vars:     Size  Location     Type
  x               1    0[BANK0 ] unsigned char 
  a               1    1[BANK0 ] unsigned char 
 Return value:  Size  Location     Type
                  1    wreg      void 
 Registers used:
		wreg, status,2, status,0, pclath, cstack
 Tracked objects:
		On entry : 
		On exit  : 
		Unchanged: 
 Data sizes:     COMMON   BANK0   BANK1   BANK3   BANK2
      Params:         1       0       0       0       0
      Locals:         0       2       0       0       0
      Temps:          1       0       0       0       0
      Totals:         2       2       0       0       0
Total ram usage:        4 bytes
 Hardware stack levels used:    1
 Hardware stack levels required when called:    4
 This function calls:
		_LCD_Command
 This function is called by:
		_main
 This function uses a non-reentrant model


 *************** function _LCD_Init *****************
 Defined at:
		line 45 in file "LCD.c"
 Parameters:    Size  Location     Type
		None
 Auto vars:     Size  Location     Type
		None
 Return value:  Size  Location     Type
                  1    wreg      void 
 Registers used:
		wreg, status,2, status,0, pclath, cstack
 Tracked objects:
		On entry : 
		On exit  : 
		Unchanged: 
 Data sizes:     COMMON   BANK0   BANK1   BANK3   BANK2
      Params:         0       0       0       0       0
      Locals:         0       0       0       0       0
      Temps:          2       0       0       0       0
      Totals:         2       0       0       0       0
Total ram usage:        2 bytes
 Hardware stack levels used:    1
 Hardware stack levels required when called:    4
 This function calls:
		_LCD_Command
		_LCD_Port
 This function is called by:
		_main
 This function uses a non-reentrant model


 *************** function _LCD_Command *****************
 Defined at:
		line 31 in file "LCD.c"
 Parameters:    Size  Location     Type
  a               1    wreg     unsigned char 
 Auto vars:     Size  Location     Type
  a               1    6[COMMON] unsigned char 
 Return value:  Size  Location     Type
                  1    wreg      void 
 Registers used:
		wreg, status,2, status,0, pclath, cstack
 Tracked objects:
		On entry : 
		On exit  : 
		Unchanged: 
 Data sizes:     COMMON   BANK0   BANK1   BANK3   BANK2
      Params:         0       0       0       0       0
      Locals:         1       0       0       0       0
      Temps:          2       0       0       0       0
      Totals:         3       0       0       0       0
Total ram usage:        3 bytes
 Hardware stack levels used:    1
 Hardware stack levels required when called:    3
 This function calls:
		_LCD_Port
 This function is called by:
		_LCD_clear
		_LCD_Init
		_LCD_Set_Cursor
 This function uses a non-reentrant model


 *************** function _LCD_Port *****************
 Defined at:
		line 18 in file "LCD.c"
 Parameters:    Size  Location     Type
  a               1    wreg     unsigned char 
 Auto vars:     Size  Location     Type
  a               1    3[COMMON] unsigned char 
 Return value:  Size  Location     Type
                  1    wreg      void 
 Registers used:
		wreg
 Tracked objects:
		On entry : 
		On exit  : 
		Unchanged: 
 Data sizes:     COMMON   BANK0   BANK1   BANK3   BANK2
      Params:         0       0       0       0       0
      Locals:         1       0       0       0       0
      Temps:          0       0       0       0       0
      Totals:         1       0       0       0       0
Total ram usage:        1 bytes
 Hardware stack levels used:    1
 Hardware stack levels required when called:    2
 This function calls:
		Nothing
 This function is called by:
		_LCD_Write_Char
		_LCD_Command
		_LCD_Init
 This function uses a non-reentrant model


 *************** function _Init_Transmit *****************
 Defined at:
		line 14 in file "USART.c"
 Parameters:    Size  Location     Type
		None
 Auto vars:     Size  Location     Type
		None
 Return value:  Size  Location     Type
                  1    wreg      void 
 Registers used:
		None
 Tracked objects:
		On entry : 
		On exit  : 
		Unchanged: 
 Data sizes:     COMMON   BANK0   BANK1   BANK3   BANK2
      Params:         0       0       0       0       0
      Locals:         0       0       0       0       0
      Temps:          0       0       0       0       0
      Totals:         0       0       0       0       0
Total ram usage:        0 bytes
 Hardware stack levels used:    1
 Hardware stack levels required when called:    2
 This function calls:
		Nothing
 This function is called by:
		_main
 This function uses a non-reentrant model


 *************** function _Init_Receive *****************
 Defined at:
		line 28 in file "USART.c"
 Parameters:    Size  Location     Type
		None
 Auto vars:     Size  Location     Type
		None
 Return value:  Size  Location     Type
                  1    wreg      void 
 Registers used:
		None
 Tracked objects:
		On entry : 
		On exit  : 
		Unchanged: 
 Data sizes:     COMMON   BANK0   BANK1   BANK3   BANK2
      Params:         0       0       0       0       0
      Locals:         0       0       0       0       0
      Temps:          0       0       0       0       0
      Totals:         0       0       0       0       0
Total ram usage:        0 bytes
 Hardware stack levels used:    1
 Hardware stack levels required when called:    2
 This function calls:
		Nothing
 This function is called by:
		_main
 This function uses a non-reentrant model


 *************** function _ISR *****************
 Defined at:
		line 63 in file "lab3_main.c"
 Parameters:    Size  Location     Type
		None
 Auto vars:     Size  Location     Type
		None
 Return value:  Size  Location     Type
                  1    wreg      void 
 Registers used:
		wreg, status,2, status,0, pclath, cstack
 Tracked objects:
		On entry : 
		On exit  : 
		Unchanged: 
 Data sizes:     COMMON   BANK0   BANK1   BANK3   BANK2
      Params:         0       0       0       0       0
      Locals:         0       0       0       0       0
      Temps:          3       0       0       0       0
      Totals:         3       0       0       0       0
Total ram usage:        3 bytes
 Hardware stack levels used:    1
 Hardware stack levels required when called:    1
 This function calls:
		_USART_Read
 This function is called by:
		Interrupt level 1
 This function uses a non-reentrant model


 *************** function _USART_Read *****************
 Defined at:
		line 49 in file "USART.c"
 Parameters:    Size  Location     Type
		None
 Auto vars:     Size  Location     Type
		None
 Return value:  Size  Location     Type
                  1    wreg      unsigned char 
 Registers used:
		wreg
 Tracked objects:
		On entry : 
		On exit  : 
		Unchanged: 
 Data sizes:     COMMON   BANK0   BANK1   BANK3   BANK2
      Params:         0       0       0       0       0
      Locals:         0       0       0       0       0
      Temps:          0       0       0       0       0
      Totals:         0       0       0       0       0
Total ram usage:        0 bytes
 Hardware stack levels used:    1
 This function calls:
		Nothing
 This function is called by:
		_ISR
 This function uses a non-reentrant model



MODULE INFORMATION

Module		Function		Class		Link	Load	Size
USART.c
		_USART_Write_String		CODE           	1942	0000	43
		_USART_Read    		CODE           	1002	0000	8
		_Init_Transmit 		CODE           	1848	0000	14
		_USART_Write   		CODE           	1822	0000	12
		_Set_Baud_Rate 		CODE           	180C	0000	5
		_Init_Receive  		CODE           	08D9	0000	8

USART.c estimated size: 90

D:\Microchip\xc8\v2.31\pic\sources\c90\common\Umul8_16.c
		__Umul8_16     		CODE           	18EF	0000	41

D:\Microchip\xc8\v2.31\pic\sources\c90\common\Umul8_16.c estimated size: 41

D:\Microchip\xc8\v2.31\pic\sources\c90\common\flneg.c
		___flneg       		CODE           	1817	0000	11

D:\Microchip\xc8\v2.31\pic\sources\c90\common\flneg.c estimated size: 11

D:\Microchip\xc8\v2.31\pic\sources\c90\common\doprnt.c
		_scale         		CODE           	0C9D	0000	867
		_sprintf       		CODE           	14F6	0000	2444
		_fround        		CODE           	1061	0000	525

D:\Microchip\xc8\v2.31\pic\sources\c90\common\doprnt.c estimated size: 3836

D:\Microchip\xc8\v2.31\pic\sources\c90\common\sprcmul.c
		___flmul       		CODE           	093C	0000	865

D:\Microchip\xc8\v2.31\pic\sources\c90\common\sprcmul.c estimated size: 865

D:\Microchip\xc8\v2.31\pic\sources\c90\common\__lldiv.c
		___lldiv       		CODE           	1BA5	0000	104

D:\Microchip\xc8\v2.31\pic\sources\c90\common\__lldiv.c estimated size: 104

D:\Microchip\xc8\v2.31\pic\sources\c90\common\fleq.c
		___fleq        		CODE           	1AAF	0000	80

D:\Microchip\xc8\v2.31\pic\sources\c90\common\fleq.c estimated size: 80

D:\Microchip\xc8\v2.31\pic\sources\c90\common\lwmod.c
		___lwmod       		CODE           	199A	0000	58

D:\Microchip\xc8\v2.31\pic\sources\c90\common\lwmod.c estimated size: 58

D:\Microchip\xc8\v2.31\pic\sources\c90\common\awmod.c
		___awmod       		CODE           	08E1	0000	91

D:\Microchip\xc8\v2.31\pic\sources\c90\common\awmod.c estimated size: 91

lab3_main.c
		_ISR           		CODE           	196D	0000	45
		_main          		CODE           	06A0	0000	239
		_setup         		CODE           	1918	0000	42
		_LeerADC       		CODE           	100A	0000	87

lab3_main.c estimated size: 413

D:\Microchip\xc8\v2.31\pic\sources\c90\common\llmod.c
		___llmod       		CODE           	1B4F	0000	86

D:\Microchip\xc8\v2.31\pic\sources\c90\common\llmod.c estimated size: 86

D:\Microchip\xc8\v2.31\pic\sources\c90\common\ftdivl.c
		__tdiv_to_l_   		CODE           	1E85	0000	189

D:\Microchip\xc8\v2.31\pic\sources\c90\common\ftdivl.c estimated size: 189

D:\Microchip\xc8\v2.31\pic\sources\c90\common\Umul16.c
		___wmul        		CODE           	18A4	0000	37

D:\Microchip\xc8\v2.31\pic\sources\c90\common\Umul16.c estimated size: 37

shared
		__stringtab    		STRING         	0800	0000	16
		__powers_      		STRING         	0810	0000	52
		_dpowers       		STRING         	0878	0000	40
		__npowers_     		STRING         	0844	0000	52
		__initialization		CODE           	000F	0000	11

shared estimated size: 171

ADC.c
		_ADC_Select    		CODE           	1C89	0000	156
		_initADC       		CODE           	183B	0000	13

ADC.c estimated size: 169

D:\Microchip\xc8\v2.31\pic\sources\c90\common\isdigit.c
		_isdigit       		CODE           	1856	0000	18

D:\Microchip\xc8\v2.31\pic\sources\c90\common\isdigit.c estimated size: 18

D:\Microchip\xc8\v2.31\pic\sources\c90\common\lwdiv.c
		___lwdiv       		CODE           	1A1A	0000	70

D:\Microchip\xc8\v2.31\pic\sources\c90\common\lwdiv.c estimated size: 70

D:\Microchip\xc8\v2.31\pic\sources\c90\common\sprcadd.c
		___flsub       		CODE           	1AFF	0000	80
		___fladd       		CODE           	126E	0000	648

D:\Microchip\xc8\v2.31\pic\sources\c90\common\sprcadd.c estimated size: 728

D:\Microchip\xc8\v2.31\pic\sources\c90\common\awdiv.c
		___awdiv       		CODE           	078F	0000	105

D:\Microchip\xc8\v2.31\pic\sources\c90\common\awdiv.c estimated size: 105

D:\Microchip\xc8\v2.31\pic\sources\c90\common\fltol.c
		___fltol       		CODE           	1C0D	0000	124

D:\Microchip\xc8\v2.31\pic\sources\c90\common\fltol.c estimated size: 124

D:\Microchip\xc8\v2.31\pic\sources\c90\common\fldivl.c
		__div_to_l_    		CODE           	1F42	0000	190

D:\Microchip\xc8\v2.31\pic\sources\c90\common\fldivl.c estimated size: 190

D:\Microchip\xc8\v2.31\pic\sources\c90\common\flge.c
		___flge        		CODE           	1D25	0000	164

D:\Microchip\xc8\v2.31\pic\sources\c90\common\flge.c estimated size: 164

D:\Microchip\xc8\v2.31\pic\sources\c90\common\xxtofl.c
		___xxtofl      		CODE           	1DC9	0000	188

D:\Microchip\xc8\v2.31\pic\sources\c90\common\xxtofl.c estimated size: 188

LCD.c
		_LCD_Init      		CODE           	1A60	0000	79
		_LCD_clear     		CODE           	182E	0000	13
		_LCD_Write_Char		CODE           	1868	0000	25
		_LCD_Command   		CODE           	1881	0000	35
		_LCD_Set_Cursor		CODE           	18C9	0000	38
		_LCD_Port      		CODE           	1811	0000	6
		_LCD_Write_String		CODE           	19D4	0000	70

LCD.c estimated size: 266

