Microchip MPLAB XC8 Compiler V2.31

Linker command line:

-W-3 --edf=D:\Microchip\xc8\v2.31\pic\dat\en_msgs.txt -cn \
  -h+dist/default/production\Lab_3.X.production.sym \
  --cmf=dist/default/production\Lab_3.X.production.cmf -z -Q16F887 \
  -oC:\Users\jrdia\AppData\Local\Temp\sge0.2 --defsym=__MPLAB_BUILD=1 \
  -Mdist/default/production/Lab_3.X.production.map -E1 -ver=XC8 Compiler \
  -ASTACK=0110h-016Fh -pstack=STACK -ACODE=00h-07FFhx4 -ASTRCODE=00h-01FFFh \
  -ASTRING=00h-0FFhx32 -ACONST=00h-0FFhx32 -AENTRY=00h-0FFhx32 \
  -ACOMMON=070h-07Fh -ABANK0=020h-06Fh -ABANK1=0A0h-0EFh \
  -ABANK2=0110h-016Fh -ABANK3=0190h-01EFh \
  -ARAM=020h-06Fh,0A0h-0EFh,0110h-016Fh,0190h-01EFh \
  -AABS1=020h-07Fh,0A0h-0EFh,0110h-016Fh,0190h-01EFh -ASFR0=00h-01Fh \
  -ASFR1=080h-09Fh -ASFR2=0100h-010Fh -ASFR3=0180h-018Fh \
  -ACONFIG=02007h-02008h -DCONFIG=2 -AIDLOC=02000h-02003h -DIDLOC=2 \
  -AEEDATA=00h-0FFh/02100h -peeprom_data=EEDATA -DEEDATA=2 -DCODE=2 \
  -DSTRCODE=2 -DSTRING=2 -DCONST=2 -DENTRY=2 \
  -preset_vec=00h,intentry=04h,init,end_init -ppowerup=CODE -pcinit=CODE \
  -pfunctab=ENTRY -k C:\Users\jrdia\AppData\Local\Temp\sge0.o \
  dist/default/production\Lab_3.X.production.o 

Object code version is 3.11

Machine type is 16F887



                Name                               Link     Load   Length Selector   Space Scale
C:\Users\jrdia\AppData\Local\Temp\sge0.o
                end_init                              C        C        3        8       0
                reset_vec                             0        0        3        0       0
                config                             2007     2007        2        0       4
dist/default/production\Lab_3.X.production.o
                cinit                                 F        F       12        8       0
                intentry                              4        4        8        8       0
                text1_split_1                        21       21      6B4        8       0
                config                             2007     2007        2        0       4
                text40                             1D6D     1D6D        7     3ADA       0
                text39                             1D74     1D74        8     3AE8       0
                text38                              7F0      7F0        E        8       0
                text37                             1D67     1D67        6     3ACE       0
                text36                             1DBE     1DBE       23     3B7C       0
                text35                             1125     1125       4F     224A       0
                text34                             1DE1     1DE1       24     3BC2       0
                text33                             10C4     10C4       19     2188       0
                text32                             1F74     1F74       46     3EE8       0
                text31                             1D92     1D92        D     3B24       0
                text30                              818      818       9C     1030       0
                text29                             12F4     12F4       7C     25E8       0
                text28                             1E4F     1E4F       29     3C9E       0
                text27                             14B9     14B9       E5     2972       0
                text26                             10DD     10DD       48     21BA       0
                text25                             1D62     1D62        5     3AC4       0
                text24                             1D86     1D86        C     3B0C       0
                text23                             1E78     1E78       2B     3CF0       0
                text22                             1D9F     1D9F        D     3B3E       0
                text21                             1EA3     1EA3       2C     3D46       0
                text20                             1F02     1F02       38     3E04       0
                text19                             1D7C     1D7C        A     3AF8       0
                text18                             16CA     16CA      136     2D94       0
                text17                             1E05     1E05       25     3C0A       0
                text16                             1370     1370       8C     26E0       0
                text15                             1223     1223       68     2446       0
                text14                             1174     1174       56     22E8       0
                text13                             1ECF     1ECF       33     3D9E       0
                text12                             1E2A     1E2A       25     3C54       0
                text11                             159E     159E      12C     2B3C       0
                text10                             13FC     13FC       BD     27F8       0
                text9                               801      801       17     1002       0
                text8                              1FBA     1FBA       46     3F74       0
                text7                              1F3A     1F3A       3A     3E74       0
                text6                               8B4      8B4      1A9     1168       0
                text5                              1DAC     1DAC       12     3B58       0
                text4                              128B     128B       69     2516       0
                text3                              11CA     11CA       59     2394       0
                text2                               A5D      A5D      2BB     14BA       0
                text1                               D18      D18      2E8     1A30       0
                maintext                            6D5      6D5      11B        8       0
                cstackBANK0                          20       20       4D       20       1
                cstackCOMMON                         70       70        B       70       1
                cstackBANK1                          A0       A0       1C       A0       1
                clrtext                            10BC     10BC        8     2178       0
                bssBANK1                             BC       BC       1A       A0       1
                bssBANK0                             6D       6D        2       20       1
                bssCOMMON                            7B       7B        1       70       1
                strings                            1000     1000       BB     2000       0

TOTAL           Name                               Link     Load   Length     Space
        CLASS   STACK          

        CLASS   CODE           
                end_init                              C        C        3         0
                cinit                                 F        F       12         0
                intentry                              4        4        8         0
                reset_vec                             0        0        3         0
                text1_split_1                        21       21      6B4         0
                text40                             1D6D     1D6D        7         0
                text39                             1D74     1D74        8         0
                text38                              7F0      7F0        E         0
                text37                             1D67     1D67        6         0
                text36                             1DBE     1DBE       23         0
                text35                             1125     1125       4F         0
                text34                             1DE1     1DE1       24         0
                text33                             10C4     10C4       19         0
                text32                             1F74     1F74       46         0
                text31                             1D92     1D92        D         0
                text30                              818      818       9C         0
                text29                             12F4     12F4       7C         0
                text28                             1E4F     1E4F       29         0
                text27                             14B9     14B9       E5         0
                text26                             10DD     10DD       48         0
                text25                             1D62     1D62        5         0
                text24                             1D86     1D86        C         0
                text23                             1E78     1E78       2B         0
                text22                             1D9F     1D9F        D         0
                text21                             1EA3     1EA3       2C         0
                text20                             1F02     1F02       38         0
                text19                             1D7C     1D7C        A         0
                text18                             16CA     16CA      136         0
                text17                             1E05     1E05       25         0
                text16                             1370     1370       8C         0
                text15                             1223     1223       68         0
                text14                             1174     1174       56         0
                text13                             1ECF     1ECF       33         0
                text12                             1E2A     1E2A       25         0
                text11                             159E     159E      12C         0
                text10                             13FC     13FC       BD         0
                text9                               801      801       17         0
                text8                              1FBA     1FBA       46         0
                text7                              1F3A     1F3A       3A         0
                text6                               8B4      8B4      1A9         0
                text5                              1DAC     1DAC       12         0
                text4                              128B     128B       69         0
                text3                              11CA     11CA       59         0
                text2                               A5D      A5D      2BB         0
                text1                               D18      D18      2E8         0
                maintext                            6D5      6D5      11B         0
                clrtext                            10BC     10BC        8         0

        CLASS   STRCODE        

        CLASS   STRING         
                strings                            1000     1000       BB         0

        CLASS   CONST          

        CLASS   ENTRY          

        CLASS   COMMON         
                cstackCOMMON                         70       70        B         1
                bssCOMMON                            7B       7B        1         1

        CLASS   BANK0          
                cstackBANK0                          20       20       4D         1
                bssBANK0                             6D       6D        2         1

        CLASS   BANK1          
                cstackBANK1                          A0       A0       1C         1
                bssBANK1                             BC       BC       1A         1

        CLASS   BANK2          

        CLASS   BANK3          

        CLASS   RAM            

        CLASS   ABS1           
                abs_s1                               7E       7E        2         1

        CLASS   SFR0           

        CLASS   SFR1           

        CLASS   SFR2           

        CLASS   SFR3           

        CLASS   CONFIG         
                config                             2007     2007        2         4

        CLASS   IDLOC          

        CLASS   EEDATA         



SEGMENTS        Name                           Load    Length   Top    Selector   Space  Class     Delta

                reset_vec                      000000  000003  000003         0       0  CODE        2
                intentry                       000004  0007FA  0007FE         8       0  CODE        2
                cstackBANK0                    000020  00004F  00006F        20       1  BANK0       1
                cstackCOMMON                   000070  00000C  00007C        70       1  COMMON      1
                cstackBANK1                    0000A0  000036  0000D6        A0       1  BANK1       1
                text9                          000801  000017  000818      1002       0  CODE        2
                text30                         000818  00009C  0008B4      1030       0  CODE        2
                text6                          0008B4  0001A9  000A5D      1168       0  CODE        2
                text2                          000A5D  0002BB  000D18      14BA       0  CODE        2
                text1                          000D18  0002E8  001000      1A30       0  CODE        2
                strings                        001000  0000BB  0010BB      2000       0  STRING      2
                clrtext                        0010BC  000008  0010C4      2178       0  CODE        2
                text33                         0010C4  000019  0010DD      2188       0  CODE        2
                text26                         0010DD  000048  001125      21BA       0  CODE        2
                text35                         001125  00004F  001174      224A       0  CODE        2
                text14                         001174  000056  0011CA      22E8       0  CODE        2
                text3                          0011CA  000059  001223      2394       0  CODE        2
                text15                         001223  000068  00128B      2446       0  CODE        2
                text4                          00128B  000069  0012F4      2516       0  CODE        2
                text29                         0012F4  00007C  001370      25E8       0  CODE        2
                text16                         001370  00008C  0013FC      26E0       0  CODE        2
                text10                         0013FC  0000BD  0014B9      27F8       0  CODE        2
                text27                         0014B9  0000E5  00159E      2972       0  CODE        2
                text11                         00159E  00012C  0016CA      2B3C       0  CODE        2
                text18                         0016CA  000136  001800      2D94       0  CODE        2
                text25                         001D62  000005  001D67      3AC4       0  CODE        2
                text37                         001D67  000006  001D6D      3ACE       0  CODE        2
                text40                         001D6D  000007  001D74      3ADA       0  CODE        2
                text39                         001D74  000008  001D7C      3AE8       0  CODE        2
                text19                         001D7C  00000A  001D86      3AF8       0  CODE        2
                text24                         001D86  00000C  001D92      3B0C       0  CODE        2
                text31                         001D92  00000D  001D9F      3B24       0  CODE        2
                text22                         001D9F  00000D  001DAC      3B3E       0  CODE        2
                text5                          001DAC  000012  001DBE      3B58       0  CODE        2
                text36                         001DBE  000023  001DE1      3B7C       0  CODE        2
                text34                         001DE1  000024  001E05      3BC2       0  CODE        2
                text17                         001E05  000025  001E2A      3C0A       0  CODE        2
                text12                         001E2A  000025  001E4F      3C54       0  CODE        2
                text28                         001E4F  000029  001E78      3C9E       0  CODE        2
                text23                         001E78  00002B  001EA3      3CF0       0  CODE        2
                text21                         001EA3  00002C  001ECF      3D46       0  CODE        2
                text13                         001ECF  000033  001F02      3D9E       0  CODE        2
                text20                         001F02  000038  001F3A      3E04       0  CODE        2
                text7                          001F3A  00003A  001F74      3E74       0  CODE        2
                text32                         001F74  000046  001FBA      3EE8       0  CODE        2
                text8                          001FBA  000046  002000      3F74       0  CODE        2


UNUSED ADDRESS RANGES

        Name                Unused          Largest block    Delta
        BANK0            0006F-0006F               1           1
        BANK1            000D6-000EF              1A           1
        BANK2            00110-0016F              60           1
        BANK3            00190-001EF              60           1
        CODE             00003-00003               1           2
                         007FE-00800               2
                         010BB-010BB               1
                         01800-01D61             562
        COMMON           0007C-0007D               2           1
        CONST            00003-00003               1           2
                         007FE-00800               2
                         010BB-010BB               1
                         01800-01D61             100
        EEDATA           02100-021FF             100           2
        ENTRY            00003-00003               1           2
                         007FE-00800               2
                         010BB-010BB               1
                         01800-01D61             100
        IDLOC            02000-02003               4           2
        RAM              0006F-0006F               1           1
                         000D6-000EF              1A
                         00110-0016F              60
                         00190-001EF              60
        SFR0             00000-0001F              20           1
        SFR1             00080-0009F              20           1
        SFR2             00100-0010F              10           1
        SFR3             00180-0018F              10           1
        STACK            00110-0016F              60           1
        STRCODE          00003-00003               1           2
                         007FE-00800               3
                         010BB-010BB               1
                         01800-01D61             562
        STRING           00003-00003               1           2
                         007FE-00800               2
                         010BB-010BB               1
                         01800-01D61             100

                                  Symbol Table

?_LeerADC                    cstackBANK0  0003B
?___awdiv                    cstackBANK0  00020
?___awmod                    cstackCOMMON 00072
?___awtoft                   cstackBANK0  00020
?___ftadd                    cstackBANK0  0004B
?___ftmul                    cstackBANK0  0002B
?___ftneg                    cstackCOMMON 00072
?___ftpack                   cstackCOMMON 00072
?___ftsub                    cstackBANK0  00058
?___fttol                    cstackBANK0  00044
?___lldiv                    cstackCOMMON 00072
?___llmod                    cstackBANK0  00025
?___lltoft                   cstackBANK0  00020
?___lwdiv                    cstackBANK0  00020
?___lwmod                    cstackCOMMON 00072
?___wmul                     cstackCOMMON 00072
?__div_to_l_                 cstackCOMMON 00072
?__tdiv_to_l_                cstackCOMMON 00072
?_fround                     cstackBANK0  0003B
?_scale                      cstackBANK0  0003B
?_sprintf                    cstackBANK0  0005E
ADC_Select@a                 cstackCOMMON 00074
LCD_Command@a                cstackCOMMON 00075
LCD_Port@a                   cstackCOMMON 00072
LCD_Set_Cursor@a             cstackCOMMON 00079
LCD_Set_Cursor@x             cstackCOMMON 00078
LCD_Set_Cursor@y             cstackCOMMON 00076
LCD_Write_Char@a             cstackCOMMON 00074
LCD_Write_String@a           cstackCOMMON 00075
LCD_Write_String@i           cstackBANK0  00020
LeerADC@a                    cstackBANK0  00041
LeerADC@x                    cstackBANK0  00040
USART_Write@a                cstackCOMMON 00072
USART_Write_String@a         cstackCOMMON 00073
USART_Write_String@i         cstackCOMMON 00076
_ADCON0                      (abs)        0001F
_ADCON0bits                  (abs)        0001F
_ADCON1                      (abs)        0009F
_ADC_Select                  text30       00818
_ADRESH                      (abs)        0001E
_ANSEL                       (abs)        00188
_ANSELH                      (abs)        00189
_INTCONbits                  (abs)        0000B
_ISR                         text40       01D6D
_Init_Receive                text39       01D74
_Init_Transmit               text38       007F0
_LCD_Command                 text36       01DBE
_LCD_Init                    text35       01125
_LCD_Port                    text37       01D67
_LCD_Set_Cursor              text34       01DE1
_LCD_Write_Char              text33       010C4
_LCD_Write_String            text32       01F74
_LCD_clear                   text31       01D92
_LeerADC                     text26       010DD
_PIE1bits                    (abs)        0008C
_PIR1bits                    (abs)        0000C
_PORTA                       (abs)        00005
_PORTB                       (abs)        00006
_PORTC                       (abs)        00007
_PORTD                       (abs)        00008
_PORTE                       (abs)        00009
_RCIF                        (abs)        00065
_RCREG                       (abs)        0001A
_RCSTAbits                   (abs)        00018
_RE0                         (abs)        00048
_RE1                         (abs)        00049
_SPBRG                       (abs)        00099
_Set_Baud_Rate               text25       01D62
_TRISA                       (abs)        00085
_TRISB                       (abs)        00086
_TRISC                       (abs)        00087
_TRISCbits                   (abs)        00087
_TRISD                       (abs)        00088
_TRISE                       (abs)        00089
_TRMT                        (abs)        004C1
_TXREG                       (abs)        00019
_TXSTAbits                   (abs)        00098
_USART_Write                 text24       01D86
_USART_Write_String          text23       01E78
_V1                          bssBANK1     000BF
_V2                          bssBANK1     000BC
__Habs1                      abs1         00000
__Hbank0                     bank0        00000
__Hbank1                     bank1        00000
__Hbank2                     bank2        00000
__Hbank3                     bank3        00000
__HbssBANK0                  bssBANK0     00000
__HbssBANK1                  bssBANK1     00000
__HbssCOMMON                 bssCOMMON    00000
__Hcinit                     cinit        00021
__Hclrtext                   clrtext      00000
__Hcode                      code         00000
__Hcommon                    common       00000
__Hconfig                    config       02009
__HcstackBANK0               cstackBANK0  00000
__HcstackBANK1               cstackBANK1  00000
__HcstackCOMMON              cstackCOMMON 00000
__Heeprom_data               eeprom_data  00000
__Hend_init                  end_init     0000F
__Hfunctab                   functab      00000
__Hinit                      init         0000C
__Hintentry                  intentry     0000C
__Hmaintext                  maintext     00000
__Hpowerup                   powerup      00000
__Hram                       ram          00000
__Hreset_vec                 reset_vec    00003
__Hsfr0                      sfr0         00000
__Hsfr1                      sfr1         00000
__Hsfr2                      sfr2         00000
__Hsfr3                      sfr3         00000
__Hspace_0                   (abs)        02000
__Hspace_1                   (abs)        000D6
__Hspace_2                   (abs)        00000
__Hspace_3                   (abs)        00000
__Hspace_4                   (abs)        04010
__Hstack                     stack        00000
__Hstrings                   strings      00000
__Htext                      text         00000
__Labs1                      abs1         00000
__Lbank0                     bank0        00000
__Lbank1                     bank1        00000
__Lbank2                     bank2        00000
__Lbank3                     bank3        00000
__LbssBANK0                  bssBANK0     00000
__LbssBANK1                  bssBANK1     00000
__LbssCOMMON                 bssCOMMON    00000
__Lcinit                     cinit        0000F
__Lclrtext                   clrtext      00000
__Lcode                      code         00000
__Lcommon                    common       00000
__Lconfig                    config       00000
__LcstackBANK0               cstackBANK0  00000
__LcstackBANK1               cstackBANK1  00000
__LcstackCOMMON              cstackCOMMON 00000
__Leeprom_data               eeprom_data  00000
__Lend_init                  end_init     0000C
__Lfunctab                   functab      00000
__Linit                      init         0000C
__Lintentry                  intentry     00004
__Lmaintext                  maintext     00000
__Lpowerup                   powerup      00000
__Lram                       ram          00000
__Lreset_vec                 reset_vec    00000
__Lsfr0                      sfr0         00000
__Lsfr1                      sfr1         00000
__Lsfr2                      sfr2         00000
__Lsfr3                      sfr3         00000
__Lspace_0                   (abs)        00000
__Lspace_1                   (abs)        00000
__Lspace_2                   (abs)        00000
__Lspace_3                   (abs)        00000
__Lspace_4                   (abs)        00000
__Lstack                     stack        00000
__Lstrings                   strings      00000
__Ltext                      text         00000
__S0                         (abs)        02000
__S1                         (abs)        000D6
__S2                         (abs)        00000
__S3                         (abs)        00000
___awdiv                     text4        0128B
___awdiv@counter             cstackBANK0  00024
___awdiv@dividend            cstackBANK0  00022
___awdiv@divisor             cstackBANK0  00020
___awdiv@quotient            cstackBANK0  00026
___awdiv@sign                cstackBANK0  00025
___awmod                     text3        011CA
___awmod@counter             cstackCOMMON 00077
___awmod@dividend            cstackCOMMON 00074
___awmod@divisor             cstackCOMMON 00072
___awmod@sign                cstackCOMMON 00078
___awtoft                    text28       01E4F
___awtoft@c                  cstackBANK0  00020
___awtoft@sign               cstackCOMMON 0007A
___bmul                      text9        00801
___bmul@multiplicand         cstackBANK0  00028
___bmul@multiplier           cstackBANK0  0002A
___bmul@product              cstackBANK0  00029
___ftadd                     text18       016CA
___ftadd@exp1                cstackBANK0  00057
___ftadd@exp2                cstackBANK0  00056
___ftadd@f1                  cstackBANK0  0004B
___ftadd@f2                  cstackBANK0  0004E
___ftadd@sign                cstackBANK0  00055
___ftge                      text20       01F02
___ftge@ff1                  cstackCOMMON 00072
___ftge@ff2                  cstackCOMMON 00075
___ftmul                     text27       014B9
___ftmul@cntr                cstackBANK0  00039
___ftmul@exp                 cstackBANK0  00035
___ftmul@f1                  cstackBANK0  0002B
___ftmul@f2                  cstackBANK0  0002E
___ftmul@f3_as_product       cstackBANK0  00036
___ftmul@sign                cstackBANK0  0003A
___ftneg                     text19       01D7C
___ftneg@f1                  cstackCOMMON 00072
___ftpack                    text29       012F4
___ftpack@arg                cstackCOMMON 00072
___ftpack@exp                cstackCOMMON 00075
___ftpack@sign               cstackCOMMON 00076
___ftsub                     text17       01E05
___ftsub@f1                  cstackBANK0  0005B
___ftsub@f2                  cstackBANK0  00058
___fttol                     text16       01370
___fttol@exp1                cstackBANK0  00051
___fttol@f1                  cstackBANK0  00044
___fttol@lval                cstackBANK0  0004D
___fttol@sign1               cstackBANK0  0004C
___int_sp                    stack        00000
___latbits                   (abs)        00002
___lldiv                     text15       01223
___lldiv@counter             cstackBANK0  00024
___lldiv@dividend            cstackCOMMON 00076
___lldiv@divisor             cstackCOMMON 00072
___lldiv@quotient            cstackBANK0  00020
___llmod                     text14       01174
___llmod@counter             cstackBANK0  0002E
___llmod@dividend            cstackBANK0  00029
___llmod@divisor             cstackBANK0  00025
___lltoft                    text13       01ECF
___lltoft@c                  cstackBANK0  00020
___lltoft@exp                cstackBANK0  00024
___lwdiv                     text8        01FBA
___lwdiv@counter             cstackBANK0  00024
___lwdiv@dividend            cstackBANK0  00022
___lwdiv@divisor             cstackBANK0  00020
___lwdiv@quotient            cstackBANK0  00025
___lwmod                     text7        01F3A
___lwmod@counter             cstackCOMMON 00077
___lwmod@dividend            cstackCOMMON 00074
___lwmod@divisor             cstackCOMMON 00072
___sp                        stack        00000
___stackhi                   (abs)        00000
___stacklo                   (abs)        00000
___wmul                      text12       01E2A
___wmul@multiplicand         cstackCOMMON 00074
___wmul@multiplier           cstackCOMMON 00072
___wmul@product              cstackCOMMON 00076
__div_to_l_                  text11       0159E
__div_to_l_@cntr             cstackBANK0  0002C
__div_to_l_@exp1             cstackBANK0  0002D
__div_to_l_@f1               cstackCOMMON 00072
__div_to_l_@f2               cstackCOMMON 00075
__div_to_l_@quot             cstackBANK0  00028
__end_of_ADC_Select          text30       008B4
__end_of_ISR                 text40       01D74
__end_of_Init_Receive        text39       01D7C
__end_of_Init_Transmit       text38       007FE
__end_of_LCD_Command         text36       01DE1
__end_of_LCD_Init            text35       01174
__end_of_LCD_Port            text37       01D6D
__end_of_LCD_Set_Cursor      text34       01E05
__end_of_LCD_Write_Char      text33       010DD
__end_of_LCD_Write_String    text32       01FBA
__end_of_LCD_clear           text31       01D9F
__end_of_LeerADC             text26       01125
__end_of_Set_Baud_Rate       text25       01D67
__end_of_USART_Write         text24       01D92
__end_of_USART_Write_String  text23       01EA3
__end_of___awdiv             text4        012F4
__end_of___awmod             text3        01223
__end_of___awtoft            text28       01E78
__end_of___bmul              text9        00818
__end_of___ftadd             text18       01800
__end_of___ftge              text20       01F3A
__end_of___ftmul             text27       0159E
__end_of___ftneg             text19       01D86
__end_of___ftpack            text29       01370
__end_of___ftsub             text17       01E2A
__end_of___fttol             text16       013FC
__end_of___lldiv             text15       0128B
__end_of___llmod             text14       011CA
__end_of___lltoft            text13       01F02
__end_of___lwdiv             text8        02000
__end_of___lwmod             text7        01F74
__end_of___wmul              text12       01E4F
__end_of__div_to_l_          text11       016CA
__end_of__initialization     cinit        0001D
__end_of__npowers_           strings      0105E
__end_of__powers_            strings      01037
__end_of__stringtab          strings      01010
__end_of__tdiv_to_l_         text10       014B9
__end_of_dpowers             strings      01086
__end_of_fround              text6        00A5D
__end_of_initADC             text22       01DAC
__end_of_isdigit             text5        01DBE
__end_of_main                maintext     007F0
__end_of_scale               text2        00D18
__end_of_setup               text21       01ECF
__end_of_sprintf             text1_split_1 006D5
__initialization             cinit        0000F
__npowers_                   strings      01037
__pbssBANK0                  bssBANK0     0006D
__pbssBANK1                  bssBANK1     000BC
__pbssCOMMON                 bssCOMMON    0007B
__pcstackBANK0               cstackBANK0  00020
__pcstackBANK1               cstackBANK1  000A0
__pcstackCOMMON              cstackCOMMON 00070
__pintentry                  intentry     00004
__pmaintext                  maintext     006D5
__powers_                    strings      01010
__pstrings                   strings      01000
__ptext1                     text1        00D18
__ptext10                    text10       013FC
__ptext11                    text11       0159E
__ptext12                    text12       01E2A
__ptext13                    text13       01ECF
__ptext14                    text14       01174
__ptext15                    text15       01223
__ptext16                    text16       01370
__ptext17                    text17       01E05
__ptext18                    text18       016CA
__ptext19                    text19       01D7C
__ptext2                     text2        00A5D
__ptext20                    text20       01F02
__ptext21                    text21       01EA3
__ptext22                    text22       01D9F
__ptext23                    text23       01E78
__ptext24                    text24       01D86
__ptext25                    text25       01D62
__ptext26                    text26       010DD
__ptext27                    text27       014B9
__ptext28                    text28       01E4F
__ptext29                    text29       012F4
__ptext3                     text3        011CA
__ptext30                    text30       00818
__ptext31                    text31       01D92
__ptext32                    text32       01F74
__ptext33                    text33       010C4
__ptext34                    text34       01DE1
__ptext35                    text35       01125
__ptext36                    text36       01DBE
__ptext37                    text37       01D67
__ptext38                    text38       007F0
__ptext39                    text39       01D74
__ptext4                     text4        0128B
__ptext40                    text40       01D6D
__ptext5                     text5        01DAC
__ptext6                     text6        008B4
__ptext7                     text7        01F3A
__ptext8                     text8        01FBA
__ptext9                     text9        00801
__size_of_ADC_Select         (abs)        00000
__size_of_ISR                (abs)        00000
__size_of_Init_Receive       (abs)        00000
__size_of_Init_Transmit      (abs)        00000
__size_of_LCD_Command        (abs)        00000
__size_of_LCD_Init           (abs)        00000
__size_of_LCD_Port           (abs)        00000
__size_of_LCD_Set_Cursor     (abs)        00000
__size_of_LCD_Write_Char     (abs)        00000
__size_of_LCD_Write_String   (abs)        00000
__size_of_LCD_clear          (abs)        00000
__size_of_LeerADC            (abs)        00000
__size_of_Set_Baud_Rate      (abs)        00000
__size_of_USART_Write        (abs)        00000
__size_of_USART_Write_String (abs)        00000
__size_of___awdiv            (abs)        00000
__size_of___awmod            (abs)        00000
__size_of___awtoft           (abs)        00000
__size_of___bmul             (abs)        00000
__size_of___ftadd            (abs)        00000
__size_of___ftge             (abs)        00000
__size_of___ftmul            (abs)        00000
__size_of___ftneg            (abs)        00000
__size_of___ftpack           (abs)        00000
__size_of___ftsub            (abs)        00000
__size_of___fttol            (abs)        00000
__size_of___lldiv            (abs)        00000
__size_of___llmod            (abs)        00000
__size_of___lltoft           (abs)        00000
__size_of___lwdiv            (abs)        00000
__size_of___lwmod            (abs)        00000
__size_of___wmul             (abs)        00000
__size_of__div_to_l_         (abs)        00000
__size_of__tdiv_to_l_        (abs)        00000
__size_of_fround             (abs)        00000
__size_of_initADC            (abs)        00000
__size_of_isdigit            (abs)        00000
__size_of_main               (abs)        00000
__size_of_scale              (abs)        00000
__size_of_setup              (abs)        00000
__size_of_sprintf            (abs)        00000
__stringbase                 strings      0100F
__stringtab                  strings      01000
__tdiv_to_l_                 text10       013FC
__tdiv_to_l_@cntr            cstackBANK0  00028
__tdiv_to_l_@exp1            cstackBANK0  00029
__tdiv_to_l_@f1              cstackCOMMON 00072
__tdiv_to_l_@f2              cstackCOMMON 00075
__tdiv_to_l_@quot            cstackBANK0  00024
_contador                    bssBANK0     0006E
_dpowers                     strings      0105E
_fround                      text6        008B4
_fround$1169                 cstackBANK0  00047
_fround$1170                 cstackBANK0  00044
_initADC                     text22       01D9F
_isdigit                     text5        01DAC
_isdigit$978                 cstackCOMMON 00072
_main                        maintext     006D5
_pantalla                    bssBANK1     000C2
_recibido                    bssBANK0     0006D
_scale                       text2        00A5D
_scale$1171                  cstackBANK0  00040
_setup                       text21       01EA3
_sprintf                     text1        00D18
_sprintf$1172                cstackBANK1  000A0
btemp                        (abs)        0007E
clear_ram0                   clrtext      010BC
end_of_initialization        cinit        0001D
fround@prec                  cstackBANK0  0004A
interrupt_function           intentry     00004
intlevel0                    functab      00000
intlevel1                    functab      00000
intlevel2                    functab      00000
intlevel3                    functab      00000
intlevel4                    functab      00000
intlevel5                    functab      00000
isdigit@c                    cstackCOMMON 00073
pnum$text1                   (abs)        0000C
pnum$text1_split_1           (abs)        00036
psplit$0                     (abs)        C0036
reset_vec                    reset_vec    00000
saved_w                      (abs)        0007E
scale@scl                    cstackBANK0  00043
sprintf@ap                   cstackBANK1  000A3
sprintf@c                    cstackBANK1  000B8
sprintf@eexp                 cstackBANK1  000B0
sprintf@f                    cstackBANK0  0005E
sprintf@flag                 cstackBANK1  000A4
sprintf@fval                 cstackBANK1  000B2
sprintf@prec                 cstackBANK1  000B6
sprintf@sp                   cstackBANK1  000B5
sprintf@tmpval               cstackBANK1  000A8
sprintf@val                  cstackBANK1  000AC
sprintf@width                cstackBANK1  000A6
start                        init         0000C
start_initialization         cinit        0000F
wtemp0                       (abs)        0007E


FUNCTION INFORMATION:

 *************** function _main *****************
 Defined at:
		line 92 in file "lab3_main.c"
 Parameters:    Size  Location     Type
		None
 Auto vars:     Size  Location     Type
		None
 Return value:  Size  Location     Type
                  1    wreg      void 
 Registers used:
		wreg, fsr0l, fsr0h, status,2, status,0, btemp+1, pclath, cstack
 Tracked objects:
		On entry : 
		On exit  : 
		Unchanged: 
 Data sizes:     COMMON   BANK0   BANK1   BANK3   BANK2
      Params:         0       0       0       0       0
      Locals:         0       0       0       0       0
      Temps:          0       0       3       0       0
      Totals:         0       0       3       0       0
Total ram usage:        3 bytes
 Hardware stack levels required when called:    5
 This function calls:
		_Init_Receive
		_Init_Transmit
		_LCD_Init
		_LCD_Set_Cursor
		_LCD_Write_String
		_LCD_clear
		_LeerADC
		_Set_Baud_Rate
		_USART_Write
		_USART_Write_String
		_initADC
		_setup
		_sprintf
 This function is called by:
		Startup code after reset
 This function uses a non-reentrant model


 *************** function _sprintf *****************
 Defined at:
		line 505 in file "D:\Microchip\xc8\v2.31\pic\sources\c90\common\doprnt.c"
 Parameters:    Size  Location     Type
  sp              1    wreg     PTR unsigned char 
		 -> pantalla(20), 
  f               1   62[BANK0 ] PTR const unsigned char 
		 -> STR_2(18), 
 Auto vars:     Size  Location     Type
  sp              1   21[BANK1 ] PTR unsigned char 
		 -> pantalla(20), 
  val             4   12[BANK1 ] unsigned long 
  tmpval          4    8[BANK1 ] struct .
  fval            3   18[BANK1 ] struct .
  prec            2   22[BANK1 ] int 
  eexp            2   16[BANK1 ] int 
  width           2    6[BANK1 ] int 
  flag            2    4[BANK1 ] unsigned short 
  cp              2    0        PTR const unsigned char 
  len             2    0        unsigned int 
  c               1   24[BANK1 ] unsigned char 
  ap              1    3[BANK1 ] PTR void [1]
		 -> ?_sprintf(2), 
  d               1    0        unsigned char 
 Return value:  Size  Location     Type
                  2   62[BANK0 ] int 
 Registers used:
		wreg, fsr0l, fsr0h, status,2, status,0, btemp+1, pclath, cstack
 Tracked objects:
		On entry : 
		On exit  : 
		Unchanged: 
 Data sizes:     COMMON   BANK0   BANK1   BANK3   BANK2
      Params:         0       9       0       0       0
      Locals:         0       0      25       0       0
      Temps:          0       6       0       0       0
      Totals:         0      15      25       0       0
Total ram usage:       40 bytes
 Hardware stack levels used:    1
 Hardware stack levels required when called:    4
 This function calls:
		___awdiv
		___ftadd
		___ftge
		___ftmul
		___ftneg
		___ftsub
		___fttol
		___lldiv
		___llmod
		___lltoft
		___wmul
		__div_to_l_
		__tdiv_to_l_
		_fround
		_isdigit
		_scale
 This function is called by:
		_main
 This function uses a non-reentrant model


 *************** function _scale *****************
 Defined at:
		line 433 in file "D:\Microchip\xc8\v2.31\pic\sources\c90\common\doprnt.c"
 Parameters:    Size  Location     Type
  scl             1    wreg     char 
 Auto vars:     Size  Location     Type
  scl             1   35[BANK0 ] char 
 Return value:  Size  Location     Type
                  3   27[BANK0 ] char 
 Registers used:
		wreg, fsr0l, fsr0h, status,2, status,0, pclath, cstack
 Tracked objects:
		On entry : 
		On exit  : 
		Unchanged: 
 Data sizes:     COMMON   BANK0   BANK1   BANK3   BANK2
      Params:         0       3       0       0       0
      Locals:         0       4       0       0       0
      Temps:          0       2       0       0       0
      Totals:         0       9       0       0       0
Total ram usage:        9 bytes
 Hardware stack levels used:    1
 Hardware stack levels required when called:    3
 This function calls:
		___awdiv
		___awmod
		___bmul
		___ftmul
 This function is called by:
		_sprintf
 This function uses a non-reentrant model


 *************** function ___awmod *****************
 Defined at:
		line 5 in file "D:\Microchip\xc8\v2.31\pic\sources\c90\common\awmod.c"
 Parameters:    Size  Location     Type
  divisor         2    2[COMMON] int 
  dividend        2    4[COMMON] int 
 Auto vars:     Size  Location     Type
  sign            1    8[COMMON] unsigned char 
  counter         1    7[COMMON] unsigned char 
 Return value:  Size  Location     Type
                  2    2[COMMON] int 
 Registers used:
		wreg, status,2, status,0
 Tracked objects:
		On entry : 
		On exit  : 
		Unchanged: 
 Data sizes:     COMMON   BANK0   BANK1   BANK3   BANK2
      Params:         4       0       0       0       0
      Locals:         2       0       0       0       0
      Temps:          1       0       0       0       0
      Totals:         7       0       0       0       0
Total ram usage:        7 bytes
 Hardware stack levels used:    1
 Hardware stack levels required when called:    1
 This function calls:
		Nothing
 This function is called by:
		_scale
 This function uses a non-reentrant model


 *************** function ___awdiv *****************
 Defined at:
		line 5 in file "D:\Microchip\xc8\v2.31\pic\sources\c90\common\awdiv.c"
 Parameters:    Size  Location     Type
  divisor         2    0[BANK0 ] int 
  dividend        2    2[BANK0 ] int 
 Auto vars:     Size  Location     Type
  quotient        2    6[BANK0 ] int 
  sign            1    5[BANK0 ] unsigned char 
  counter         1    4[BANK0 ] unsigned char 
 Return value:  Size  Location     Type
                  2    0[BANK0 ] int 
 Registers used:
		wreg, status,2, status,0
 Tracked objects:
		On entry : 
		On exit  : 
		Unchanged: 
 Data sizes:     COMMON   BANK0   BANK1   BANK3   BANK2
      Params:         0       4       0       0       0
      Locals:         0       4       0       0       0
      Temps:          1       0       0       0       0
      Totals:         1       8       0       0       0
Total ram usage:        9 bytes
 Hardware stack levels used:    1
 Hardware stack levels required when called:    1
 This function calls:
		Nothing
 This function is called by:
		_scale
		_sprintf
 This function uses a non-reentrant model


 *************** function _isdigit *****************
 Defined at:
		line 8 in file "D:\Microchip\xc8\v2.31\pic\sources\c90\common\isdigit.c"
 Parameters:    Size  Location     Type
  c               1    wreg     unsigned char 
 Auto vars:     Size  Location     Type
  c               1    3[COMMON] unsigned char 
 Return value:  Size  Location     Type
		None               void
 Registers used:
		wreg, status,2, status,0
 Tracked objects:
		On entry : 
		On exit  : 
		Unchanged: 
 Data sizes:     COMMON   BANK0   BANK1   BANK3   BANK2
      Params:         0       0       0       0       0
      Locals:         2       0       0       0       0
      Temps:          0       0       0       0       0
      Totals:         2       0       0       0       0
Total ram usage:        2 bytes
 Hardware stack levels used:    1
 Hardware stack levels required when called:    1
 This function calls:
		Nothing
 This function is called by:
		_sprintf
 This function uses a non-reentrant model


 *************** function _fround *****************
 Defined at:
		line 417 in file "D:\Microchip\xc8\v2.31\pic\sources\c90\common\doprnt.c"
 Parameters:    Size  Location     Type
  prec            1    wreg     unsigned char 
 Auto vars:     Size  Location     Type
  prec            1   42[BANK0 ] unsigned char 
 Return value:  Size  Location     Type
                  3   27[BANK0 ] unsigned char 
 Registers used:
		wreg, fsr0l, fsr0h, status,2, status,0, pclath, cstack
 Tracked objects:
		On entry : 
		On exit  : 
		Unchanged: 
 Data sizes:     COMMON   BANK0   BANK1   BANK3   BANK2
      Params:         0       3       0       0       0
      Locals:         0       7       0       0       0
      Temps:          0       6       0       0       0
      Totals:         0      16       0       0       0
Total ram usage:       16 bytes
 Hardware stack levels used:    1
 Hardware stack levels required when called:    3
 This function calls:
		___bmul
		___ftmul
		___lwdiv
		___lwmod
 This function is called by:
		_sprintf
 This function uses a non-reentrant model


 *************** function ___lwmod *****************
 Defined at:
		line 5 in file "D:\Microchip\xc8\v2.31\pic\sources\c90\common\lwmod.c"
 Parameters:    Size  Location     Type
  divisor         2    2[COMMON] unsigned int 
  dividend        2    4[COMMON] unsigned int 
 Auto vars:     Size  Location     Type
  counter         1    7[COMMON] unsigned char 
 Return value:  Size  Location     Type
                  2    2[COMMON] unsigned int 
 Registers used:
		wreg, status,2, status,0
 Tracked objects:
		On entry : 
		On exit  : 
		Unchanged: 
 Data sizes:     COMMON   BANK0   BANK1   BANK3   BANK2
      Params:         4       0       0       0       0
      Locals:         1       0       0       0       0
      Temps:          1       0       0       0       0
      Totals:         6       0       0       0       0
Total ram usage:        6 bytes
 Hardware stack levels used:    1
 Hardware stack levels required when called:    1
 This function calls:
		Nothing
 This function is called by:
		_fround
 This function uses a non-reentrant model


 *************** function ___lwdiv *****************
 Defined at:
		line 5 in file "D:\Microchip\xc8\v2.31\pic\sources\c90\common\lwdiv.c"
 Parameters:    Size  Location     Type
  divisor         2    0[BANK0 ] unsigned int 
  dividend        2    2[BANK0 ] unsigned int 
 Auto vars:     Size  Location     Type
  quotient        2    5[BANK0 ] unsigned int 
  counter         1    4[BANK0 ] unsigned char 
 Return value:  Size  Location     Type
                  2    0[BANK0 ] unsigned int 
 Registers used:
		wreg, status,2, status,0
 Tracked objects:
		On entry : 
		On exit  : 
		Unchanged: 
 Data sizes:     COMMON   BANK0   BANK1   BANK3   BANK2
      Params:         0       4       0       0       0
      Locals:         0       3       0       0       0
      Temps:          1       0       0       0       0
      Totals:         1       7       0       0       0
Total ram usage:        8 bytes
 Hardware stack levels used:    1
 Hardware stack levels required when called:    1
 This function calls:
		Nothing
 This function is called by:
		_fround
 This function uses a non-reentrant model


 *************** function ___bmul *****************
 Defined at:
		line 4 in file "D:\Microchip\xc8\v2.31\pic\sources\c90\common\Umul8.c"
 Parameters:    Size  Location     Type
  multiplier      1    wreg     unsigned char 
  multiplicand    1    8[BANK0 ] unsigned char 
 Auto vars:     Size  Location     Type
  multiplier      1   10[BANK0 ] unsigned char 
  product         1    9[BANK0 ] unsigned char 
 Return value:  Size  Location     Type
                  1    wreg      unsigned char 
 Registers used:
		wreg, status,2, status,0
 Tracked objects:
		On entry : 
		On exit  : 
		Unchanged: 
 Data sizes:     COMMON   BANK0   BANK1   BANK3   BANK2
      Params:         0       1       0       0       0
      Locals:         0       2       0       0       0
      Temps:          1       0       0       0       0
      Totals:         1       3       0       0       0
Total ram usage:        4 bytes
 Hardware stack levels used:    1
 Hardware stack levels required when called:    1
 This function calls:
		Nothing
 This function is called by:
		_fround
		_scale
 This function uses a non-reentrant model


 *************** function __tdiv_to_l_ *****************
 Defined at:
		line 60 in file "D:\Microchip\xc8\v2.31\pic\sources\c90\common\ftdivl.c"
 Parameters:    Size  Location     Type
  f1              3    2[COMMON] float 
  f2              3    5[COMMON] float 
 Auto vars:     Size  Location     Type
  quot            4    4[BANK0 ] unsigned long 
  exp1            1    9[BANK0 ] unsigned char 
  cntr            1    8[BANK0 ] unsigned char 
 Return value:  Size  Location     Type
                  4    2[COMMON] unsigned long 
 Registers used:
		wreg, status,2, status,0
 Tracked objects:
		On entry : 
		On exit  : 
		Unchanged: 
 Data sizes:     COMMON   BANK0   BANK1   BANK3   BANK2
      Params:         6       0       0       0       0
      Locals:         0       6       0       0       0
      Temps:          0       4       0       0       0
      Totals:         6      10       0       0       0
Total ram usage:       16 bytes
 Hardware stack levels used:    1
 Hardware stack levels required when called:    1
 This function calls:
		Nothing
 This function is called by:
		_sprintf
 This function uses a non-reentrant model


 *************** function __div_to_l_ *****************
 Defined at:
		line 60 in file "D:\Microchip\xc8\v2.31\pic\sources\c90\common\fldivl.c"
 Parameters:    Size  Location     Type
  f1              3    2[COMMON] unsigned long 
  f2              3    5[COMMON] unsigned long 
 Auto vars:     Size  Location     Type
  quot            4    8[BANK0 ] unsigned long 
  exp1            1   13[BANK0 ] unsigned char 
  cntr            1   12[BANK0 ] unsigned char 
 Return value:  Size  Location     Type
                  4    2[COMMON] unsigned long 
 Registers used:
		wreg, fsr0l, fsr0h, status,2, status,0
 Tracked objects:
		On entry : 
		On exit  : 
		Unchanged: 
 Data sizes:     COMMON   BANK0   BANK1   BANK3   BANK2
      Params:         6       0       0       0       0
      Locals:         0       6       0       0       0
      Temps:          0       8       0       0       0
      Totals:         6      14       0       0       0
Total ram usage:       20 bytes
 Hardware stack levels used:    1
 Hardware stack levels required when called:    1
 This function calls:
		Nothing
 This function is called by:
		_sprintf
 This function uses a non-reentrant model


 *************** function ___wmul *****************
 Defined at:
		line 15 in file "D:\Microchip\xc8\v2.31\pic\sources\c90\common\Umul16.c"
 Parameters:    Size  Location     Type
  multiplier      2    2[COMMON] unsigned int 
  multiplicand    2    4[COMMON] unsigned int 
 Auto vars:     Size  Location     Type
  product         2    6[COMMON] unsigned int 
 Return value:  Size  Location     Type
                  2    2[COMMON] unsigned int 
 Registers used:
		wreg, status,2, status,0
 Tracked objects:
		On entry : 
		On exit  : 
		Unchanged: 
 Data sizes:     COMMON   BANK0   BANK1   BANK3   BANK2
      Params:         4       0       0       0       0
      Locals:         2       0       0       0       0
      Temps:          0       0       0       0       0
      Totals:         6       0       0       0       0
Total ram usage:        6 bytes
 Hardware stack levels used:    1
 Hardware stack levels required when called:    1
 This function calls:
		Nothing
 This function is called by:
		_sprintf
 This function uses a non-reentrant model


 *************** function ___lltoft *****************
 Defined at:
		line 35 in file "D:\Microchip\xc8\v2.31\pic\sources\c90\common\lltoft.c"
 Parameters:    Size  Location     Type
  c               4    0[BANK0 ] unsigned long 
 Auto vars:     Size  Location     Type
  exp             1    4[BANK0 ] unsigned char 
 Return value:  Size  Location     Type
                  3    0[BANK0 ] float 
 Registers used:
		wreg, status,2, status,0, pclath, cstack
 Tracked objects:
		On entry : 
		On exit  : 
		Unchanged: 
 Data sizes:     COMMON   BANK0   BANK1   BANK3   BANK2
      Params:         0       4       0       0       0
      Locals:         0       1       0       0       0
      Temps:          1       0       0       0       0
      Totals:         1       5       0       0       0
Total ram usage:        6 bytes
 Hardware stack levels used:    1
 Hardware stack levels required when called:    2
 This function calls:
		___ftpack
 This function is called by:
		_sprintf
 This function uses a non-reentrant model


 *************** function ___llmod *****************
 Defined at:
		line 5 in file "D:\Microchip\xc8\v2.31\pic\sources\c90\common\llmod.c"
 Parameters:    Size  Location     Type
  divisor         4    5[BANK0 ] unsigned long 
  dividend        4    9[BANK0 ] unsigned long 
 Auto vars:     Size  Location     Type
  counter         1   14[BANK0 ] unsigned char 
 Return value:  Size  Location     Type
                  4    5[BANK0 ] unsigned long 
 Registers used:
		wreg, status,2, status,0
 Tracked objects:
		On entry : 
		On exit  : 
		Unchanged: 
 Data sizes:     COMMON   BANK0   BANK1   BANK3   BANK2
      Params:         0       8       0       0       0
      Locals:         0       1       0       0       0
      Temps:          0       1       0       0       0
      Totals:         0      10       0       0       0
Total ram usage:       10 bytes
 Hardware stack levels used:    1
 Hardware stack levels required when called:    1
 This function calls:
		Nothing
 This function is called by:
		_sprintf
 This function uses a non-reentrant model


 *************** function ___lldiv *****************
 Defined at:
		line 5 in file "D:\Microchip\xc8\v2.31\pic\sources\c90\common\__lldiv.c"
 Parameters:    Size  Location     Type
  divisor         4    2[COMMON] unsigned long 
  dividend        4    6[COMMON] unsigned long 
 Auto vars:     Size  Location     Type
  quotient        4    0[BANK0 ] unsigned long 
  counter         1    4[BANK0 ] unsigned char 
 Return value:  Size  Location     Type
                  4    2[COMMON] unsigned long 
 Registers used:
		wreg, status,2, status,0
 Tracked objects:
		On entry : 
		On exit  : 
		Unchanged: 
 Data sizes:     COMMON   BANK0   BANK1   BANK3   BANK2
      Params:         8       0       0       0       0
      Locals:         0       5       0       0       0
      Temps:          1       0       0       0       0
      Totals:         9       5       0       0       0
Total ram usage:       14 bytes
 Hardware stack levels used:    1
 Hardware stack levels required when called:    1
 This function calls:
		Nothing
 This function is called by:
		_sprintf
 This function uses a non-reentrant model


 *************** function ___fttol *****************
 Defined at:
		line 44 in file "D:\Microchip\xc8\v2.31\pic\sources\c90\common\fttol.c"
 Parameters:    Size  Location     Type
  f1              3   36[BANK0 ] float 
 Auto vars:     Size  Location     Type
  lval            4   45[BANK0 ] unsigned long 
  exp1            1   49[BANK0 ] unsigned char 
  sign1           1   44[BANK0 ] unsigned char 
 Return value:  Size  Location     Type
                  4   36[BANK0 ] long 
 Registers used:
		wreg, status,2, status,0
 Tracked objects:
		On entry : 
		On exit  : 
		Unchanged: 
 Data sizes:     COMMON   BANK0   BANK1   BANK3   BANK2
      Params:         0       4       0       0       0
      Locals:         0       6       0       0       0
      Temps:          0       4       0       0       0
      Totals:         0      14       0       0       0
Total ram usage:       14 bytes
 Hardware stack levels used:    1
 Hardware stack levels required when called:    1
 This function calls:
		Nothing
 This function is called by:
		_sprintf
 This function uses a non-reentrant model


 *************** function ___ftsub *****************
 Defined at:
		line 17 in file "D:\Microchip\xc8\v2.31\pic\sources\c90\common\ftsub.c"
 Parameters:    Size  Location     Type
  f2              3   56[BANK0 ] float 
  f1              3   59[BANK0 ] float 
 Auto vars:     Size  Location     Type
		None
 Return value:  Size  Location     Type
                  3   56[BANK0 ] float 
 Registers used:
		wreg, status,2, status,0, pclath, cstack
 Tracked objects:
		On entry : 
		On exit  : 
		Unchanged: 
 Data sizes:     COMMON   BANK0   BANK1   BANK3   BANK2
      Params:         0       6       0       0       0
      Locals:         0       0       0       0       0
      Temps:          0       0       0       0       0
      Totals:         0       6       0       0       0
Total ram usage:        6 bytes
 Hardware stack levels used:    1
 Hardware stack levels required when called:    3
 This function calls:
		___ftadd
 This function is called by:
		_sprintf
 This function uses a non-reentrant model


 *************** function ___ftadd *****************
 Defined at:
		line 86 in file "D:\Microchip\xc8\v2.31\pic\sources\c90\common\ftadd.c"
 Parameters:    Size  Location     Type
  f1              3   43[BANK0 ] float 
  f2              3   46[BANK0 ] float 
 Auto vars:     Size  Location     Type
  exp1            1   55[BANK0 ] unsigned char 
  exp2            1   54[BANK0 ] unsigned char 
  sign            1   53[BANK0 ] unsigned char 
 Return value:  Size  Location     Type
                  3   43[BANK0 ] float 
 Registers used:
		wreg, status,2, status,0, pclath, cstack
 Tracked objects:
		On entry : 
		On exit  : 
		Unchanged: 
 Data sizes:     COMMON   BANK0   BANK1   BANK3   BANK2
      Params:         0       6       0       0       0
      Locals:         0       3       0       0       0
      Temps:          0       4       0       0       0
      Totals:         0      13       0       0       0
Total ram usage:       13 bytes
 Hardware stack levels used:    1
 Hardware stack levels required when called:    2
 This function calls:
		___ftpack
 This function is called by:
		_sprintf
		___ftsub
 This function uses a non-reentrant model


 *************** function ___ftneg *****************
 Defined at:
		line 15 in file "D:\Microchip\xc8\v2.31\pic\sources\c90\common\ftneg.c"
 Parameters:    Size  Location     Type
  f1              3    2[COMMON] float 
 Auto vars:     Size  Location     Type
		None
 Return value:  Size  Location     Type
                  3    2[COMMON] float 
 Registers used:
		wreg
 Tracked objects:
		On entry : 
		On exit  : 
		Unchanged: 
 Data sizes:     COMMON   BANK0   BANK1   BANK3   BANK2
      Params:         3       0       0       0       0
      Locals:         0       0       0       0       0
      Temps:          0       0       0       0       0
      Totals:         3       0       0       0       0
Total ram usage:        3 bytes
 Hardware stack levels used:    1
 Hardware stack levels required when called:    1
 This function calls:
		Nothing
 This function is called by:
		_sprintf
 This function uses a non-reentrant model


 *************** function ___ftge *****************
 Defined at:
		line 4 in file "D:\Microchip\xc8\v2.31\pic\sources\c90\common\ftge.c"
 Parameters:    Size  Location     Type
  ff1             3    2[COMMON] float 
  ff2             3    5[COMMON] float 
 Auto vars:     Size  Location     Type
		None
 Return value:  Size  Location     Type
		None               void
 Registers used:
		wreg, status,2, status,0
 Tracked objects:
		On entry : 
		On exit  : 
		Unchanged: 
 Data sizes:     COMMON   BANK0   BANK1   BANK3   BANK2
      Params:         6       0       0       0       0
      Locals:         0       0       0       0       0
      Temps:          0       0       0       0       0
      Totals:         6       0       0       0       0
Total ram usage:        6 bytes
 Hardware stack levels used:    1
 Hardware stack levels required when called:    1
 This function calls:
		Nothing
 This function is called by:
		_sprintf
 This function uses a non-reentrant model


 *************** function _setup *****************
 Defined at:
		line 159 in file "lab3_main.c"
 Parameters:    Size  Location     Type
		None
 Auto vars:     Size  Location     Type
		None
 Return value:  Size  Location     Type
                  1    wreg      void 
 Registers used:
		wreg, status,2
 Tracked objects:
		On entry : 
		On exit  : 
		Unchanged: 
 Data sizes:     COMMON   BANK0   BANK1   BANK3   BANK2
      Params:         0       0       0       0       0
      Locals:         0       0       0       0       0
      Temps:          0       0       0       0       0
      Totals:         0       0       0       0       0
Total ram usage:        0 bytes
 Hardware stack levels used:    1
 Hardware stack levels required when called:    1
 This function calls:
		Nothing
 This function is called by:
		_main
 This function uses a non-reentrant model


 *************** function _initADC *****************
 Defined at:
		line 6 in file "ADC.c"
 Parameters:    Size  Location     Type
		None
 Auto vars:     Size  Location     Type
		None
 Return value:  Size  Location     Type
                  1    wreg      void 
 Registers used:
		wreg, status,2
 Tracked objects:
		On entry : 
		On exit  : 
		Unchanged: 
 Data sizes:     COMMON   BANK0   BANK1   BANK3   BANK2
      Params:         0       0       0       0       0
      Locals:         0       0       0       0       0
      Temps:          0       0       0       0       0
      Totals:         0       0       0       0       0
Total ram usage:        0 bytes
 Hardware stack levels used:    1
 Hardware stack levels required when called:    1
 This function calls:
		Nothing
 This function is called by:
		_main
 This function uses a non-reentrant model


 *************** function _USART_Write_String *****************
 Defined at:
		line 43 in file "USART.c"
 Parameters:    Size  Location     Type
  a               2    3[COMMON] PTR unsigned char 
		 -> pantalla(20), STR_1(19), 
 Auto vars:     Size  Location     Type
  i               1    6[COMMON] unsigned char 
 Return value:  Size  Location     Type
                  1    wreg      void 
 Registers used:
		wreg, fsr0l, fsr0h, status,2, status,0, btemp+1, pclath, cstack
 Tracked objects:
		On entry : 
		On exit  : 
		Unchanged: 
 Data sizes:     COMMON   BANK0   BANK1   BANK3   BANK2
      Params:         2       0       0       0       0
      Locals:         1       0       0       0       0
      Temps:          1       0       0       0       0
      Totals:         4       0       0       0       0
Total ram usage:        4 bytes
 Hardware stack levels used:    1
 Hardware stack levels required when called:    2
 This function calls:
		_USART_Write
 This function is called by:
		_main
 This function uses a non-reentrant model


 *************** function _USART_Write *****************
 Defined at:
		line 39 in file "USART.c"
 Parameters:    Size  Location     Type
  a               1    wreg     unsigned char 
 Auto vars:     Size  Location     Type
  a               1    2[COMMON] unsigned char 
 Return value:  Size  Location     Type
                  1    wreg      void 
 Registers used:
		wreg
 Tracked objects:
		On entry : 
		On exit  : 
		Unchanged: 
 Data sizes:     COMMON   BANK0   BANK1   BANK3   BANK2
      Params:         0       0       0       0       0
      Locals:         1       0       0       0       0
      Temps:          0       0       0       0       0
      Totals:         1       0       0       0       0
Total ram usage:        1 bytes
 Hardware stack levels used:    1
 Hardware stack levels required when called:    1
 This function calls:
		Nothing
 This function is called by:
		_main
		_USART_Write_String
 This function uses a non-reentrant model


 *************** function _Set_Baud_Rate *****************
 Defined at:
		line 10 in file "USART.c"
 Parameters:    Size  Location     Type
		None
 Auto vars:     Size  Location     Type
		None
 Return value:  Size  Location     Type
                  1    wreg      void 
 Registers used:
		wreg
 Tracked objects:
		On entry : 
		On exit  : 
		Unchanged: 
 Data sizes:     COMMON   BANK0   BANK1   BANK3   BANK2
      Params:         0       0       0       0       0
      Locals:         0       0       0       0       0
      Temps:          0       0       0       0       0
      Totals:         0       0       0       0       0
Total ram usage:        0 bytes
 Hardware stack levels used:    1
 Hardware stack levels required when called:    1
 This function calls:
		Nothing
 This function is called by:
		_main
 This function uses a non-reentrant model


 *************** function _LeerADC *****************
 Defined at:
		line 186 in file "lab3_main.c"
 Parameters:    Size  Location     Type
  x               1    wreg     unsigned char 
 Auto vars:     Size  Location     Type
  x               1   32[BANK0 ] unsigned char 
  a               3   33[BANK0 ] float 
 Return value:  Size  Location     Type
                  3   27[BANK0 ] float 
 Registers used:
		wreg, fsr0l, fsr0h, status,2, status,0, pclath, cstack
 Tracked objects:
		On entry : 
		On exit  : 
		Unchanged: 
 Data sizes:     COMMON   BANK0   BANK1   BANK3   BANK2
      Params:         0       3       0       0       0
      Locals:         0       4       0       0       0
      Temps:          0       2       0       0       0
      Totals:         0       9       0       0       0
Total ram usage:        9 bytes
 Hardware stack levels used:    1
 Hardware stack levels required when called:    3
 This function calls:
		_ADC_Select
		___awtoft
		___ftmul
 This function is called by:
		_main
 This function uses a non-reentrant model


 *************** function ___ftmul *****************
 Defined at:
		line 62 in file "D:\Microchip\xc8\v2.31\pic\sources\c90\common\ftmul.c"
 Parameters:    Size  Location     Type
  f1              3   11[BANK0 ] float 
  f2              3   14[BANK0 ] float 
 Auto vars:     Size  Location     Type
  f3_as_produc    3   22[BANK0 ] unsigned um
  sign            1   26[BANK0 ] unsigned char 
  cntr            1   25[BANK0 ] unsigned char 
  exp             1   21[BANK0 ] unsigned char 
 Return value:  Size  Location     Type
                  3   11[BANK0 ] float 
 Registers used:
		wreg, status,2, status,0, pclath, cstack
 Tracked objects:
		On entry : 
		On exit  : 
		Unchanged: 
 Data sizes:     COMMON   BANK0   BANK1   BANK3   BANK2
      Params:         0       6       0       0       0
      Locals:         0       6       0       0       0
      Temps:          0       4       0       0       0
      Totals:         0      16       0       0       0
Total ram usage:       16 bytes
 Hardware stack levels used:    1
 Hardware stack levels required when called:    2
 This function calls:
		___ftpack
 This function is called by:
		_LeerADC
		_fround
		_scale
		_sprintf
 This function uses a non-reentrant model


 *************** function ___awtoft *****************
 Defined at:
		line 32 in file "D:\Microchip\xc8\v2.31\pic\sources\c90\common\awtoft.c"
 Parameters:    Size  Location     Type
  c               2    0[BANK0 ] int 
 Auto vars:     Size  Location     Type
  sign            1   10[COMMON] unsigned char 
 Return value:  Size  Location     Type
                  3    0[BANK0 ] float 
 Registers used:
		wreg, status,2, status,0, pclath, cstack
 Tracked objects:
		On entry : 
		On exit  : 
		Unchanged: 
 Data sizes:     COMMON   BANK0   BANK1   BANK3   BANK2
      Params:         0       3       0       0       0
      Locals:         1       0       0       0       0
      Temps:          0       2       0       0       0
      Totals:         1       5       0       0       0
Total ram usage:        6 bytes
 Hardware stack levels used:    1
 Hardware stack levels required when called:    2
 This function calls:
		___ftpack
 This function is called by:
		_LeerADC
 This function uses a non-reentrant model


 *************** function ___ftpack *****************
 Defined at:
		line 62 in file "D:\Microchip\xc8\v2.31\pic\sources\c90\common\float.c"
 Parameters:    Size  Location     Type
  arg             3    2[COMMON] unsigned um
  exp             1    5[COMMON] unsigned char 
  sign            1    6[COMMON] unsigned char 
 Auto vars:     Size  Location     Type
		None
 Return value:  Size  Location     Type
                  3    2[COMMON] float 
 Registers used:
		wreg, status,2, status,0
 Tracked objects:
		On entry : 
		On exit  : 
		Unchanged: 
 Data sizes:     COMMON   BANK0   BANK1   BANK3   BANK2
      Params:         5       0       0       0       0
      Locals:         0       0       0       0       0
      Temps:          3       0       0       0       0
      Totals:         8       0       0       0       0
Total ram usage:        8 bytes
 Hardware stack levels used:    1
 Hardware stack levels required when called:    1
 This function calls:
		Nothing
 This function is called by:
		___awtoft
		___ftadd
		___ftmul
		___lltoft
 This function uses a non-reentrant model


 *************** function _ADC_Select *****************
 Defined at:
		line 19 in file "ADC.c"
 Parameters:    Size  Location     Type
  a               1    wreg     unsigned char 
 Auto vars:     Size  Location     Type
  a               1    4[COMMON] unsigned char 
 Return value:  Size  Location     Type
                  1    wreg      void 
 Registers used:
		wreg, fsr0l, fsr0h, status,2, status,0
 Tracked objects:
		On entry : 
		On exit  : 
		Unchanged: 
 Data sizes:     COMMON   BANK0   BANK1   BANK3   BANK2
      Params:         0       0       0       0       0
      Locals:         1       0       0       0       0
      Temps:          2       0       0       0       0
      Totals:         3       0       0       0       0
Total ram usage:        3 bytes
 Hardware stack levels used:    1
 Hardware stack levels required when called:    1
 This function calls:
		Nothing
 This function is called by:
		_LeerADC
 This function uses a non-reentrant model


 *************** function _LCD_clear *****************
 Defined at:
		line 40 in file "LCD.c"
 Parameters:    Size  Location     Type
		None
 Auto vars:     Size  Location     Type
		None
 Return value:  Size  Location     Type
                  1    wreg      void 
 Registers used:
		wreg, status,2, status,0, pclath, cstack
 Tracked objects:
		On entry : 
		On exit  : 
		Unchanged: 
 Data sizes:     COMMON   BANK0   BANK1   BANK3   BANK2
      Params:         0       0       0       0       0
      Locals:         0       0       0       0       0
      Temps:          0       0       0       0       0
      Totals:         0       0       0       0       0
Total ram usage:        0 bytes
 Hardware stack levels used:    1
 Hardware stack levels required when called:    3
 This function calls:
		_LCD_Command
 This function is called by:
		_main
 This function uses a non-reentrant model


 *************** function _LCD_Write_String *****************
 Defined at:
		line 76 in file "LCD.c"
 Parameters:    Size  Location     Type
  a               2    5[COMMON] PTR unsigned char 
		 -> STR_3(16), pantalla(20), 
 Auto vars:     Size  Location     Type
  i               2    0[BANK0 ] int 
 Return value:  Size  Location     Type
                  1    wreg      void 
 Registers used:
		wreg, fsr0l, fsr0h, status,2, status,0, btemp+1, pclath, cstack
 Tracked objects:
		On entry : 
		On exit  : 
		Unchanged: 
 Data sizes:     COMMON   BANK0   BANK1   BANK3   BANK2
      Params:         2       0       0       0       0
      Locals:         0       2       0       0       0
      Temps:          3       0       0       0       0
      Totals:         5       2       0       0       0
Total ram usage:        7 bytes
 Hardware stack levels used:    1
 Hardware stack levels required when called:    3
 This function calls:
		_LCD_Write_Char
 This function is called by:
		_main
 This function uses a non-reentrant model


 *************** function _LCD_Write_Char *****************
 Defined at:
		line 9 in file "LCD.c"
 Parameters:    Size  Location     Type
  a               1    wreg     unsigned char 
 Auto vars:     Size  Location     Type
  a               1    4[COMMON] unsigned char 
 Return value:  Size  Location     Type
                  1    wreg      void 
 Registers used:
		wreg, status,2, status,0, pclath, cstack
 Tracked objects:
		On entry : 
		On exit  : 
		Unchanged: 
 Data sizes:     COMMON   BANK0   BANK1   BANK3   BANK2
      Params:         0       0       0       0       0
      Locals:         1       0       0       0       0
      Temps:          1       0       0       0       0
      Totals:         2       0       0       0       0
Total ram usage:        2 bytes
 Hardware stack levels used:    1
 Hardware stack levels required when called:    2
 This function calls:
		_LCD_Port
 This function is called by:
		_LCD_Write_String
 This function uses a non-reentrant model


 *************** function _LCD_Set_Cursor *****************
 Defined at:
		line 62 in file "LCD.c"
 Parameters:    Size  Location     Type
  x               1    wreg     unsigned char 
  y               1    6[COMMON] unsigned char 
 Auto vars:     Size  Location     Type
  x               1    8[COMMON] unsigned char 
  a               1    9[COMMON] unsigned char 
 Return value:  Size  Location     Type
                  1    wreg      void 
 Registers used:
		wreg, status,2, status,0, pclath, cstack
 Tracked objects:
		On entry : 
		On exit  : 
		Unchanged: 
 Data sizes:     COMMON   BANK0   BANK1   BANK3   BANK2
      Params:         1       0       0       0       0
      Locals:         2       0       0       0       0
      Temps:          1       0       0       0       0
      Totals:         4       0       0       0       0
Total ram usage:        4 bytes
 Hardware stack levels used:    1
 Hardware stack levels required when called:    3
 This function calls:
		_LCD_Command
 This function is called by:
		_main
 This function uses a non-reentrant model


 *************** function _LCD_Init *****************
 Defined at:
		line 45 in file "LCD.c"
 Parameters:    Size  Location     Type
		None
 Auto vars:     Size  Location     Type
		None
 Return value:  Size  Location     Type
                  1    wreg      void 
 Registers used:
		wreg, status,2, status,0, pclath, cstack
 Tracked objects:
		On entry : 
		On exit  : 
		Unchanged: 
 Data sizes:     COMMON   BANK0   BANK1   BANK3   BANK2
      Params:         0       0       0       0       0
      Locals:         0       0       0       0       0
      Temps:          2       0       0       0       0
      Totals:         2       0       0       0       0
Total ram usage:        2 bytes
 Hardware stack levels used:    1
 Hardware stack levels required when called:    3
 This function calls:
		_LCD_Command
		_LCD_Port
 This function is called by:
		_main
 This function uses a non-reentrant model


 *************** function _LCD_Command *****************
 Defined at:
		line 31 in file "LCD.c"
 Parameters:    Size  Location     Type
  a               1    wreg     unsigned char 
 Auto vars:     Size  Location     Type
  a               1    5[COMMON] unsigned char 
 Return value:  Size  Location     Type
                  1    wreg      void 
 Registers used:
		wreg, status,2, status,0, pclath, cstack
 Tracked objects:
		On entry : 
		On exit  : 
		Unchanged: 
 Data sizes:     COMMON   BANK0   BANK1   BANK3   BANK2
      Params:         0       0       0       0       0
      Locals:         1       0       0       0       0
      Temps:          2       0       0       0       0
      Totals:         3       0       0       0       0
Total ram usage:        3 bytes
 Hardware stack levels used:    1
 Hardware stack levels required when called:    2
 This function calls:
		_LCD_Port
 This function is called by:
		_LCD_clear
		_LCD_Init
		_LCD_Set_Cursor
 This function uses a non-reentrant model


 *************** function _LCD_Port *****************
 Defined at:
		line 18 in file "LCD.c"
 Parameters:    Size  Location     Type
  a               1    wreg     unsigned char 
 Auto vars:     Size  Location     Type
  a               1    2[COMMON] unsigned char 
 Return value:  Size  Location     Type
                  1    wreg      void 
 Registers used:
		wreg
 Tracked objects:
		On entry : 
		On exit  : 
		Unchanged: 
 Data sizes:     COMMON   BANK0   BANK1   BANK3   BANK2
      Params:         0       0       0       0       0
      Locals:         1       0       0       0       0
      Temps:          0       0       0       0       0
      Totals:         1       0       0       0       0
Total ram usage:        1 bytes
 Hardware stack levels used:    1
 Hardware stack levels required when called:    1
 This function calls:
		Nothing
 This function is called by:
		_LCD_Write_Char
		_LCD_Command
		_LCD_Init
 This function uses a non-reentrant model


 *************** function _Init_Transmit *****************
 Defined at:
		line 14 in file "USART.c"
 Parameters:    Size  Location     Type
		None
 Auto vars:     Size  Location     Type
		None
 Return value:  Size  Location     Type
                  1    wreg      void 
 Registers used:
		None
 Tracked objects:
		On entry : 
		On exit  : 
		Unchanged: 
 Data sizes:     COMMON   BANK0   BANK1   BANK3   BANK2
      Params:         0       0       0       0       0
      Locals:         0       0       0       0       0
      Temps:          0       0       0       0       0
      Totals:         0       0       0       0       0
Total ram usage:        0 bytes
 Hardware stack levels used:    1
 Hardware stack levels required when called:    1
 This function calls:
		Nothing
 This function is called by:
		_main
 This function uses a non-reentrant model


 *************** function _Init_Receive *****************
 Defined at:
		line 28 in file "USART.c"
 Parameters:    Size  Location     Type
		None
 Auto vars:     Size  Location     Type
		None
 Return value:  Size  Location     Type
                  1    wreg      void 
 Registers used:
		None
 Tracked objects:
		On entry : 
		On exit  : 
		Unchanged: 
 Data sizes:     COMMON   BANK0   BANK1   BANK3   BANK2
      Params:         0       0       0       0       0
      Locals:         0       0       0       0       0
      Temps:          0       0       0       0       0
      Totals:         0       0       0       0       0
Total ram usage:        0 bytes
 Hardware stack levels used:    1
 Hardware stack levels required when called:    1
 This function calls:
		Nothing
 This function is called by:
		_main
 This function uses a non-reentrant model


 *************** function _ISR *****************
 Defined at:
		line 63 in file "lab3_main.c"
 Parameters:    Size  Location     Type
		None
 Auto vars:     Size  Location     Type
		None
 Return value:  Size  Location     Type
                  1    wreg      void 
 Registers used:
		None
 Tracked objects:
		On entry : 
		On exit  : 
		Unchanged: 
 Data sizes:     COMMON   BANK0   BANK1   BANK3   BANK2
      Params:         0       0       0       0       0
      Locals:         0       0       0       0       0
      Temps:          2       0       0       0       0
      Totals:         2       0       0       0       0
Total ram usage:        2 bytes
 Hardware stack levels used:    1
 This function calls:
		Nothing
 This function is called by:
		Interrupt level 1
 This function uses a non-reentrant model



MODULE INFORMATION

Module		Function		Class		Link	Load	Size
USART.c
		_USART_Write_String		CODE           	1E78	0000	43
		_Init_Transmit 		CODE           	07F0	0000	14
		_USART_Write   		CODE           	1D86	0000	12
		_Set_Baud_Rate 		CODE           	1D62	0000	5
		_Init_Receive  		CODE           	1D74	0000	8

USART.c estimated size: 82

D:\Microchip\xc8\v2.31\pic\sources\c90\common\ftadd.c
		___ftadd       		CODE           	16CA	0000	310

D:\Microchip\xc8\v2.31\pic\sources\c90\common\ftadd.c estimated size: 310

D:\Microchip\xc8\v2.31\pic\sources\c90\common\awtoft.c
		___awtoft      		CODE           	1E4F	0000	41

D:\Microchip\xc8\v2.31\pic\sources\c90\common\awtoft.c estimated size: 41

D:\Microchip\xc8\v2.31\pic\sources\c90\common\ftge.c
		___ftge        		CODE           	1F02	0000	56

D:\Microchip\xc8\v2.31\pic\sources\c90\common\ftge.c estimated size: 56

D:\Microchip\xc8\v2.31\pic\sources\c90\common\doprnt.c
		_scale         		CODE           	0A5D	0000	699
		_sprintf       		CODE           	0D18	0000	2460
		_fround        		CODE           	08B4	0000	425

D:\Microchip\xc8\v2.31\pic\sources\c90\common\doprnt.c estimated size: 3584

D:\Microchip\xc8\v2.31\pic\sources\c90\common\lltoft.c
		___lltoft      		CODE           	1ECF	0000	51

D:\Microchip\xc8\v2.31\pic\sources\c90\common\lltoft.c estimated size: 51

D:\Microchip\xc8\v2.31\pic\sources\c90\common\ftneg.c
		___ftneg       		CODE           	1D7C	0000	10

D:\Microchip\xc8\v2.31\pic\sources\c90\common\ftneg.c estimated size: 10

D:\Microchip\xc8\v2.31\pic\sources\c90\common\ftsub.c
		___ftsub       		CODE           	1E05	0000	37

D:\Microchip\xc8\v2.31\pic\sources\c90\common\ftsub.c estimated size: 37

D:\Microchip\xc8\v2.31\pic\sources\c90\common\float.c
		___ftpack      		CODE           	12F4	0000	124

D:\Microchip\xc8\v2.31\pic\sources\c90\common\float.c estimated size: 124

D:\Microchip\xc8\v2.31\pic\sources\c90\common\__lldiv.c
		___lldiv       		CODE           	1223	0000	104

D:\Microchip\xc8\v2.31\pic\sources\c90\common\__lldiv.c estimated size: 104

D:\Microchip\xc8\v2.31\pic\sources\c90\common\lwmod.c
		___lwmod       		CODE           	1F3A	0000	58

D:\Microchip\xc8\v2.31\pic\sources\c90\common\lwmod.c estimated size: 58

D:\Microchip\xc8\v2.31\pic\sources\c90\common\awmod.c
		___awmod       		CODE           	11CA	0000	89

D:\Microchip\xc8\v2.31\pic\sources\c90\common\awmod.c estimated size: 89

lab3_main.c
		_ISR           		CODE           	1D6D	0000	7
		_main          		CODE           	06D5	0000	283
		_setup         		CODE           	1EA3	0000	44
		_LeerADC       		CODE           	10DD	0000	72

lab3_main.c estimated size: 406

D:\Microchip\xc8\v2.31\pic\sources\c90\common\llmod.c
		___llmod       		CODE           	1174	0000	86

D:\Microchip\xc8\v2.31\pic\sources\c90\common\llmod.c estimated size: 86

D:\Microchip\xc8\v2.31\pic\sources\c90\common\ftdivl.c
		__tdiv_to_l_   		CODE           	13FC	0000	189

D:\Microchip\xc8\v2.31\pic\sources\c90\common\ftdivl.c estimated size: 189

D:\Microchip\xc8\v2.31\pic\sources\c90\common\Umul16.c
		___wmul        		CODE           	1E2A	0000	37

D:\Microchip\xc8\v2.31\pic\sources\c90\common\Umul16.c estimated size: 37

shared
		__stringtab    		STRING         	1000	0000	16
		__powers_      		STRING         	1010	0000	39
		_dpowers       		STRING         	105E	0000	40
		__npowers_     		STRING         	1037	0000	39
		__initialization		CODE           	000F	0000	14

shared estimated size: 148

ADC.c
		_ADC_Select    		CODE           	0818	0000	156
		_initADC       		CODE           	1D9F	0000	13

ADC.c estimated size: 169

D:\Microchip\xc8\v2.31\pic\sources\c90\common\ftmul.c
		___ftmul       		CODE           	14B9	0000	229

D:\Microchip\xc8\v2.31\pic\sources\c90\common\ftmul.c estimated size: 229

D:\Microchip\xc8\v2.31\pic\sources\c90\common\isdigit.c
		_isdigit       		CODE           	1DAC	0000	18

D:\Microchip\xc8\v2.31\pic\sources\c90\common\isdigit.c estimated size: 18

D:\Microchip\xc8\v2.31\pic\sources\c90\common\lwdiv.c
		___lwdiv       		CODE           	1FBA	0000	70

D:\Microchip\xc8\v2.31\pic\sources\c90\common\lwdiv.c estimated size: 70

D:\Microchip\xc8\v2.31\pic\sources\c90\common\awdiv.c
		___awdiv       		CODE           	128B	0000	105

D:\Microchip\xc8\v2.31\pic\sources\c90\common\awdiv.c estimated size: 105

D:\Microchip\xc8\v2.31\pic\sources\c90\common\fldivl.c
		__div_to_l_    		CODE           	159E	0000	300

D:\Microchip\xc8\v2.31\pic\sources\c90\common\fldivl.c estimated size: 300

D:\Microchip\xc8\v2.31\pic\sources\c90\common\Umul8.c
		___bmul        		CODE           	0801	0000	23

D:\Microchip\xc8\v2.31\pic\sources\c90\common\Umul8.c estimated size: 23

D:\Microchip\xc8\v2.31\pic\sources\c90\common\fttol.c
		___fttol       		CODE           	1370	0000	140

D:\Microchip\xc8\v2.31\pic\sources\c90\common\fttol.c estimated size: 140

LCD.c
		_LCD_Init      		CODE           	1125	0000	79
		_LCD_clear     		CODE           	1D92	0000	13
		_LCD_Write_Char		CODE           	10C4	0000	25
		_LCD_Command   		CODE           	1DBE	0000	35
		_LCD_Set_Cursor		CODE           	1DE1	0000	36
		_LCD_Port      		CODE           	1D67	0000	6
		_LCD_Write_String		CODE           	1F74	0000	70

LCD.c estimated size: 264

