Microchip MPLAB XC8 Compiler V2.31

Linker command line:

-W-3 --edf=D:\Microchip\xc8\v2.31\pic\dat\en_msgs.txt -cn \
  -h+dist/default/production\Mini2_Ver2.X.production.sym \
  --cmf=dist/default/production\Mini2_Ver2.X.production.cmf -z -Q16F887 \
  -oC:\Users\jrdia\AppData\Local\Temp\st7s.2 --defsym=__MPLAB_BUILD=1 \
  -Mdist/default/production/Mini2_Ver2.X.production.map -E1 \
  -ver=XC8 Compiler --acfsm=1493 -ASTACK=0110h-016Fh -pstack=STACK \
  -ACODE=00h-07FFhx4 -ASTRCODE=00h-01FFFh -ASTRING=00h-0FFhx32 \
  -ACONST=00h-0FFhx32 -AENTRY=00h-0FFhx32 -ACOMMON=070h-07Fh \
  -ABANK0=020h-06Fh -ABANK1=0A0h-0EFh -ABANK2=0110h-016Fh \
  -ABANK3=0190h-01EFh -ARAM=020h-06Fh,0A0h-0EFh,0110h-016Fh,0190h-01EFh \
  -AABS1=020h-07Fh,0A0h-0EFh,0110h-016Fh,0190h-01EFh -ASFR0=00h-01Fh \
  -ASFR1=080h-09Fh -ASFR2=0100h-010Fh -ASFR3=0180h-018Fh \
  -ACONFIG=02007h-02008h -DCONFIG=2 -AIDLOC=02000h-02003h -DIDLOC=2 \
  -AEEDATA=00h-0FFh/02100h -peeprom_data=EEDATA -DEEDATA=2 -DCODE=2 \
  -DSTRCODE=2 -DSTRING=2 -DCONST=2 -DENTRY=2 \
  -preset_vec=00h,intentry,init,end_init -ppowerup=CODE -pcinit=CODE \
  -pfunctab=ENTRY -k C:\Users\jrdia\AppData\Local\Temp\st7s.o \
  dist/default/production\Mini2_Ver2.X.production.o 

Object code version is 3.11

Machine type is 16F887



                Name                               Link     Load   Length Selector   Space Scale
C:\Users\jrdia\AppData\Local\Temp\st7s.o
                end_init                              0        0        3        0       0
                config                             2007     2007        2        0       4
dist/default/production\Mini2_Ver2.X.production.o
                cinit                               7FC      7FC        4      FF8       0
                config                             2007     2007        2        0       4
                text21                              149      149        D      292       0
                text20                              156      156        D      2AC       0
                text19                              122      122        9      244       0
                text18                              172      172       10      2E4       0
                text17                              182      182       10      304       0
                text16                              303      303       9D      606       0
                text15                              12B      12B        9      256       0
                text14                              134      134        9      268       0
                text13                              1C6      1C6       27      38C       0
                text12                              13D      13D        C      27A       0
                text11                              1A5      1A5       21      34A       0
                text10                              29C      29C       67      538       0
                text9                               61F      61F      1DD      C3E       0
                text8                               3A0      3A0       BA      740       0
                text7                               258      258       44      4B0       0
                text6                               21E      21E       3A      43C       0
                text5                               537      537       E8      A6E       0
                text4                               45A      45A       DD      8B4       0
                text3                               163      163        F      2C6       0
                text2                               11D      11D        5      23A       0
                text1                               192      192       13      324       0
                maintext                            1ED      1ED       31      3DA       0
                cstackBANK0                          20       20       20       20       1
                cstackCOMMON                         70       70        E       70       1
                cstackBANK1                          A0       A0       3A       A0       1
                strings                               3        3       1D        6       0

TOTAL           Name                               Link     Load   Length     Space
        CLASS   STACK          

        CLASS   CODE           
                end_init                              0        0        3         0
                cinit                               7FC      7FC        4         0
                text21                              149      149        D         0
                text20                              156      156        D         0
                text19                              122      122        9         0
                text18                              172      172       10         0
                text17                              182      182       10         0
                text16                              303      303       9D         0
                text15                              12B      12B        9         0
                text14                              134      134        9         0
                text13                              1C6      1C6       27         0
                text12                              13D      13D        C         0
                text11                              1A5      1A5       21         0
                text10                              29C      29C       67         0
                text9                               61F      61F      1DD         0
                text8                               3A0      3A0       BA         0
                text7                               258      258       44         0
                text6                               21E      21E       3A         0
                text5                               537      537       E8         0
                text4                               45A      45A       DD         0
                text3                               163      163        F         0
                text2                               11D      11D        5         0
                text1                               192      192       13         0
                maintext                            1ED      1ED       31         0

        CLASS   STRCODE        

        CLASS   STRING         
                strings                               3        3       1D         0

        CLASS   CONST          

        CLASS   ENTRY          

        CLASS   COMMON         
                cstackCOMMON                         70       70        E         1

        CLASS   BANK0          
                cstackBANK0                          20       20       20         1

        CLASS   BANK1          
                cstackBANK1                          A0       A0       3A         1

        CLASS   BANK2          

        CLASS   BANK3          

        CLASS   RAM            

        CLASS   ABS1           
                abs_s1                               7E       7E        2         1

        CLASS   SFR0           

        CLASS   SFR1           

        CLASS   SFR2           

        CLASS   SFR3           

        CLASS   CONFIG         
                config                             2007     2007        2         4

        CLASS   IDLOC          

        CLASS   EEDATA         



SEGMENTS        Name                           Load    Length   Top    Selector   Space  Class     Delta

                reset_vec                      000000  000003  000003         0       0  CODE        2
                strings                        000003  00001D  000020         6       0  STRING      2
                cstackBANK0                    000020  000020  000040        20       1  BANK0       1
                cstackCOMMON                   000070  00000E  00007E        70       1  COMMON      1
                cstackBANK1                    0000A0  00003A  0000DA        A0       1  BANK1       1
                text2                          00011D  000005  000122       23A       0  CODE        2
                text19                         000122  000009  00012B       244       0  CODE        2
                text15                         00012B  000009  000134       256       0  CODE        2
                text14                         000134  000009  00013D       268       0  CODE        2
                text12                         00013D  00000C  000149       27A       0  CODE        2
                text21                         000149  00000D  000156       292       0  CODE        2
                text20                         000156  00000D  000163       2AC       0  CODE        2
                text3                          000163  00000F  000172       2C6       0  CODE        2
                text18                         000172  000010  000182       2E4       0  CODE        2
                text17                         000182  000010  000192       304       0  CODE        2
                text1                          000192  000013  0001A5       324       0  CODE        2
                text11                         0001A5  000021  0001C6       34A       0  CODE        2
                text13                         0001C6  000027  0001ED       38C       0  CODE        2
                maintext                       0001ED  000031  00021E       3DA       0  CODE        2
                text6                          00021E  00003A  000258       43C       0  CODE        2
                text7                          000258  000044  00029C       4B0       0  CODE        2
                text10                         00029C  000067  000303       538       0  CODE        2
                text16                         000303  00009D  0003A0       606       0  CODE        2
                text8                          0003A0  0000BA  00045A       740       0  CODE        2
                text4                          00045A  0000DD  000537       8B4       0  CODE        2
                text5                          000537  0000E8  00061F       A6E       0  CODE        2
                text9                          00061F  0001DD  0007FC       C3E       0  CODE        2
                cinit                          0007FC  000004  000800       FF8       0  CODE        2


UNUSED ADDRESS RANGES

        Name                Unused          Largest block    Delta
        BANK0            0040-006F             30           1
        BANK1            00DA-00EF             16           1
        BANK2            0110-016F             60           1
        BANK3            0190-01EF             60           1
        CODE             0020-011C             FD           2
                         0800-1FFF            800
        CONST            0020-011C             E0           2
                         0800-1FFF            100
        EEDATA           2100-21FF            100           2
        ENTRY            0020-011C             E0           2
                         0800-1FFF            100
        IDLOC            2000-2003              4           2
        RAM              0040-006F             30           1
                         00DA-00EF             16
                         0110-016F             60
                         0190-01EF             60
        SFR0             0000-001F             20           1
        SFR1             0080-009F             20           1
        SFR2             0100-010F             10           1
        SFR3             0180-018F             10           1
        STACK            0110-016F             60           1
        STRCODE          0020-011C             FD           2
                         0800-1FFF           1800
        STRING           0020-011C             E0           2
                         0800-1FFF            100

                                  Symbol Table

?___awdiv                   cstackCOMMON 0070
?___fldiv                   cstackBANK0  0020
?___lwdiv                   cstackCOMMON 0070
?___lwmod                   cstackCOMMON 0078
?___xxtofl                  cstackCOMMON 0070
?_sprintf                   cstackBANK0  0020
I2C_Master_Write@data       cstackCOMMON 0070
I2C_Read@ACK_NACK           cstackCOMMON 0071
I2C_Read@Data               cstackCOMMON 0072
I2C_Start@add               cstackCOMMON 0071
MPU6050_Read@Ay             cstackBANK1  00D8
MPU6050_Read@buffer         cstackBANK1  00A0
UART_Write@data             cstackCOMMON 0070
UART_Write_String@buf       cstackCOMMON 0074
UART_Write_String@i         cstackCOMMON 0072
_ACKDT                      (abs)        048D
_ACKEN                      (abs)        048C
_ACKSTAT                    (abs)        048E
_ANSEL                      (abs)        0188
_ANSELH                     (abs)        0189
_BF                         (abs)        04A0
_BRGH                       (abs)        04C2
_I2C_ACK                    text15       012B
_I2C_Master_Init            text21       0149
_I2C_Master_Stop            text19       0122
_I2C_Master_Wait            text20       0156
_I2C_Master_Write           text18       0172
_I2C_NACK                   text14       0134
_I2C_Read                   text13       01C6
_I2C_Start                  text17       0182
_MPU6050_Init               text16       0303
_MPU6050_Read               text4        045A
_OSCCONbits                 (abs)        008F
_PEN                        (abs)        048A
_PORTA                      (abs)        0005
_PORTB                      (abs)        0006
_PORTC                      (abs)        0007
_PORTD                      (abs)        0008
_PORTE                      (abs)        0009
_RCEN                       (abs)        048B
_RD2                        (abs)        0042
_RSEN                       (abs)        0489
_SEN                        (abs)        0488
_SPBRG                      (abs)        0099
_SPEN                       (abs)        00C7
_SSPADD                     (abs)        0093
_SSPBUF                     (abs)        0013
_SSPCON                     (abs)        0014
_SSPCON2                    (abs)        0091
_SSPIF                      (abs)        0063
_SSPSTAT                    (abs)        0094
_SYNC                       (abs)        04C4
_TRISA                      (abs)        0085
_TRISB                      (abs)        0086
_TRISC                      (abs)        0087
_TRISC3                     (abs)        043B
_TRISC4                     (abs)        043C
_TRISC6                     (abs)        043E
_TRISC7                     (abs)        043F
_TRISD                      (abs)        0088
_TRISE                      (abs)        0089
_TRMT                       (abs)        04C1
_TXEN                       (abs)        04C5
_TXREG                      (abs)        0019
_UART_TX_Init               text3        0163
_UART_Write                 text12       013D
_UART_Write_String          text11       01A5
__Habs1                     abs1         0000
__Hbank0                    bank0        0000
__Hbank1                    bank1        0000
__Hbank2                    bank2        0000
__Hbank3                    bank3        0000
__Hcinit                    cinit        0800
__Hclrtext                  clrtext      0000
__Hcode                     code         0000
__Hcommon                   common       0000
__Hconfig                   config       2009
__HcstackBANK0              cstackBANK0  0000
__HcstackBANK1              cstackBANK1  0000
__HcstackCOMMON             cstackCOMMON 0000
__Heeprom_data              eeprom_data  0000
__Hend_init                 end_init     0003
__Hfunctab                  functab      0000
__Hinit                     init         0000
__Hintentry                 intentry     0000
__Hmaintext                 maintext     0000
__Hpowerup                  powerup      0000
__Hram                      ram          0000
__Hreset_vec                reset_vec    0000
__Hsfr0                     sfr0         0000
__Hsfr1                     sfr1         0000
__Hsfr2                     sfr2         0000
__Hsfr3                     sfr3         0000
__Hspace_0                  (abs)        0800
__Hspace_1                  (abs)        00DA
__Hspace_2                  (abs)        0000
__Hspace_3                  (abs)        0000
__Hspace_4                  (abs)        4010
__Hstack                    stack        0000
__Hstrings                  strings      0000
__Htext                     text         0000
__Labs1                     abs1         0000
__Lbank0                    bank0        0000
__Lbank1                    bank1        0000
__Lbank2                    bank2        0000
__Lbank3                    bank3        0000
__Lcinit                    cinit        07FC
__Lclrtext                  clrtext      0000
__Lcode                     code         0000
__Lcommon                   common       0000
__Lconfig                   config       0000
__LcstackBANK0              cstackBANK0  0000
__LcstackBANK1              cstackBANK1  0000
__LcstackCOMMON             cstackCOMMON 0000
__Leeprom_data              eeprom_data  0000
__Lend_init                 end_init     0000
__Lfunctab                  functab      0000
__Linit                     init         0000
__Lintentry                 intentry     0000
__Lmaintext                 maintext     0000
__Lpowerup                  powerup      0000
__Lram                      ram          0000
__Lreset_vec                reset_vec    0000
__Lsfr0                     sfr0         0000
__Lsfr1                     sfr1         0000
__Lsfr2                     sfr2         0000
__Lsfr3                     sfr3         0000
__Lspace_0                  (abs)        0000
__Lspace_1                  (abs)        0000
__Lspace_2                  (abs)        0000
__Lspace_3                  (abs)        0000
__Lspace_4                  (abs)        0000
__Lstack                    stack        0000
__Lstrings                  strings      0000
__Ltext                     text         0000
__S0                        (abs)        0800
__S1                        (abs)        00DA
__S2                        (abs)        0000
__S3                        (abs)        0000
___awdiv                    text10       029C
___awdiv@counter            cstackCOMMON 0075
___awdiv@dividend           cstackCOMMON 0072
___awdiv@divisor            cstackCOMMON 0070
___awdiv@quotient           cstackCOMMON 0077
___awdiv@sign               cstackCOMMON 0076
___fldiv                    text9        061F
___fldiv@a                  cstackBANK0  0020
___fldiv@aexp               cstackBANK0  0039
___fldiv@b                  cstackBANK0  0024
___fldiv@bexp               cstackBANK0  0038
___fldiv@grs                cstackBANK0  0034
___fldiv@new_exp            cstackBANK0  0032
___fldiv@rem                cstackBANK0  002D
___fldiv@sign               cstackBANK0  0031
___int_sp                   stack        0000
___latbits                  (abs)        0002
___lwdiv                    text7        0258
___lwdiv@counter            cstackCOMMON 0077
___lwdiv@dividend           cstackCOMMON 0072
___lwdiv@divisor            cstackCOMMON 0070
___lwdiv@quotient           cstackCOMMON 0075
___lwmod                    text6        021E
___lwmod@counter            cstackCOMMON 007D
___lwmod@dividend           cstackCOMMON 007A
___lwmod@divisor            cstackCOMMON 0078
___sp                       stack        0000
___stackhi                  (abs)        0000
___stacklo                  (abs)        0000
___xxtofl                   text8        03A0
___xxtofl@arg               cstackCOMMON 007A
___xxtofl@exp               cstackCOMMON 0079
___xxtofl@sign              cstackCOMMON 0078
___xxtofl@val               cstackCOMMON 0070
__end_of_I2C_ACK            text15       0134
__end_of_I2C_Master_Init    text21       0156
__end_of_I2C_Master_Stop    text19       012B
__end_of_I2C_Master_Wait    text20       0163
__end_of_I2C_Master_Write   text18       0182
__end_of_I2C_NACK           text14       013D
__end_of_I2C_Read           text13       01ED
__end_of_I2C_Start          text17       0192
__end_of_MPU6050_Init       text16       03A0
__end_of_MPU6050_Read       text4        0537
__end_of_UART_TX_Init       text3        0172
__end_of_UART_Write         text12       0149
__end_of_UART_Write_String  text11       01C6
__end_of___awdiv            text10       0303
__end_of___fldiv            text9        07FC
__end_of___lwdiv            text7        029C
__end_of___lwmod            text6        0258
__end_of___xxtofl           text8        045A
__end_of__initialization    cinit        07FC
__end_of__stringtab         strings      0009
__end_of_dpowers            strings      0013
__end_of_main               maintext     021E
__end_of_setOsc             text2        0122
__end_of_setup              text1        01A5
__end_of_sprintf            text5        061F
__initialization            cinit        07FC
__pcstackBANK0              cstackBANK0  0020
__pcstackBANK1              cstackBANK1  00A0
__pcstackCOMMON             cstackCOMMON 0070
__pmaintext                 maintext     01ED
__pstrings                  strings      0003
__ptext1                    text1        0192
__ptext10                   text10       029C
__ptext11                   text11       01A5
__ptext12                   text12       013D
__ptext13                   text13       01C6
__ptext14                   text14       0134
__ptext15                   text15       012B
__ptext16                   text16       0303
__ptext17                   text17       0182
__ptext18                   text18       0172
__ptext19                   text19       0122
__ptext2                    text2        011D
__ptext20                   text20       0156
__ptext21                   text21       0149
__ptext3                    text3        0163
__ptext4                    text4        045A
__ptext5                    text5        0537
__ptext6                    text6        021E
__ptext7                    text7        0258
__ptext8                    text8        03A0
__ptext9                    text9        061F
__size_of_I2C_ACK           (abs)        0000
__size_of_I2C_Master_Init   (abs)        0000
__size_of_I2C_Master_Stop   (abs)        0000
__size_of_I2C_Master_Wait   (abs)        0000
__size_of_I2C_Master_Write  (abs)        0000
__size_of_I2C_NACK          (abs)        0000
__size_of_I2C_Read          (abs)        0000
__size_of_I2C_Start         (abs)        0000
__size_of_MPU6050_Init      (abs)        0000
__size_of_MPU6050_Read      (abs)        0000
__size_of_UART_TX_Init      (abs)        0000
__size_of_UART_Write        (abs)        0000
__size_of_UART_Write_String (abs)        0000
__size_of___awdiv           (abs)        0000
__size_of___fldiv           (abs)        0000
__size_of___lwdiv           (abs)        0000
__size_of___lwmod           (abs)        0000
__size_of___xxtofl          (abs)        0000
__size_of_main              (abs)        0000
__size_of_setOsc            (abs)        0000
__size_of_setup             (abs)        0000
__size_of_sprintf           (abs)        0000
__stringbase                strings      0008
__stringtab                 strings      0003
_dpowers                    strings      0009
_main                       maintext     01ED
_setOsc                     text2        011D
_setup                      text1        0192
_sprintf                    text5        0537
btemp                       (abs)        007E
end_of_initialization       cinit        07FC
intlevel0                   functab      0000
intlevel1                   functab      0000
intlevel2                   functab      0000
intlevel3                   functab      0000
intlevel4                   functab      0000
intlevel5                   functab      0000
reset_vec                   reset_vec    0000
sprintf@ap                  cstackBANK0  0026
sprintf@c                   cstackBANK0  002C
sprintf@f                   cstackBANK0  0020
sprintf@flag                cstackBANK0  0027
sprintf@prec                cstackBANK0  0028
sprintf@sp                  cstackBANK0  002B
sprintf@val                 cstackBANK0  0029
start                       init         0000
start_initialization        cinit        07FC
wtemp0                      (abs)        007E


FUNCTION INFORMATION:

 *************** function _main *****************
 Defined at:
		line 54 in file "main.c"
 Parameters:    Size  Location     Type
		None
 Auto vars:     Size  Location     Type
		None
 Return value:  Size  Location     Type
                  1    wreg      void 
 Registers used:
		wreg, fsr0l, fsr0h, status,2, status,0, btemp+1, pclath, cstack
 Tracked objects:
		On entry : 
		On exit  : 
		Unchanged: 
 Data sizes:     COMMON   BANK0   BANK1   BANK3   BANK2
      Params:         0       0       0       0       0
      Locals:         0       0       0       0       0
      Temps:          0       2       0       0       0
      Totals:         0       2       0       0       0
Total ram usage:        2 bytes
 Hardware stack levels required when called:    4
 This function calls:
		_MPU6050_Init
		_MPU6050_Read
		_UART_TX_Init
		_setOsc
		_setup
 This function is called by:
		Startup code after reset
 This function uses a non-reentrant model


 *************** function _setup *****************
 Defined at:
		line 77 in file "main.c"
 Parameters:    Size  Location     Type
		None
 Auto vars:     Size  Location     Type
		None
 Return value:  Size  Location     Type
                  1    wreg      void 
 Registers used:
		status,2
 Tracked objects:
		On entry : 
		On exit  : 
		Unchanged: 
 Data sizes:     COMMON   BANK0   BANK1   BANK3   BANK2
      Params:         0       0       0       0       0
      Locals:         0       0       0       0       0
      Temps:          0       0       0       0       0
      Totals:         0       0       0       0       0
Total ram usage:        0 bytes
 Hardware stack levels used:    1
 This function calls:
		Nothing
 This function is called by:
		_main
 This function uses a non-reentrant model


 *************** function _setOsc *****************
 Defined at:
		line 94 in file "main.c"
 Parameters:    Size  Location     Type
		None
 Auto vars:     Size  Location     Type
		None
 Return value:  Size  Location     Type
                  1    wreg      void 
 Registers used:
		wreg, status,2, status,0
 Tracked objects:
		On entry : 
		On exit  : 
		Unchanged: 
 Data sizes:     COMMON   BANK0   BANK1   BANK3   BANK2
      Params:         0       0       0       0       0
      Locals:         0       0       0       0       0
      Temps:          0       0       0       0       0
      Totals:         0       0       0       0       0
Total ram usage:        0 bytes
 Hardware stack levels used:    1
 This function calls:
		Nothing
 This function is called by:
		_main
 This function uses a non-reentrant model


 *************** function _UART_TX_Init *****************
 Defined at:
		line 17 in file "USART.c"
 Parameters:    Size  Location     Type
		None
 Auto vars:     Size  Location     Type
		None
 Return value:  Size  Location     Type
                  1    wreg      void 
 Registers used:
		wreg
 Tracked objects:
		On entry : 
		On exit  : 
		Unchanged: 
 Data sizes:     COMMON   BANK0   BANK1   BANK3   BANK2
      Params:         0       0       0       0       0
      Locals:         0       0       0       0       0
      Temps:          0       0       0       0       0
      Totals:         0       0       0       0       0
Total ram usage:        0 bytes
 Hardware stack levels used:    1
 This function calls:
		Nothing
 This function is called by:
		_main
 This function uses a non-reentrant model


 *************** function _MPU6050_Read *****************
 Defined at:
		line 62 in file "MPU.c"
 Parameters:    Size  Location     Type
		None
 Auto vars:     Size  Location     Type
  buffer         40    0[BANK1 ] unsigned char [40]
  AY              4    0        float 
  Ay              2   56[BANK1 ] int 
  Gz              2    0        int 
  Gy              2    0        int 
  Gx              2    0        int 
  T               2    0        int 
  Az              2    0        int 
  Ax              2    0        int 
 Return value:  Size  Location     Type
                  1    wreg      void 
 Registers used:
		wreg, fsr0l, fsr0h, status,2, status,0, btemp+1, pclath, cstack
 Tracked objects:
		On entry : 
		On exit  : 
		Unchanged: 
 Data sizes:     COMMON   BANK0   BANK1   BANK3   BANK2
      Params:         0       0       0       0       0
      Locals:         0       0      58       0       0
      Temps:          0       4       0       0       0
      Totals:         0       4      58       0       0
Total ram usage:       62 bytes
 Hardware stack levels used:    1
 Hardware stack levels required when called:    3
 This function calls:
		_I2C_Master_Stop
		_I2C_Master_Write
		_I2C_Read
		_I2C_Start
		_UART_Write_String
		___awdiv
		___fldiv
		___xxtofl
		_sprintf
 This function is called by:
		_main
 This function uses a non-reentrant model


 *************** function _sprintf *****************
 Defined at:
		line 505 in file "D:\Microchip\xc8\v2.31\pic\sources\c90\common\doprnt.c"
 Parameters:    Size  Location     Type
  sp              1    wreg     PTR unsigned char 
		 -> MPU6050_Read@buffer(40), 
  f               1    0[BANK0 ] PTR const unsigned char 
		 -> STR_1(13), 
 Auto vars:     Size  Location     Type
  sp              1   11[BANK0 ] PTR unsigned char 
		 -> MPU6050_Read@buffer(40), 
  tmpval          4    0        struct .
  val             2    9[BANK0 ] unsigned int 
  cp              2    0        PTR const unsigned char 
  len             2    0        unsigned int 
  c               1   12[BANK0 ] unsigned char 
  prec            1    8[BANK0 ] char 
  flag            1    7[BANK0 ] unsigned char 
  ap              1    6[BANK0 ] PTR void [1]
		 -> ?_sprintf(2), 
 Return value:  Size  Location     Type
                  2    0[BANK0 ] int 
 Registers used:
		wreg, fsr0l, fsr0h, status,2, status,0, btemp+1, pclath, cstack
 Tracked objects:
		On entry : 
		On exit  : 
		Unchanged: 
 Data sizes:     COMMON   BANK0   BANK1   BANK3   BANK2
      Params:         0       3       0       0       0
      Locals:         0       7       0       0       0
      Temps:          0       3       0       0       0
      Totals:         0      13       0       0       0
Total ram usage:       13 bytes
 Hardware stack levels used:    1
 Hardware stack levels required when called:    1
 This function calls:
		___lwdiv
		___lwmod
 This function is called by:
		_MPU6050_Read
 This function uses a non-reentrant model


 *************** function ___lwmod *****************
 Defined at:
		line 5 in file "D:\Microchip\xc8\v2.31\pic\sources\c90\common\lwmod.c"
 Parameters:    Size  Location     Type
  divisor         2    8[COMMON] unsigned int 
  dividend        2   10[COMMON] unsigned int 
 Auto vars:     Size  Location     Type
  counter         1   13[COMMON] unsigned char 
 Return value:  Size  Location     Type
                  2    8[COMMON] unsigned int 
 Registers used:
		wreg, status,2, status,0
 Tracked objects:
		On entry : 
		On exit  : 
		Unchanged: 
 Data sizes:     COMMON   BANK0   BANK1   BANK3   BANK2
      Params:         4       0       0       0       0
      Locals:         1       0       0       0       0
      Temps:          1       0       0       0       0
      Totals:         6       0       0       0       0
Total ram usage:        6 bytes
 Hardware stack levels used:    1
 This function calls:
		Nothing
 This function is called by:
		_sprintf
 This function uses a non-reentrant model


 *************** function ___lwdiv *****************
 Defined at:
		line 5 in file "D:\Microchip\xc8\v2.31\pic\sources\c90\common\lwdiv.c"
 Parameters:    Size  Location     Type
  divisor         2    0[COMMON] unsigned int 
  dividend        2    2[COMMON] unsigned int 
 Auto vars:     Size  Location     Type
  quotient        2    5[COMMON] unsigned int 
  counter         1    7[COMMON] unsigned char 
 Return value:  Size  Location     Type
                  2    0[COMMON] unsigned int 
 Registers used:
		wreg, status,2, status,0
 Tracked objects:
		On entry : 
		On exit  : 
		Unchanged: 
 Data sizes:     COMMON   BANK0   BANK1   BANK3   BANK2
      Params:         4       0       0       0       0
      Locals:         3       0       0       0       0
      Temps:          1       0       0       0       0
      Totals:         8       0       0       0       0
Total ram usage:        8 bytes
 Hardware stack levels used:    1
 This function calls:
		Nothing
 This function is called by:
		_sprintf
 This function uses a non-reentrant model


 *************** function ___xxtofl *****************
 Defined at:
		line 10 in file "D:\Microchip\xc8\v2.31\pic\sources\c90\common\xxtofl.c"
 Parameters:    Size  Location     Type
  sign            1    wreg     unsigned char 
  val             4    0[COMMON] long 
 Auto vars:     Size  Location     Type
  sign            1    8[COMMON] unsigned char 
  arg             4   10[COMMON] unsigned long 
  exp             1    9[COMMON] unsigned char 
 Return value:  Size  Location     Type
                  4    0[COMMON] unsigned char 
 Registers used:
		wreg, status,2, status,0
 Tracked objects:
		On entry : 
		On exit  : 
		Unchanged: 
 Data sizes:     COMMON   BANK0   BANK1   BANK3   BANK2
      Params:         4       0       0       0       0
      Locals:         6       0       0       0       0
      Temps:          4       0       0       0       0
      Totals:        14       0       0       0       0
Total ram usage:       14 bytes
 Hardware stack levels used:    1
 This function calls:
		Nothing
 This function is called by:
		_MPU6050_Read
 This function uses a non-reentrant model


 *************** function ___fldiv *****************
 Defined at:
		line 8 in file "D:\Microchip\xc8\v2.31\pic\sources\c90\common\sprcdiv.c"
 Parameters:    Size  Location     Type
  a               4    0[BANK0 ] unsigned char 
  b               4    4[BANK0 ] unsigned char 
 Auto vars:     Size  Location     Type
  grs             4   20[BANK0 ] unsigned long 
  rem             4   13[BANK0 ] unsigned long 
  new_exp         2   18[BANK0 ] int 
  aexp            1   25[BANK0 ] unsigned char 
  bexp            1   24[BANK0 ] unsigned char 
  sign            1   17[BANK0 ] unsigned char 
 Return value:  Size  Location     Type
                  4    0[BANK0 ] unsigned char 
 Registers used:
		wreg, status,2, status,0, btemp+1
 Tracked objects:
		On entry : 
		On exit  : 
		Unchanged: 
 Data sizes:     COMMON   BANK0   BANK1   BANK3   BANK2
      Params:         0       8       0       0       0
      Locals:         0      13       0       0       0
      Temps:          0       5       0       0       0
      Totals:         0      26       0       0       0
Total ram usage:       26 bytes
 Hardware stack levels used:    1
 This function calls:
		Nothing
 This function is called by:
		_MPU6050_Read
 This function uses a non-reentrant model


 *************** function ___awdiv *****************
 Defined at:
		line 5 in file "D:\Microchip\xc8\v2.31\pic\sources\c90\common\awdiv.c"
 Parameters:    Size  Location     Type
  divisor         2    0[COMMON] int 
  dividend        2    2[COMMON] int 
 Auto vars:     Size  Location     Type
  quotient        2    7[COMMON] int 
  sign            1    6[COMMON] unsigned char 
  counter         1    5[COMMON] unsigned char 
 Return value:  Size  Location     Type
                  2    0[COMMON] int 
 Registers used:
		wreg, status,2, status,0
 Tracked objects:
		On entry : 
		On exit  : 
		Unchanged: 
 Data sizes:     COMMON   BANK0   BANK1   BANK3   BANK2
      Params:         4       0       0       0       0
      Locals:         4       0       0       0       0
      Temps:          1       0       0       0       0
      Totals:         9       0       0       0       0
Total ram usage:        9 bytes
 Hardware stack levels used:    1
 This function calls:
		Nothing
 This function is called by:
		_MPU6050_Read
 This function uses a non-reentrant model


 *************** function _UART_Write_String *****************
 Defined at:
		line 36 in file "USART.c"
 Parameters:    Size  Location     Type
  buf             1    wreg     PTR unsigned char 
		 -> MPU6050_Read@buffer(40), 
 Auto vars:     Size  Location     Type
  buf             1    4[COMMON] PTR unsigned char 
		 -> MPU6050_Read@buffer(40), 
  i               2    2[COMMON] int 
 Return value:  Size  Location     Type
                  1    wreg      void 
 Registers used:
		wreg, fsr0l, fsr0h, status,2, status,0, pclath, cstack
 Tracked objects:
		On entry : 
		On exit  : 
		Unchanged: 
 Data sizes:     COMMON   BANK0   BANK1   BANK3   BANK2
      Params:         0       0       0       0       0
      Locals:         3       0       0       0       0
      Temps:          1       0       0       0       0
      Totals:         4       0       0       0       0
Total ram usage:        4 bytes
 Hardware stack levels used:    1
 Hardware stack levels required when called:    1
 This function calls:
		_UART_Write
 This function is called by:
		_MPU6050_Read
 This function uses a non-reentrant model


 *************** function _UART_Write *****************
 Defined at:
		line 30 in file "USART.c"
 Parameters:    Size  Location     Type
  data            1    wreg     unsigned char 
 Auto vars:     Size  Location     Type
  data            1    0[COMMON] unsigned char 
 Return value:  Size  Location     Type
                  1    wreg      void 
 Registers used:
		wreg
 Tracked objects:
		On entry : 
		On exit  : 
		Unchanged: 
 Data sizes:     COMMON   BANK0   BANK1   BANK3   BANK2
      Params:         0       0       0       0       0
      Locals:         1       0       0       0       0
      Temps:          0       0       0       0       0
      Totals:         1       0       0       0       0
Total ram usage:        1 bytes
 Hardware stack levels used:    1
 This function calls:
		Nothing
 This function is called by:
		_UART_Write_String
 This function uses a non-reentrant model


 *************** function _I2C_Read *****************
 Defined at:
		line 89 in file "I2c.c"
 Parameters:    Size  Location     Type
  ACK_NACK        1    wreg     unsigned char 
 Auto vars:     Size  Location     Type
  ACK_NACK        1    1[COMMON] unsigned char 
  Data            1    2[COMMON] unsigned char 
 Return value:  Size  Location     Type
                  1    wreg      unsigned char 
 Registers used:
		wreg, status,2, status,0, pclath, cstack
 Tracked objects:
		On entry : 
		On exit  : 
		Unchanged: 
 Data sizes:     COMMON   BANK0   BANK1   BANK3   BANK2
      Params:         0       0       0       0       0
      Locals:         2       0       0       0       0
      Temps:          1       0       0       0       0
      Totals:         3       0       0       0       0
Total ram usage:        3 bytes
 Hardware stack levels used:    1
 Hardware stack levels required when called:    1
 This function calls:
		_I2C_ACK
		_I2C_NACK
 This function is called by:
		_MPU6050_Read
 This function uses a non-reentrant model


 *************** function _I2C_NACK *****************
 Defined at:
		line 62 in file "I2c.c"
 Parameters:    Size  Location     Type
		None
 Auto vars:     Size  Location     Type
		None
 Return value:  Size  Location     Type
                  1    wreg      void 
 Registers used:
		None
 Tracked objects:
		On entry : 
		On exit  : 
		Unchanged: 
 Data sizes:     COMMON   BANK0   BANK1   BANK3   BANK2
      Params:         0       0       0       0       0
      Locals:         0       0       0       0       0
      Temps:          0       0       0       0       0
      Totals:         0       0       0       0       0
Total ram usage:        0 bytes
 Hardware stack levels used:    1
 This function calls:
		Nothing
 This function is called by:
		_I2C_Read
 This function uses a non-reentrant model


 *************** function _I2C_ACK *****************
 Defined at:
		line 55 in file "I2c.c"
 Parameters:    Size  Location     Type
		None
 Auto vars:     Size  Location     Type
		None
 Return value:  Size  Location     Type
                  1    wreg      void 
 Registers used:
		None
 Tracked objects:
		On entry : 
		On exit  : 
		Unchanged: 
 Data sizes:     COMMON   BANK0   BANK1   BANK3   BANK2
      Params:         0       0       0       0       0
      Locals:         0       0       0       0       0
      Temps:          0       0       0       0       0
      Totals:         0       0       0       0       0
Total ram usage:        0 bytes
 Hardware stack levels used:    1
 This function calls:
		Nothing
 This function is called by:
		_I2C_Read
 This function uses a non-reentrant model


 *************** function _MPU6050_Init *****************
 Defined at:
		line 19 in file "MPU.c"
 Parameters:    Size  Location     Type
		None
 Auto vars:     Size  Location     Type
		None
 Return value:  Size  Location     Type
                  1    wreg      void 
 Registers used:
		wreg, status,2, status,0, pclath, cstack
 Tracked objects:
		On entry : 
		On exit  : 
		Unchanged: 
 Data sizes:     COMMON   BANK0   BANK1   BANK3   BANK2
      Params:         0       0       0       0       0
      Locals:         0       0       0       0       0
      Temps:          3       0       0       0       0
      Totals:         3       0       0       0       0
Total ram usage:        3 bytes
 Hardware stack levels used:    1
 Hardware stack levels required when called:    3
 This function calls:
		_I2C_Master_Init
		_I2C_Master_Stop
		_I2C_Master_Write
		_I2C_Start
 This function is called by:
		_main
 This function uses a non-reentrant model


 *************** function _I2C_Start *****************
 Defined at:
		line 36 in file "I2c.c"
 Parameters:    Size  Location     Type
  add             1    wreg     unsigned char 
 Auto vars:     Size  Location     Type
  add             1    1[COMMON] unsigned char 
 Return value:  Size  Location     Type
                  1    wreg      void 
 Registers used:
		wreg, status,2, status,0, pclath, cstack
 Tracked objects:
		On entry : 
		On exit  : 
		Unchanged: 
 Data sizes:     COMMON   BANK0   BANK1   BANK3   BANK2
      Params:         0       0       0       0       0
      Locals:         1       0       0       0       0
      Temps:          0       0       0       0       0
      Totals:         1       0       0       0       0
Total ram usage:        1 bytes
 Hardware stack levels used:    1
 Hardware stack levels required when called:    2
 This function calls:
		_I2C_Master_Wait
		_I2C_Master_Write
 This function is called by:
		_MPU6050_Init
		_MPU6050_Read
 This function uses a non-reentrant model


 *************** function _I2C_Master_Write *****************
 Defined at:
		line 69 in file "I2c.c"
 Parameters:    Size  Location     Type
  data            1    wreg     unsigned char 
 Auto vars:     Size  Location     Type
  data            1    0[COMMON] unsigned char 
 Return value:  Size  Location     Type
                  1    wreg      unsigned char 
 Registers used:
		wreg, status,2, status,0, pclath, cstack
 Tracked objects:
		On entry : 
		On exit  : 
		Unchanged: 
 Data sizes:     COMMON   BANK0   BANK1   BANK3   BANK2
      Params:         0       0       0       0       0
      Locals:         1       0       0       0       0
      Temps:          0       0       0       0       0
      Totals:         1       0       0       0       0
Total ram usage:        1 bytes
 Hardware stack levels used:    1
 Hardware stack levels required when called:    1
 This function calls:
		_I2C_Master_Wait
 This function is called by:
		_MPU6050_Init
		_MPU6050_Read
		_I2C_Start
 This function uses a non-reentrant model


 *************** function _I2C_Master_Stop *****************
 Defined at:
		line 49 in file "I2c.c"
 Parameters:    Size  Location     Type
		None
 Auto vars:     Size  Location     Type
		None
 Return value:  Size  Location     Type
                  1    wreg      void 
 Registers used:
		wreg, status,2, status,0, pclath, cstack
 Tracked objects:
		On entry : 
		On exit  : 
		Unchanged: 
 Data sizes:     COMMON   BANK0   BANK1   BANK3   BANK2
      Params:         0       0       0       0       0
      Locals:         0       0       0       0       0
      Temps:          0       0       0       0       0
      Totals:         0       0       0       0       0
Total ram usage:        0 bytes
 Hardware stack levels used:    1
 Hardware stack levels required when called:    1
 This function calls:
		_I2C_Master_Wait
 This function is called by:
		_MPU6050_Init
		_MPU6050_Read
 This function uses a non-reentrant model


 *************** function _I2C_Master_Wait *****************
 Defined at:
		line 25 in file "I2c.c"
 Parameters:    Size  Location     Type
		None
 Auto vars:     Size  Location     Type
		None
 Return value:  Size  Location     Type
                  1    wreg      void 
 Registers used:
		wreg, status,2
 Tracked objects:
		On entry : 
		On exit  : 
		Unchanged: 
 Data sizes:     COMMON   BANK0   BANK1   BANK3   BANK2
      Params:         0       0       0       0       0
      Locals:         0       0       0       0       0
      Temps:          0       0       0       0       0
      Totals:         0       0       0       0       0
Total ram usage:        0 bytes
 Hardware stack levels used:    1
 This function calls:
		Nothing
 This function is called by:
		_I2C_Start
		_I2C_Master_Stop
		_I2C_Master_Write
		_I2C_Master_Start
		_I2C_Master_RepeatedStart
		_I2C_Read_Byte
 This function uses a non-reentrant model


 *************** function _I2C_Master_Init *****************
 Defined at:
		line 15 in file "I2c.c"
 Parameters:    Size  Location     Type
		None
 Auto vars:     Size  Location     Type
		None
 Return value:  Size  Location     Type
                  1    wreg      void 
 Registers used:
		wreg, status,2
 Tracked objects:
		On entry : 
		On exit  : 
		Unchanged: 
 Data sizes:     COMMON   BANK0   BANK1   BANK3   BANK2
      Params:         0       0       0       0       0
      Locals:         0       0       0       0       0
      Temps:          0       0       0       0       0
      Totals:         0       0       0       0       0
Total ram usage:        0 bytes
 Hardware stack levels used:    1
 This function calls:
		Nothing
 This function is called by:
		_MPU6050_Init
 This function uses a non-reentrant model



MODULE INFORMATION

Module		Function		Class		Link	Load	Size
USART.c
		_UART_Write_String		CODE           	01A5	0000	33
		_UART_Write    		CODE           	013D	0000	12
		_UART_TX_Init  		CODE           	0163	0000	15

USART.c estimated size: 60

MPU.c
		_MPU6050_Read  		CODE           	045A	0000	221
		_MPU6050_Init  		CODE           	0303	0000	157

MPU.c estimated size: 378

D:\Microchip\xc8\v2.31\pic\sources\c90\common\doprnt.c
		_sprintf       		CODE           	0537	0000	232

D:\Microchip\xc8\v2.31\pic\sources\c90\common\doprnt.c estimated size: 232

I2c.c
		_I2C_Master_Wait		CODE           	0156	0000	13
		_I2C_Master_Init		CODE           	0149	0000	13
		_I2C_Master_Stop		CODE           	0122	0000	9
		_I2C_Read      		CODE           	01C6	0000	39
		_I2C_ACK       		CODE           	012B	0000	9
		_I2C_Master_Write		CODE           	0172	0000	16
		_I2C_NACK      		CODE           	0134	0000	9
		_I2C_Start     		CODE           	0182	0000	16

I2c.c estimated size: 124

D:\Microchip\xc8\v2.31\pic\sources\c90\common\lwmod.c
		___lwmod       		CODE           	021E	0000	58

D:\Microchip\xc8\v2.31\pic\sources\c90\common\lwmod.c estimated size: 58

D:\Microchip\xc8\v2.31\pic\sources\c90\common\sprcdiv.c
		___fldiv       		CODE           	061F	0000	477

D:\Microchip\xc8\v2.31\pic\sources\c90\common\sprcdiv.c estimated size: 477

shared
		__stringtab    		STRING         	0003	0000	6
		_dpowers       		STRING         	0009	0000	10
		__initialization		CODE           	07FC	0000	1

shared estimated size: 17

D:\Microchip\xc8\v2.31\pic\sources\c90\common\lwdiv.c
		___lwdiv       		CODE           	0258	0000	68

D:\Microchip\xc8\v2.31\pic\sources\c90\common\lwdiv.c estimated size: 68

D:\Microchip\xc8\v2.31\pic\sources\c90\common\awdiv.c
		___awdiv       		CODE           	029C	0000	103

D:\Microchip\xc8\v2.31\pic\sources\c90\common\awdiv.c estimated size: 103

main.c
		_setOsc        		CODE           	011D	0000	5
		_main          		CODE           	01ED	0000	49
		_setup         		CODE           	0192	0000	19

main.c estimated size: 73

D:\Microchip\xc8\v2.31\pic\sources\c90\common\xxtofl.c
		___xxtofl      		CODE           	03A0	0000	186

D:\Microchip\xc8\v2.31\pic\sources\c90\common\xxtofl.c estimated size: 186

