Microchip MPLAB XC8 Compiler V2.31

Linker command line:

-W-3 --edf=D:\Microchip\xc8\v2.31\pic\dat\en_msgs.txt -cn \
  -h+dist/default/production\Mini2_Ver2.X.production.sym \
  --cmf=dist/default/production\Mini2_Ver2.X.production.cmf -z -Q16F887 \
  -oC:\Users\jrdia\AppData\Local\Temp\sq2c.2 --defsym=__MPLAB_BUILD=1 \
  -Mdist/default/production/Mini2_Ver2.X.production.map -E1 \
  -ver=XC8 Compiler --acfsm=1493 -ASTACK=0110h-016Fh -pstack=STACK \
  -ACODE=00h-07FFhx4 -ASTRCODE=00h-01FFFh -ASTRING=00h-0FFhx32 \
  -ACONST=00h-0FFhx32 -AENTRY=00h-0FFhx32 -ACOMMON=070h-07Fh \
  -ABANK0=020h-06Fh -ABANK1=0A0h-0EFh -ABANK2=0110h-016Fh \
  -ABANK3=0190h-01EFh -ARAM=020h-06Fh,0A0h-0EFh,0110h-016Fh,0190h-01EFh \
  -AABS1=020h-07Fh,0A0h-0EFh,0110h-016Fh,0190h-01EFh -ASFR0=00h-01Fh \
  -ASFR1=080h-09Fh -ASFR2=0100h-010Fh -ASFR3=0180h-018Fh \
  -ACONFIG=02007h-02008h -DCONFIG=2 -AIDLOC=02000h-02003h -DIDLOC=2 \
  -AEEDATA=00h-0FFh/02100h -peeprom_data=EEDATA -DEEDATA=2 -DCODE=2 \
  -DSTRCODE=2 -DSTRING=2 -DCONST=2 -DENTRY=2 \
  -preset_vec=00h,intentry,init,end_init -ppowerup=CODE -pcinit=CODE \
  -pfunctab=ENTRY -k C:\Users\jrdia\AppData\Local\Temp\sq2c.o \
  dist/default/production\Mini2_Ver2.X.production.o 

Object code version is 3.11

Machine type is 16F887



                Name                               Link     Load   Length Selector   Space Scale
C:\Users\jrdia\AppData\Local\Temp\sq2c.o
                end_init                              0        0        3        0       0
                config                             2007     2007        2        0       4
dist/default/production\Mini2_Ver2.X.production.o
                cinit                               7FC      7FC        4      FF8       0
                config                             2007     2007        2        0       4
                text15                              5AD      5AD        D      B5A       0
                text14                              5BA      5BA        D      B74       0
                text13                              586      586        9      B0C       0
                text12                              5D6      5D6       10      BAC       0
                text11                              5E6      5E6       10      BCC       0
                text10                              6C2      6C2       9D      D84       0
                text9                               58F      58F        9      B1E       0
                text8                               598      598        9      B30       0
                text7                               609      609       27      C12       0
                text6                               5A1      5A1        C      B42       0
                text5                               65B      65B       67      CB6       0
                text4                               75F      75F       9D      EBE       0
                text3                               5C7      5C7        F      B8E       0
                text2                               581      581        5      B02       0
                text1                               5F6      5F6       13      BEC       0
                maintext                            630      630       2B      C60       0
                cstackBANK0                          20       20       10       20       1
                cstackCOMMON                         70       70        D       70       1

TOTAL           Name                               Link     Load   Length     Space
        CLASS   STACK          

        CLASS   CODE           
                end_init                              0        0        3         0
                cinit                               7FC      7FC        4         0
                text15                              5AD      5AD        D         0
                text14                              5BA      5BA        D         0
                text13                              586      586        9         0
                text12                              5D6      5D6       10         0
                text11                              5E6      5E6       10         0
                text10                              6C2      6C2       9D         0
                text9                               58F      58F        9         0
                text8                               598      598        9         0
                text7                               609      609       27         0
                text6                               5A1      5A1        C         0
                text5                               65B      65B       67         0
                text4                               75F      75F       9D         0
                text3                               5C7      5C7        F         0
                text2                               581      581        5         0
                text1                               5F6      5F6       13         0
                maintext                            630      630       2B         0

        CLASS   STRCODE        

        CLASS   STRING         

        CLASS   CONST          

        CLASS   ENTRY          

        CLASS   COMMON         
                cstackCOMMON                         70       70        D         1

        CLASS   BANK0          
                cstackBANK0                          20       20       10         1

        CLASS   BANK1          

        CLASS   BANK2          

        CLASS   BANK3          

        CLASS   RAM            

        CLASS   ABS1           
                abs_s1                               7E       7E        2         1

        CLASS   SFR0           

        CLASS   SFR1           

        CLASS   SFR2           

        CLASS   SFR3           

        CLASS   CONFIG         
                config                             2007     2007        2         4

        CLASS   IDLOC          

        CLASS   EEDATA         



SEGMENTS        Name                           Load    Length   Top    Selector   Space  Class     Delta

                reset_vec                      000000  000003  000003         0       0  CODE        2
                cstackBANK0                    000020  000010  000030        20       1  BANK0       1
                cstackCOMMON                   000070  00000D  00007D        70       1  COMMON      1
                text2                          000581  000005  000586       B02       0  CODE        2
                text13                         000586  000009  00058F       B0C       0  CODE        2
                text9                          00058F  000009  000598       B1E       0  CODE        2
                text8                          000598  000009  0005A1       B30       0  CODE        2
                text6                          0005A1  00000C  0005AD       B42       0  CODE        2
                text15                         0005AD  00000D  0005BA       B5A       0  CODE        2
                text14                         0005BA  00000D  0005C7       B74       0  CODE        2
                text3                          0005C7  00000F  0005D6       B8E       0  CODE        2
                text12                         0005D6  000010  0005E6       BAC       0  CODE        2
                text11                         0005E6  000010  0005F6       BCC       0  CODE        2
                text1                          0005F6  000013  000609       BEC       0  CODE        2
                text7                          000609  000027  000630       C12       0  CODE        2
                maintext                       000630  00002B  00065B       C60       0  CODE        2
                text5                          00065B  000067  0006C2       CB6       0  CODE        2
                text10                         0006C2  00009D  00075F       D84       0  CODE        2
                text4                          00075F  00009D  0007FC       EBE       0  CODE        2
                cinit                          0007FC  000004  000800       FF8       0  CODE        2


UNUSED ADDRESS RANGES

        Name                Unused          Largest block    Delta
        BANK0            0030-006F             40           1
        BANK1            00A0-00EF             50           1
        BANK2            0110-016F             60           1
        BANK3            0190-01EF             60           1
        CODE             0003-0580            57E           2
                         0800-1FFF            800
        COMMON           007D-007D              1           1
        CONST            0003-0580            100           2
                         0800-1FFF            100
        EEDATA           2100-21FF            100           2
        ENTRY            0003-0580            100           2
                         0800-1FFF            100
        IDLOC            2000-2003              4           2
        RAM              0030-006F             40           1
                         00A0-00EF             50
                         0110-016F             60
                         0190-01EF             60
        SFR0             0000-001F             20           1
        SFR1             0080-009F             20           1
        SFR2             0100-010F             10           1
        SFR3             0180-018F             10           1
        STACK            0110-016F             60           1
        STRCODE          0003-0580            57E           2
                         0800-1FFF           1800
        STRING           0003-0580            100           2
                         0800-1FFF            100

                                  Symbol Table

?___awdiv                  cstackCOMMON 0070
I2C_Master_Write@data      cstackCOMMON 0070
I2C_Read@ACK_NACK          cstackCOMMON 0071
I2C_Read@Data              cstackCOMMON 0072
I2C_Start@add              cstackCOMMON 0071
MPU6050_Read@Ay            cstackBANK0  002C
UART_Write@data            cstackCOMMON 0070
_ACKDT                     (abs)        048D
_ACKEN                     (abs)        048C
_ACKSTAT                   (abs)        048E
_ANSEL                     (abs)        0188
_ANSELH                    (abs)        0189
_BF                        (abs)        04A0
_BRGH                      (abs)        04C2
_I2C_ACK                   text9        058F
_I2C_Master_Init           text15       05AD
_I2C_Master_Stop           text13       0586
_I2C_Master_Wait           text14       05BA
_I2C_Master_Write          text12       05D6
_I2C_NACK                  text8        0598
_I2C_Read                  text7        0609
_I2C_Start                 text11       05E6
_MPU6050_Init              text10       06C2
_MPU6050_Read              text4        075F
_OSCCONbits                (abs)        008F
_PEN                       (abs)        048A
_PORTA                     (abs)        0005
_PORTB                     (abs)        0006
_PORTC                     (abs)        0007
_PORTD                     (abs)        0008
_PORTE                     (abs)        0009
_RCEN                      (abs)        048B
_RD2                       (abs)        0042
_RSEN                      (abs)        0489
_SEN                       (abs)        0488
_SPBRG                     (abs)        0099
_SPEN                      (abs)        00C7
_SSPADD                    (abs)        0093
_SSPBUF                    (abs)        0013
_SSPCON                    (abs)        0014
_SSPCON2                   (abs)        0091
_SSPIF                     (abs)        0063
_SSPSTAT                   (abs)        0094
_SYNC                      (abs)        04C4
_TRISA                     (abs)        0085
_TRISB                     (abs)        0086
_TRISC                     (abs)        0087
_TRISC3                    (abs)        043B
_TRISC4                    (abs)        043C
_TRISC6                    (abs)        043E
_TRISC7                    (abs)        043F
_TRISD                     (abs)        0088
_TRISE                     (abs)        0089
_TRMT                      (abs)        04C1
_TXEN                      (abs)        04C5
_TXREG                     (abs)        0019
_UART_TX_Init              text3        05C7
_UART_Write                text6        05A1
__Habs1                    abs1         0000
__Hbank0                   bank0        0000
__Hbank1                   bank1        0000
__Hbank2                   bank2        0000
__Hbank3                   bank3        0000
__Hcinit                   cinit        0800
__Hclrtext                 clrtext      0000
__Hcode                    code         0000
__Hcommon                  common       0000
__Hconfig                  config       2009
__HcstackBANK0             cstackBANK0  0000
__HcstackCOMMON            cstackCOMMON 0000
__Heeprom_data             eeprom_data  0000
__Hend_init                end_init     0003
__Hfunctab                 functab      0000
__Hinit                    init         0000
__Hintentry                intentry     0000
__Hmaintext                maintext     0000
__Hpowerup                 powerup      0000
__Hram                     ram          0000
__Hreset_vec               reset_vec    0000
__Hsfr0                    sfr0         0000
__Hsfr1                    sfr1         0000
__Hsfr2                    sfr2         0000
__Hsfr3                    sfr3         0000
__Hspace_0                 (abs)        0800
__Hspace_1                 (abs)        007D
__Hspace_2                 (abs)        0000
__Hspace_3                 (abs)        0000
__Hspace_4                 (abs)        4010
__Hstack                   stack        0000
__Hstrings                 strings      0000
__Htext                    text         0000
__Labs1                    abs1         0000
__Lbank0                   bank0        0000
__Lbank1                   bank1        0000
__Lbank2                   bank2        0000
__Lbank3                   bank3        0000
__Lcinit                   cinit        07FC
__Lclrtext                 clrtext      0000
__Lcode                    code         0000
__Lcommon                  common       0000
__Lconfig                  config       0000
__LcstackBANK0             cstackBANK0  0000
__LcstackCOMMON            cstackCOMMON 0000
__Leeprom_data             eeprom_data  0000
__Lend_init                end_init     0000
__Lfunctab                 functab      0000
__Linit                    init         0000
__Lintentry                intentry     0000
__Lmaintext                maintext     0000
__Lpowerup                 powerup      0000
__Lram                     ram          0000
__Lreset_vec               reset_vec    0000
__Lsfr0                    sfr0         0000
__Lsfr1                    sfr1         0000
__Lsfr2                    sfr2         0000
__Lsfr3                    sfr3         0000
__Lspace_0                 (abs)        0000
__Lspace_1                 (abs)        0000
__Lspace_2                 (abs)        0000
__Lspace_3                 (abs)        0000
__Lspace_4                 (abs)        0000
__Lstack                   stack        0000
__Lstrings                 strings      0000
__Ltext                    text         0000
__S0                       (abs)        0800
__S1                       (abs)        007D
__S2                       (abs)        0000
__S3                       (abs)        0000
___awdiv                   text5        065B
___awdiv@counter           cstackCOMMON 0075
___awdiv@dividend          cstackCOMMON 0072
___awdiv@divisor           cstackCOMMON 0070
___awdiv@quotient          cstackCOMMON 0077
___awdiv@sign              cstackCOMMON 0076
___int_sp                  stack        0000
___latbits                 (abs)        0002
___sp                      stack        0000
___stackhi                 (abs)        0000
___stacklo                 (abs)        0000
__end_of_I2C_ACK           text9        0598
__end_of_I2C_Master_Init   text15       05BA
__end_of_I2C_Master_Stop   text13       058F
__end_of_I2C_Master_Wait   text14       05C7
__end_of_I2C_Master_Write  text12       05E6
__end_of_I2C_NACK          text8        05A1
__end_of_I2C_Read          text7        0630
__end_of_I2C_Start         text11       05F6
__end_of_MPU6050_Init      text10       075F
__end_of_MPU6050_Read      text4        07FC
__end_of_UART_TX_Init      text3        05D6
__end_of_UART_Write        text6        05AD
__end_of___awdiv           text5        06C2
__end_of__initialization   cinit        07FC
__end_of_main              maintext     065B
__end_of_setOsc            text2        0586
__end_of_setup             text1        0609
__initialization           cinit        07FC
__pcstackBANK0             cstackBANK0  0020
__pcstackCOMMON            cstackCOMMON 0070
__pmaintext                maintext     0630
__ptext1                   text1        05F6
__ptext10                  text10       06C2
__ptext11                  text11       05E6
__ptext12                  text12       05D6
__ptext13                  text13       0586
__ptext14                  text14       05BA
__ptext15                  text15       05AD
__ptext2                   text2        0581
__ptext3                   text3        05C7
__ptext4                   text4        075F
__ptext5                   text5        065B
__ptext6                   text6        05A1
__ptext7                   text7        0609
__ptext8                   text8        0598
__ptext9                   text9        058F
__size_of_I2C_ACK          (abs)        0000
__size_of_I2C_Master_Init  (abs)        0000
__size_of_I2C_Master_Stop  (abs)        0000
__size_of_I2C_Master_Wait  (abs)        0000
__size_of_I2C_Master_Write (abs)        0000
__size_of_I2C_NACK         (abs)        0000
__size_of_I2C_Read         (abs)        0000
__size_of_I2C_Start        (abs)        0000
__size_of_MPU6050_Init     (abs)        0000
__size_of_MPU6050_Read     (abs)        0000
__size_of_UART_TX_Init     (abs)        0000
__size_of_UART_Write       (abs)        0000
__size_of___awdiv          (abs)        0000
__size_of_main             (abs)        0000
__size_of_setOsc           (abs)        0000
__size_of_setup            (abs)        0000
_main                      maintext     0630
_setOsc                    text2        0581
_setup                     text1        05F6
btemp                      (abs)        007E
end_of_initialization      cinit        07FC
intlevel0                  functab      0000
intlevel1                  functab      0000
intlevel2                  functab      0000
intlevel3                  functab      0000
intlevel4                  functab      0000
intlevel5                  functab      0000
reset_vec                  reset_vec    0000
start                      init         0000
start_initialization       cinit        07FC
wtemp0                     (abs)        007E


FUNCTION INFORMATION:

 *************** function _main *****************
 Defined at:
		line 54 in file "main.c"
 Parameters:    Size  Location     Type
		None
 Auto vars:     Size  Location     Type
		None
 Return value:  Size  Location     Type
                  1    wreg      void 
 Registers used:
		wreg, status,2, status,0, btemp+1, pclath, cstack
 Tracked objects:
		On entry : 
		On exit  : 
		Unchanged: 
 Data sizes:     COMMON   BANK0   BANK1   BANK3   BANK2
      Params:         0       0       0       0       0
      Locals:         0       0       0       0       0
      Temps:          0       2       0       0       0
      Totals:         0       2       0       0       0
Total ram usage:        2 bytes
 Hardware stack levels required when called:    4
 This function calls:
		_MPU6050_Init
		_MPU6050_Read
		_UART_TX_Init
		_setOsc
		_setup
 This function is called by:
		Startup code after reset
 This function uses a non-reentrant model


 *************** function _setup *****************
 Defined at:
		line 74 in file "main.c"
 Parameters:    Size  Location     Type
		None
 Auto vars:     Size  Location     Type
		None
 Return value:  Size  Location     Type
                  1    wreg      void 
 Registers used:
		status,2
 Tracked objects:
		On entry : 
		On exit  : 
		Unchanged: 
 Data sizes:     COMMON   BANK0   BANK1   BANK3   BANK2
      Params:         0       0       0       0       0
      Locals:         0       0       0       0       0
      Temps:          0       0       0       0       0
      Totals:         0       0       0       0       0
Total ram usage:        0 bytes
 Hardware stack levels used:    1
 This function calls:
		Nothing
 This function is called by:
		_main
 This function uses a non-reentrant model


 *************** function _setOsc *****************
 Defined at:
		line 91 in file "main.c"
 Parameters:    Size  Location     Type
		None
 Auto vars:     Size  Location     Type
		None
 Return value:  Size  Location     Type
                  1    wreg      void 
 Registers used:
		wreg, status,2, status,0
 Tracked objects:
		On entry : 
		On exit  : 
		Unchanged: 
 Data sizes:     COMMON   BANK0   BANK1   BANK3   BANK2
      Params:         0       0       0       0       0
      Locals:         0       0       0       0       0
      Temps:          0       0       0       0       0
      Totals:         0       0       0       0       0
Total ram usage:        0 bytes
 Hardware stack levels used:    1
 This function calls:
		Nothing
 This function is called by:
		_main
 This function uses a non-reentrant model


 *************** function _UART_TX_Init *****************
 Defined at:
		line 17 in file "USART.c"
 Parameters:    Size  Location     Type
		None
 Auto vars:     Size  Location     Type
		None
 Return value:  Size  Location     Type
                  1    wreg      void 
 Registers used:
		wreg
 Tracked objects:
		On entry : 
		On exit  : 
		Unchanged: 
 Data sizes:     COMMON   BANK0   BANK1   BANK3   BANK2
      Params:         0       0       0       0       0
      Locals:         0       0       0       0       0
      Temps:          0       0       0       0       0
      Totals:         0       0       0       0       0
Total ram usage:        0 bytes
 Hardware stack levels used:    1
 This function calls:
		Nothing
 This function is called by:
		_main
 This function uses a non-reentrant model


 *************** function _MPU6050_Read *****************
 Defined at:
		line 62 in file "MPU.c"
 Parameters:    Size  Location     Type
		None
 Auto vars:     Size  Location     Type
  buffer         40    0        unsigned char [40]
  Ay              2   12[BANK0 ] int 
  Gz              2    0        int 
  Gy              2    0        int 
  Gx              2    0        int 
  T               2    0        int 
  Az              2    0        int 
  Ax              2    0        int 
 Return value:  Size  Location     Type
                  1    wreg      void 
 Registers used:
		wreg, status,2, status,0, btemp+1, pclath, cstack
 Tracked objects:
		On entry : 
		On exit  : 
		Unchanged: 
 Data sizes:     COMMON   BANK0   BANK1   BANK3   BANK2
      Params:         0       0       0       0       0
      Locals:         0      14       0       0       0
      Temps:          4       0       0       0       0
      Totals:         4      14       0       0       0
Total ram usage:       18 bytes
 Hardware stack levels used:    1
 Hardware stack levels required when called:    3
 This function calls:
		_I2C_Master_Stop
		_I2C_Master_Write
		_I2C_Read
		_I2C_Start
		_UART_Write
		___awdiv
 This function is called by:
		_main
 This function uses a non-reentrant model


 *************** function ___awdiv *****************
 Defined at:
		line 5 in file "D:\Microchip\xc8\v2.31\pic\sources\c90\common\awdiv.c"
 Parameters:    Size  Location     Type
  divisor         2    0[COMMON] int 
  dividend        2    2[COMMON] int 
 Auto vars:     Size  Location     Type
  quotient        2    7[COMMON] int 
  sign            1    6[COMMON] unsigned char 
  counter         1    5[COMMON] unsigned char 
 Return value:  Size  Location     Type
                  2    0[COMMON] int 
 Registers used:
		wreg, status,2, status,0
 Tracked objects:
		On entry : 
		On exit  : 
		Unchanged: 
 Data sizes:     COMMON   BANK0   BANK1   BANK3   BANK2
      Params:         4       0       0       0       0
      Locals:         4       0       0       0       0
      Temps:          1       0       0       0       0
      Totals:         9       0       0       0       0
Total ram usage:        9 bytes
 Hardware stack levels used:    1
 This function calls:
		Nothing
 This function is called by:
		_MPU6050_Read
 This function uses a non-reentrant model


 *************** function _UART_Write *****************
 Defined at:
		line 30 in file "USART.c"
 Parameters:    Size  Location     Type
  data            1    wreg     unsigned char 
 Auto vars:     Size  Location     Type
  data            1    0[COMMON] unsigned char 
 Return value:  Size  Location     Type
                  1    wreg      void 
 Registers used:
		wreg
 Tracked objects:
		On entry : 
		On exit  : 
		Unchanged: 
 Data sizes:     COMMON   BANK0   BANK1   BANK3   BANK2
      Params:         0       0       0       0       0
      Locals:         1       0       0       0       0
      Temps:          0       0       0       0       0
      Totals:         1       0       0       0       0
Total ram usage:        1 bytes
 Hardware stack levels used:    1
 This function calls:
		Nothing
 This function is called by:
		_MPU6050_Read
		_UART_Write_String
 This function uses a non-reentrant model


 *************** function _I2C_Read *****************
 Defined at:
		line 89 in file "I2c.c"
 Parameters:    Size  Location     Type
  ACK_NACK        1    wreg     unsigned char 
 Auto vars:     Size  Location     Type
  ACK_NACK        1    1[COMMON] unsigned char 
  Data            1    2[COMMON] unsigned char 
 Return value:  Size  Location     Type
                  1    wreg      unsigned char 
 Registers used:
		wreg, status,2, status,0, pclath, cstack
 Tracked objects:
		On entry : 
		On exit  : 
		Unchanged: 
 Data sizes:     COMMON   BANK0   BANK1   BANK3   BANK2
      Params:         0       0       0       0       0
      Locals:         2       0       0       0       0
      Temps:          1       0       0       0       0
      Totals:         3       0       0       0       0
Total ram usage:        3 bytes
 Hardware stack levels used:    1
 Hardware stack levels required when called:    1
 This function calls:
		_I2C_ACK
		_I2C_NACK
 This function is called by:
		_MPU6050_Read
 This function uses a non-reentrant model


 *************** function _I2C_NACK *****************
 Defined at:
		line 62 in file "I2c.c"
 Parameters:    Size  Location     Type
		None
 Auto vars:     Size  Location     Type
		None
 Return value:  Size  Location     Type
                  1    wreg      void 
 Registers used:
		None
 Tracked objects:
		On entry : 
		On exit  : 
		Unchanged: 
 Data sizes:     COMMON   BANK0   BANK1   BANK3   BANK2
      Params:         0       0       0       0       0
      Locals:         0       0       0       0       0
      Temps:          0       0       0       0       0
      Totals:         0       0       0       0       0
Total ram usage:        0 bytes
 Hardware stack levels used:    1
 This function calls:
		Nothing
 This function is called by:
		_I2C_Read
 This function uses a non-reentrant model


 *************** function _I2C_ACK *****************
 Defined at:
		line 55 in file "I2c.c"
 Parameters:    Size  Location     Type
		None
 Auto vars:     Size  Location     Type
		None
 Return value:  Size  Location     Type
                  1    wreg      void 
 Registers used:
		None
 Tracked objects:
		On entry : 
		On exit  : 
		Unchanged: 
 Data sizes:     COMMON   BANK0   BANK1   BANK3   BANK2
      Params:         0       0       0       0       0
      Locals:         0       0       0       0       0
      Temps:          0       0       0       0       0
      Totals:         0       0       0       0       0
Total ram usage:        0 bytes
 Hardware stack levels used:    1
 This function calls:
		Nothing
 This function is called by:
		_I2C_Read
 This function uses a non-reentrant model


 *************** function _MPU6050_Init *****************
 Defined at:
		line 19 in file "MPU.c"
 Parameters:    Size  Location     Type
		None
 Auto vars:     Size  Location     Type
		None
 Return value:  Size  Location     Type
                  1    wreg      void 
 Registers used:
		wreg, status,2, status,0, pclath, cstack
 Tracked objects:
		On entry : 
		On exit  : 
		Unchanged: 
 Data sizes:     COMMON   BANK0   BANK1   BANK3   BANK2
      Params:         0       0       0       0       0
      Locals:         0       0       0       0       0
      Temps:          3       0       0       0       0
      Totals:         3       0       0       0       0
Total ram usage:        3 bytes
 Hardware stack levels used:    1
 Hardware stack levels required when called:    3
 This function calls:
		_I2C_Master_Init
		_I2C_Master_Stop
		_I2C_Master_Write
		_I2C_Start
 This function is called by:
		_main
 This function uses a non-reentrant model


 *************** function _I2C_Start *****************
 Defined at:
		line 36 in file "I2c.c"
 Parameters:    Size  Location     Type
  add             1    wreg     unsigned char 
 Auto vars:     Size  Location     Type
  add             1    1[COMMON] unsigned char 
 Return value:  Size  Location     Type
                  1    wreg      void 
 Registers used:
		wreg, status,2, status,0, pclath, cstack
 Tracked objects:
		On entry : 
		On exit  : 
		Unchanged: 
 Data sizes:     COMMON   BANK0   BANK1   BANK3   BANK2
      Params:         0       0       0       0       0
      Locals:         1       0       0       0       0
      Temps:          0       0       0       0       0
      Totals:         1       0       0       0       0
Total ram usage:        1 bytes
 Hardware stack levels used:    1
 Hardware stack levels required when called:    2
 This function calls:
		_I2C_Master_Wait
		_I2C_Master_Write
 This function is called by:
		_MPU6050_Init
		_MPU6050_Read
 This function uses a non-reentrant model


 *************** function _I2C_Master_Write *****************
 Defined at:
		line 69 in file "I2c.c"
 Parameters:    Size  Location     Type
  data            1    wreg     unsigned char 
 Auto vars:     Size  Location     Type
  data            1    0[COMMON] unsigned char 
 Return value:  Size  Location     Type
                  1    wreg      unsigned char 
 Registers used:
		wreg, status,2, status,0, pclath, cstack
 Tracked objects:
		On entry : 
		On exit  : 
		Unchanged: 
 Data sizes:     COMMON   BANK0   BANK1   BANK3   BANK2
      Params:         0       0       0       0       0
      Locals:         1       0       0       0       0
      Temps:          0       0       0       0       0
      Totals:         1       0       0       0       0
Total ram usage:        1 bytes
 Hardware stack levels used:    1
 Hardware stack levels required when called:    1
 This function calls:
		_I2C_Master_Wait
 This function is called by:
		_MPU6050_Init
		_MPU6050_Read
		_I2C_Start
 This function uses a non-reentrant model


 *************** function _I2C_Master_Stop *****************
 Defined at:
		line 49 in file "I2c.c"
 Parameters:    Size  Location     Type
		None
 Auto vars:     Size  Location     Type
		None
 Return value:  Size  Location     Type
                  1    wreg      void 
 Registers used:
		wreg, status,2, status,0, pclath, cstack
 Tracked objects:
		On entry : 
		On exit  : 
		Unchanged: 
 Data sizes:     COMMON   BANK0   BANK1   BANK3   BANK2
      Params:         0       0       0       0       0
      Locals:         0       0       0       0       0
      Temps:          0       0       0       0       0
      Totals:         0       0       0       0       0
Total ram usage:        0 bytes
 Hardware stack levels used:    1
 Hardware stack levels required when called:    1
 This function calls:
		_I2C_Master_Wait
 This function is called by:
		_MPU6050_Init
		_MPU6050_Read
 This function uses a non-reentrant model


 *************** function _I2C_Master_Wait *****************
 Defined at:
		line 25 in file "I2c.c"
 Parameters:    Size  Location     Type
		None
 Auto vars:     Size  Location     Type
		None
 Return value:  Size  Location     Type
                  1    wreg      void 
 Registers used:
		wreg, status,2
 Tracked objects:
		On entry : 
		On exit  : 
		Unchanged: 
 Data sizes:     COMMON   BANK0   BANK1   BANK3   BANK2
      Params:         0       0       0       0       0
      Locals:         0       0       0       0       0
      Temps:          0       0       0       0       0
      Totals:         0       0       0       0       0
Total ram usage:        0 bytes
 Hardware stack levels used:    1
 This function calls:
		Nothing
 This function is called by:
		_I2C_Start
		_I2C_Master_Stop
		_I2C_Master_Write
		_I2C_Master_Start
		_I2C_Master_RepeatedStart
		_I2C_Read_Byte
 This function uses a non-reentrant model


 *************** function _I2C_Master_Init *****************
 Defined at:
		line 15 in file "I2c.c"
 Parameters:    Size  Location     Type
		None
 Auto vars:     Size  Location     Type
		None
 Return value:  Size  Location     Type
                  1    wreg      void 
 Registers used:
		wreg, status,2
 Tracked objects:
		On entry : 
		On exit  : 
		Unchanged: 
 Data sizes:     COMMON   BANK0   BANK1   BANK3   BANK2
      Params:         0       0       0       0       0
      Locals:         0       0       0       0       0
      Temps:          0       0       0       0       0
      Totals:         0       0       0       0       0
Total ram usage:        0 bytes
 Hardware stack levels used:    1
 This function calls:
		Nothing
 This function is called by:
		_MPU6050_Init
 This function uses a non-reentrant model



MODULE INFORMATION

Module		Function		Class		Link	Load	Size
USART.c
		_UART_Write    		CODE           	05A1	0000	12
		_UART_TX_Init  		CODE           	05C7	0000	15

USART.c estimated size: 27

MPU.c
		_MPU6050_Read  		CODE           	075F	0000	157
		_MPU6050_Init  		CODE           	06C2	0000	157

MPU.c estimated size: 314

I2c.c
		_I2C_Master_Wait		CODE           	05BA	0000	13
		_I2C_Master_Init		CODE           	05AD	0000	13
		_I2C_Master_Stop		CODE           	0586	0000	9
		_I2C_Read      		CODE           	0609	0000	39
		_I2C_ACK       		CODE           	058F	0000	9
		_I2C_Master_Write		CODE           	05D6	0000	16
		_I2C_NACK      		CODE           	0598	0000	9
		_I2C_Start     		CODE           	05E6	0000	16

I2c.c estimated size: 124

shared
		__initialization		CODE           	07FC	0000	1

shared estimated size: 1

D:\Microchip\xc8\v2.31\pic\sources\c90\common\awdiv.c
		___awdiv       		CODE           	065B	0000	103

D:\Microchip\xc8\v2.31\pic\sources\c90\common\awdiv.c estimated size: 103

main.c
		_setOsc        		CODE           	0581	0000	5
		_main          		CODE           	0630	0000	43
		_setup         		CODE           	05F6	0000	19

main.c estimated size: 67

