Microchip MPLAB XC8 Compiler V2.31

Linker command line:

-W-3 --edf=D:\Microchip\xc8\v2.31\pic\dat\en_msgs.txt -cn \
  -h+dist/default/production\Prueba_UART.X.production.sym \
  --cmf=dist/default/production\Prueba_UART.X.production.cmf -z -Q16F887 \
  -oC:\Users\jrdia\AppData\Local\Temp\sico.2 --defsym=__MPLAB_BUILD=1 \
  -Mdist/default/production/Prueba_UART.X.production.map -E1 \
  -ver=XC8 Compiler --acfsm=1493 -ASTACK=0110h-016Fh -pstack=STACK \
  -ACODE=00h-07FFhx4 -ASTRCODE=00h-01FFFh -ASTRING=00h-0FFhx32 \
  -ACONST=00h-0FFhx32 -AENTRY=00h-0FFhx32 -ACOMMON=070h-07Fh \
  -ABANK0=020h-06Fh -ABANK1=0A0h-0EFh -ABANK2=0110h-016Fh \
  -ABANK3=0190h-01EFh -ARAM=020h-06Fh,0A0h-0EFh,0110h-016Fh,0190h-01EFh \
  -AABS1=020h-07Fh,0A0h-0EFh,0110h-016Fh,0190h-01EFh -ASFR0=00h-01Fh \
  -ASFR1=080h-09Fh -ASFR2=0100h-010Fh -ASFR3=0180h-018Fh \
  -ACONFIG=02007h-02008h -DCONFIG=2 -AIDLOC=02000h-02003h -DIDLOC=2 \
  -AEEDATA=00h-0FFh/02100h -peeprom_data=EEDATA -DEEDATA=2 -DCODE=2 \
  -DSTRCODE=2 -DSTRING=2 -DCONST=2 -DENTRY=2 \
  -preset_vec=00h,intentry,init,end_init -ppowerup=CODE -pcinit=CODE \
  -pfunctab=ENTRY -k C:\Users\jrdia\AppData\Local\Temp\sico.o \
  dist/default/production\Prueba_UART.X.production.o 

Object code version is 3.11

Machine type is 16F887



                Name                               Link     Load   Length Selector   Space Scale
C:\Users\jrdia\AppData\Local\Temp\sico.o
                end_init                              0        0        3        0       0
                config                             2007     2007        2        0       4
dist/default/production\Prueba_UART.X.production.o
                cinit                               7E2      7E2       1E      FC4       0
                text1_split_1                       1B9      1B9      629      372       0
                config                             2007     2007        2        0       4
                text28                             1B55     1B55       12     36AA       0
                text27                             1B49     1B49        C     3692       0
                text26                             1C37     1C37       42     386E       0
                text25                             1B39     1B39        8     3672       0
                text24                              801      801        5     1002       0
                text23                             1B79     1B79       14     36F2       0
                text22                             1CBD     1CBD       4E     397A       0
                text21                             1006     1006       A2     200C       0
                text20                               C9       C9        B      192       0
                text19                             12B3     12B3      288     2566       0
                text18                             1B8D     1B8D       24     371A       0
                text17                              806      806       7C     100C       0
                text16                             1DBA     1DBA       66     3B74       0
                text15                             1D0B     1D0B       56     3A16       0
                text14                             1BB1     1BB1       25     3762       0
                text13                             1E89     1E89       BA     3D12       0
                text12                              882      882       BE     1104       0
                text11                             1F43     1F43       BD     3E86       0
                text10                             1BD6     1BD6       27     37AC       0
                text9                               C9F      C9F      361     193E       0
                text8                              1C79     1C79       44     38F2       0
                text7                              1BFD     1BFD       3A     37FA       0
                text6                              10A8     10A8      20B     2150       0
                text5                              1B67     1B67       12     36CE       0
                text4                              1E20     1E20       69     3C40       0
                text3                              1D61     1D61       59     3AC2       0
                text2                               940      940      35F     1280       0
                text1                              153B     153B      2C5     2A76       0
                maintext                             D4       D4       E5      1A8       0
                cstackBANK0                          20       20       4E       20       1
                cstackCOMMON                         70       70        E       70       1
                cstackBANK1                          A0       A0       2F       A0       1
                clrtext                            1B41     1B41        8     3682       0
                bssBANK3                            190      190       28      190       1
                dataBANK1                            E5       E5        1       A0       1
                bssBANK1                             CF       CF       16       A0       1
                strings                               3        3       C6        6       0
                idataBANK1                          800      800        1      FC4       0

TOTAL           Name                               Link     Load   Length     Space
        CLASS   STACK          

        CLASS   CODE           
                end_init                              0        0        3         0
                cinit                               7E2      7E2       1E         0
                text1_split_1                       1B9      1B9      629         0
                text28                             1B55     1B55       12         0
                text27                             1B49     1B49        C         0
                text26                             1C37     1C37       42         0
                text25                             1B39     1B39        8         0
                text24                              801      801        5         0
                text23                             1B79     1B79       14         0
                text22                             1CBD     1CBD       4E         0
                text21                             1006     1006       A2         0
                text20                               C9       C9        B         0
                text19                             12B3     12B3      288         0
                text18                             1B8D     1B8D       24         0
                text17                              806      806       7C         0
                text16                             1DBA     1DBA       66         0
                text15                             1D0B     1D0B       56         0
                text14                             1BB1     1BB1       25         0
                text13                             1E89     1E89       BA         0
                text12                              882      882       BE         0
                text11                             1F43     1F43       BD         0
                text10                             1BD6     1BD6       27         0
                text9                               C9F      C9F      361         0
                text8                              1C79     1C79       44         0
                text7                              1BFD     1BFD       3A         0
                text6                              10A8     10A8      20B         0
                text5                              1B67     1B67       12         0
                text4                              1E20     1E20       69         0
                text3                              1D61     1D61       59         0
                text2                               940      940      35F         0
                text1                              153B     153B      2C5         0
                maintext                             D4       D4       E5         0
                clrtext                            1B41     1B41        8         0
                idataBANK1                          800      800        1         0

        CLASS   STRCODE        

        CLASS   STRING         
                strings                               3        3       C6         0

        CLASS   CONST          

        CLASS   ENTRY          

        CLASS   COMMON         
                cstackCOMMON                         70       70        E         1

        CLASS   BANK0          
                cstackBANK0                          20       20       4E         1

        CLASS   BANK1          
                cstackBANK1                          A0       A0       2F         1
                dataBANK1                            E5       E5        1         1
                bssBANK1                             CF       CF       16         1

        CLASS   BANK2          

        CLASS   BANK3          
                bssBANK3                            190      190       28         1

        CLASS   RAM            

        CLASS   ABS1           
                abs_s1                               7E       7E        2         1

        CLASS   SFR0           

        CLASS   SFR1           

        CLASS   SFR2           

        CLASS   SFR3           

        CLASS   CONFIG         
                config                             2007     2007        2         4

        CLASS   IDLOC          

        CLASS   EEDATA         



SEGMENTS        Name                           Load    Length   Top    Selector   Space  Class     Delta

                reset_vec                      000000  000003  000003         0       0  CODE        2
                strings                        000003  0000C6  0000C9         6       0  STRING      2
                cstackBANK0                    000020  00004E  00006E        20       1  BANK0       1
                cstackCOMMON                   000070  00000E  00007E        70       1  COMMON      1
                cstackBANK1                    0000A0  000046  0000E6        A0       1  BANK1       1
                bssBANK3                       000190  000028  0001B8       190       1  BANK3       1
                text20                         0000C9  00000B  0000D4       192       0  CODE        2
                maintext                       0000D4  0000E5  0001B9       1A8       0  CODE        2
                text1_split_1                  0001B9  000629  0007E2       372       0  CODE        2
                cinit                          0007E2  00001F  000801       FC4       0  CODE        2
                text24                         000801  000005  000806      1002       0  CODE        2
                text17                         000806  00007C  000882      100C       0  CODE        2
                text12                         000882  0000BE  000940      1104       0  CODE        2
                text2                          000940  00035F  000C9F      1280       0  CODE        2
                text9                          000C9F  000361  001000      193E       0  CODE        2
                text21                         001006  0000A2  0010A8      200C       0  CODE        2
                text6                          0010A8  00020B  0012B3      2150       0  CODE        2
                text19                         0012B3  000288  00153B      2566       0  CODE        2
                text1                          00153B  0002C5  001800      2A76       0  CODE        2
                text25                         001B39  000008  001B41      3672       0  CODE        2
                clrtext                        001B41  000008  001B49      3682       0  CODE        2
                text27                         001B49  00000C  001B55      3692       0  CODE        2
                text28                         001B55  000012  001B67      36AA       0  CODE        2
                text5                          001B67  000012  001B79      36CE       0  CODE        2
                text23                         001B79  000014  001B8D      36F2       0  CODE        2
                text18                         001B8D  000024  001BB1      371A       0  CODE        2
                text14                         001BB1  000025  001BD6      3762       0  CODE        2
                text10                         001BD6  000027  001BFD      37AC       0  CODE        2
                text7                          001BFD  00003A  001C37      37FA       0  CODE        2
                text26                         001C37  000042  001C79      386E       0  CODE        2
                text8                          001C79  000044  001CBD      38F2       0  CODE        2
                text22                         001CBD  00004E  001D0B      397A       0  CODE        2
                text15                         001D0B  000056  001D61      3A16       0  CODE        2
                text3                          001D61  000059  001DBA      3AC2       0  CODE        2
                text16                         001DBA  000066  001E20      3B74       0  CODE        2
                text4                          001E20  000069  001E89      3C40       0  CODE        2
                text13                         001E89  0000BA  001F43      3D12       0  CODE        2
                text11                         001F43  0000BD  002000      3E86       0  CODE        2


UNUSED ADDRESS RANGES

        Name                Unused          Largest block    Delta
        BANK0            0006E-0006F               2           1
        BANK1            000E6-000EF               A           1
        BANK2            00110-0016F              60           1
        BANK3            001B8-001EF              38           1
        CODE             01000-01005               6           2
                         01800-01B38             339
        CONST            01000-01005               6           2
                         01800-01B38             100
        EEDATA           02100-021FF             100           2
        ENTRY            01000-01005               6           2
                         01800-01B38             100
        IDLOC            02000-02003               4           2
        RAM              0006E-0006F               2           1
                         000E6-000EF               A
                         00110-0016F              60
                         001B8-001EF              38
        SFR0             00000-0001F              20           1
        SFR1             00080-0009F              20           1
        SFR2             00100-0010F              10           1
        SFR3             00180-0018F              10           1
        STACK            00110-0016F              60           1
        STRCODE          01000-01005               6           2
                         01800-01B38             339
        STRING           01000-01005               6           2
                         01800-01B38             100

                                  Symbol Table

?__Umul8_16                 cstackCOMMON 00070
?___awdiv                   cstackCOMMON 00077
?___awmod                   cstackCOMMON 00070
?___fladd                   cstackBANK0  00052
?___flmul                   cstackBANK0  00024
?___flneg                   cstackCOMMON 00070
?___flsub                   cstackBANK0  00066
?___fltol                   cstackBANK0  00051
?___lldiv                   cstackCOMMON 00070
?___llmod                   cstackBANK0  00020
?___lwdiv                   cstackCOMMON 00076
?___lwmod                   cstackCOMMON 00070
?___wmul                    cstackCOMMON 00070
?___xxtofl                  cstackCOMMON 00070
?__div_to_l_                cstackCOMMON 00070
?__tdiv_to_l_               cstackCOMMON 00070
?_fround                    cstackBANK0  0003E
?_scale                     cstackBANK0  0003E
?_sprintf                   cstackBANK1  000A0
UART_Write@data             cstackCOMMON 00070
UART_Write_String@buf       cstackCOMMON 00071
UART_Write_String@i         cstackCOMMON 00076
_ANSEL                      (abs)        00188
_ANSELH                     (abs)        00189
_BRGH                       (abs)        004C2
_OSCCONbits                 (abs)        0008F
_PORTA                      (abs)        00005
_PORTB                      (abs)        00006
_PORTC                      (abs)        00007
_PORTCbits                  (abs)        00007
_PORTD                      (abs)        00008
_PORTDbits                  (abs)        00008
_PORTE                      (abs)        00009
_RCIF                       (abs)        00065
_RCREG                      (abs)        0001A
_RCSTAbits                  (abs)        00018
_RD2                        (abs)        00042
_SPBRG                      (abs)        00099
_SPEN                       (abs)        000C7
_SYNC                       (abs)        004C4
_TRISA                      (abs)        00085
_TRISB                      (abs)        00086
_TRISC                      (abs)        00087
_TRISC6                     (abs)        0043E
_TRISC7                     (abs)        0043F
_TRISD                      (abs)        00088
_TRISE                      (abs)        00089
_TRMT                       (abs)        004C1
_TXEN                       (abs)        004C5
_TXREG                      (abs)        00019
_UART_TX_Init               text28       01B55
_UART_Write                 text27       01B49
_UART_Write_String          text26       01C37
_USART_Read                 text25       01B39
__Habs1                     abs1         00000
__Hbank0                    bank0        00000
__Hbank1                    bank1        00000
__Hbank2                    bank2        00000
__Hbank3                    bank3        00000
__HbssBANK1                 bssBANK1     00000
__HbssBANK3                 bssBANK3     00000
__Hcinit                    cinit        00800
__Hclrtext                  clrtext      00000
__Hcode                     code         00000
__Hcommon                   common       00000
__Hconfig                   config       02009
__HcstackBANK0              cstackBANK0  00000
__HcstackBANK1              cstackBANK1  00000
__HcstackCOMMON             cstackCOMMON 00000
__HdataBANK1                dataBANK1    00000
__Heeprom_data              eeprom_data  00000
__Hend_init                 end_init     00003
__Hfunctab                  functab      00000
__HidataBANK1               idataBANK1   00000
__Hinit                     init         00000
__Hintentry                 intentry     00000
__Hmaintext                 maintext     00000
__Hpowerup                  powerup      00000
__Hram                      ram          00000
__Hreset_vec                reset_vec    00000
__Hsfr0                     sfr0         00000
__Hsfr1                     sfr1         00000
__Hsfr2                     sfr2         00000
__Hsfr3                     sfr3         00000
__Hspace_0                  (abs)        02000
__Hspace_1                  (abs)        001B8
__Hspace_2                  (abs)        00000
__Hspace_3                  (abs)        00000
__Hspace_4                  (abs)        04010
__Hstack                    stack        00000
__Hstrings                  strings      00000
__Htext                     text         00000
__Labs1                     abs1         00000
__Lbank0                    bank0        00000
__Lbank1                    bank1        00000
__Lbank2                    bank2        00000
__Lbank3                    bank3        00000
__LbssBANK1                 bssBANK1     00000
__LbssBANK3                 bssBANK3     00000
__Lcinit                    cinit        007E2
__Lclrtext                  clrtext      00000
__Lcode                     code         00000
__Lcommon                   common       00000
__Lconfig                   config       00000
__LcstackBANK0              cstackBANK0  00000
__LcstackBANK1              cstackBANK1  00000
__LcstackCOMMON             cstackCOMMON 00000
__LdataBANK1                dataBANK1    00000
__Leeprom_data              eeprom_data  00000
__Lend_init                 end_init     00000
__Lfunctab                  functab      00000
__LidataBANK1               idataBANK1   00000
__Linit                     init         00000
__Lintentry                 intentry     00000
__Lmaintext                 maintext     00000
__Lpowerup                  powerup      00000
__Lram                      ram          00000
__Lreset_vec                reset_vec    00000
__Lsfr0                     sfr0         00000
__Lsfr1                     sfr1         00000
__Lsfr2                     sfr2         00000
__Lsfr3                     sfr3         00000
__Lspace_0                  (abs)        00000
__Lspace_1                  (abs)        00000
__Lspace_2                  (abs)        00000
__Lspace_3                  (abs)        00000
__Lspace_4                  (abs)        00000
__Lstack                    stack        00000
__Lstrings                  strings      00000
__Ltext                     text         00000
__S0                        (abs)        02000
__S1                        (abs)        001B8
__S2                        (abs)        00000
__S3                        (abs)        00000
__Umul8_16                  text10       01BD6
__Umul8_16@multiplicand     cstackCOMMON 00070
__Umul8_16@multiplier       cstackCOMMON 00078
__Umul8_16@product          cstackCOMMON 00074
__Umul8_16@word_mpld        cstackCOMMON 00076
___awdiv                    text4        01E20
___awdiv@counter            cstackBANK0  00020
___awdiv@dividend           cstackCOMMON 00079
___awdiv@divisor            cstackCOMMON 00077
___awdiv@quotient           cstackBANK0  00022
___awdiv@sign               cstackBANK0  00021
___awmod                    text3        01D61
___awmod@counter            cstackCOMMON 00075
___awmod@dividend           cstackCOMMON 00072
___awmod@divisor            cstackCOMMON 00070
___awmod@sign               cstackCOMMON 00076
___fladd                    text19       012B3
___fladd@a                  cstackBANK0  00056
___fladd@aexp               cstackBANK0  00063
___fladd@b                  cstackBANK0  00052
___fladd@bexp               cstackBANK0  00064
___fladd@grs                cstackBANK0  00065
___fladd@signs              cstackBANK0  00062
___fleq                     text22       01CBD
___fleq@ff1                 cstackCOMMON 00070
___fleq@ff2                 cstackCOMMON 00074
___flge                     text21       01006
___flge@ff1                 cstackCOMMON 00070
___flge@ff2                 cstackCOMMON 00074
___flmul                    text9        00C9F
___flmul@a                  cstackBANK0  00028
___flmul@aexp               cstackBANK0  00036
___flmul@b                  cstackBANK0  00024
___flmul@bexp               cstackBANK0  00037
___flmul@grs                cstackBANK0  00032
___flmul@prod               cstackBANK0  00038
___flmul@sign               cstackBANK0  00031
___flmul@temp               cstackBANK0  0003C
___flneg                    text20       000C9
___flneg@f1                 cstackCOMMON 00070
___flsub                    text18       01B8D
___flsub@a                  cstackBANK0  00066
___flsub@b                  cstackBANK0  0006A
___fltol                    text17       00806
___fltol@exp1               cstackBANK0  0005B
___fltol@f1                 cstackBANK0  00051
___fltol@sign1              cstackBANK0  0005A
___int_sp                   stack        00000
___latbits                  (abs)        00002
___lldiv                    text16       01DBA
___lldiv@counter            cstackCOMMON 0007D
___lldiv@dividend           cstackCOMMON 00074
___lldiv@divisor            cstackCOMMON 00070
___lldiv@quotient           cstackCOMMON 00079
___llmod                    text15       01D0B
___llmod@counter            cstackBANK0  00029
___llmod@dividend           cstackBANK0  00024
___llmod@divisor            cstackBANK0  00020
___lwdiv                    text8        01C79
___lwdiv@counter            cstackCOMMON 0007D
___lwdiv@dividend           cstackCOMMON 00078
___lwdiv@divisor            cstackCOMMON 00076
___lwdiv@quotient           cstackCOMMON 0007B
___lwmod                    text7        01BFD
___lwmod@counter            cstackCOMMON 00075
___lwmod@dividend           cstackCOMMON 00072
___lwmod@divisor            cstackCOMMON 00070
___sp                       stack        00000
___stackhi                  (abs)        00000
___stacklo                  (abs)        00000
___wmul                     text14       01BB1
___wmul@multiplicand        cstackCOMMON 00072
___wmul@multiplier          cstackCOMMON 00070
___wmul@product             cstackCOMMON 00074
___xxtofl                   text13       01E89
___xxtofl@arg               cstackCOMMON 0007A
___xxtofl@exp               cstackCOMMON 00079
___xxtofl@sign              cstackCOMMON 00078
___xxtofl@val               cstackCOMMON 00070
__div_to_l_                 text12       00882
__div_to_l_@cntr            cstackBANK0  00024
__div_to_l_@exp1            cstackBANK0  00025
__div_to_l_@f1              cstackCOMMON 00070
__div_to_l_@f2              cstackCOMMON 00074
__div_to_l_@quot            cstackBANK0  00020
__end_of_UART_TX_Init       text28       01B67
__end_of_UART_Write         text27       01B55
__end_of_UART_Write_String  text26       01C79
__end_of_USART_Read         text25       01B41
__end_of__Umul8_16          text10       01BFD
__end_of___awdiv            text4        01E89
__end_of___awmod            text3        01DBA
__end_of___fladd            text19       0153B
__end_of___fleq             text22       01D0B
__end_of___flge             text21       010A8
__end_of___flmul            text9        01000
__end_of___flneg            text20       000D4
__end_of___flsub            text18       01BB1
__end_of___fltol            text17       00882
__end_of___lldiv            text16       01E20
__end_of___llmod            text15       01D61
__end_of___lwdiv            text8        01CBD
__end_of___lwmod            text7        01C37
__end_of___wmul             text14       01BD6
__end_of___xxtofl           text13       01F43
__end_of__div_to_l_         text12       00940
__end_of__initialization    cinit        007FC
__end_of__npowers_          strings      0007B
__end_of__powers_           strings      00047
__end_of__stringtab         strings      00013
__end_of__tdiv_to_l_        text11       02000
__end_of_dpowers            strings      000A3
__end_of_fround             text6        012B3
__end_of_isdigit            text5        01B79
__end_of_main               maintext     001B9
__end_of_scale              text2        00C9F
__end_of_setOsc             text24       00806
__end_of_setup              text23       01B8D
__end_of_sprintf            text1_split_1 007E2
__initialization            cinit        007E2
__npowers_                  strings      00047
__pbssBANK1                 bssBANK1     000CF
__pbssBANK3                 bssBANK3     00190
__pcstackBANK0              cstackBANK0  00020
__pcstackBANK1              cstackBANK1  000A0
__pcstackCOMMON             cstackCOMMON 00070
__pdataBANK1                dataBANK1    000E5
__pidataBANK1               idataBANK1   00800
__pmaintext                 maintext     000D4
__powers_                   strings      00013
__pstrings                  strings      00003
__ptext1                    text1        0153B
__ptext10                   text10       01BD6
__ptext11                   text11       01F43
__ptext12                   text12       00882
__ptext13                   text13       01E89
__ptext14                   text14       01BB1
__ptext15                   text15       01D0B
__ptext16                   text16       01DBA
__ptext17                   text17       00806
__ptext18                   text18       01B8D
__ptext19                   text19       012B3
__ptext2                    text2        00940
__ptext20                   text20       000C9
__ptext21                   text21       01006
__ptext22                   text22       01CBD
__ptext23                   text23       01B79
__ptext24                   text24       00801
__ptext25                   text25       01B39
__ptext26                   text26       01C37
__ptext27                   text27       01B49
__ptext28                   text28       01B55
__ptext3                    text3        01D61
__ptext4                    text4        01E20
__ptext5                    text5        01B67
__ptext6                    text6        010A8
__ptext7                    text7        01BFD
__ptext8                    text8        01C79
__ptext9                    text9        00C9F
__size_of_UART_TX_Init      (abs)        00000
__size_of_UART_Write        (abs)        00000
__size_of_UART_Write_String (abs)        00000
__size_of_USART_Read        (abs)        00000
__size_of__Umul8_16         (abs)        00000
__size_of___awdiv           (abs)        00000
__size_of___awmod           (abs)        00000
__size_of___fladd           (abs)        00000
__size_of___fleq            (abs)        00000
__size_of___flge            (abs)        00000
__size_of___flmul           (abs)        00000
__size_of___flneg           (abs)        00000
__size_of___flsub           (abs)        00000
__size_of___fltol           (abs)        00000
__size_of___lldiv           (abs)        00000
__size_of___llmod           (abs)        00000
__size_of___lwdiv           (abs)        00000
__size_of___lwmod           (abs)        00000
__size_of___wmul            (abs)        00000
__size_of___xxtofl          (abs)        00000
__size_of__div_to_l_        (abs)        00000
__size_of__tdiv_to_l_       (abs)        00000
__size_of_fround            (abs)        00000
__size_of_isdigit           (abs)        00000
__size_of_main              (abs)        00000
__size_of_scale             (abs)        00000
__size_of_setOsc            (abs)        00000
__size_of_setup             (abs)        00000
__size_of_sprintf           (abs)        00000
__stringbase                strings      00012
__stringtab                 strings      00003
__tdiv_to_l_                text11       01F43
__tdiv_to_l_@cntr           cstackBANK0  00024
__tdiv_to_l_@exp1           cstackBANK0  00025
__tdiv_to_l_@f1             cstackCOMMON 00070
__tdiv_to_l_@f2             cstackCOMMON 00074
__tdiv_to_l_@quot           cstackBANK0  00020
_buffer                     bssBANK3     00190
_contador                   bssBANK1     000CF
_contador2                  dataBANK1    000E5
_dpowers                    strings      0007B
_fround                     text6        010A8
_fround$925                 cstackBANK0  0004D
_fround$926                 cstackBANK0  00049
_isdigit                    text5        01B67
_isdigit$759                cstackCOMMON 00070
_main                       maintext     000D4
_pantalla                   bssBANK1     000D1
_recibido                   bssBANK1     000D0
_scale                      text2        00940
_scale$927                  cstackBANK0  0004C
_setOsc                     text24       00801
_setup                      text23       01B79
_sprintf                    text1        0153B
_sprintf$928                cstackBANK1  000B0
btemp                       (abs)        0007E
clear_ram0                  clrtext      01B41
end_of_initialization       cinit        007FC
fround@prec                 cstackBANK0  00051
intlevel0                   functab      00000
intlevel1                   functab      00000
intlevel2                   functab      00000
intlevel3                   functab      00000
intlevel4                   functab      00000
intlevel5                   functab      00000
isdigit@c                   cstackCOMMON 00071
pnum$text1                  (abs)        0000D
pnum$text1_split_1          (abs)        0002A
psplit$0                    (abs)        D002A
reset_vec                   reset_vec    00000
scale@scl                   cstackBANK0  00050
sprintf@ap                  cstackBANK1  000B4
sprintf@c                   cstackBANK1  000C9
sprintf@eexp                cstackBANK1  000C1
sprintf@f                   cstackBANK1  000A2
sprintf@flag                cstackBANK1  000B5
sprintf@fval                cstackBANK1  000C3
sprintf@prec                cstackBANK1  000C7
sprintf@sp                  cstackBANK1  000A0
sprintf@tmpval              cstackBANK1  000B9
sprintf@val                 cstackBANK1  000BD
sprintf@width               cstackBANK1  000B7
start                       init         00000
start_initialization        cinit        007E2
wtemp0                      (abs)        0007E


FUNCTION INFORMATION:

 *************** function _main *****************
 Defined at:
		line 60 in file "main_prueba_uart.c"
 Parameters:    Size  Location     Type
		None
 Auto vars:     Size  Location     Type
		None
 Return value:  Size  Location     Type
                  1    wreg      void 
 Registers used:
		wreg, fsr0l, fsr0h, status,2, status,0, btemp+1, pclath, cstack
 Tracked objects:
		On entry : 
		On exit  : 
		Unchanged: 
 Data sizes:     COMMON   BANK0   BANK1   BANK3   BANK2
      Params:         0       0       0       0       0
      Locals:         0       0       0       0       0
      Temps:          0       0       5       0       0
      Totals:         0       0       5       0       0
Total ram usage:        5 bytes
 Hardware stack levels required when called:    4
 This function calls:
		_UART_TX_Init
		_UART_Write
		_UART_Write_String
		_USART_Read
		_setOsc
		_setup
		_sprintf
 This function is called by:
		Startup code after reset
 This function uses a non-reentrant model


 *************** function _sprintf *****************
 Defined at:
		line 505 in file "D:\Microchip\xc8\v2.31\pic\sources\c90\common\doprnt.c"
 Parameters:    Size  Location     Type
  sp              2    0[BANK1 ] PTR unsigned char 
		 -> buffer(40), pantalla(20), 
  f               1    2[BANK1 ] PTR const unsigned char 
		 -> STR_3(3), STR_2(16), 
 Auto vars:     Size  Location     Type
  fval            4   35[BANK1 ] PTR const unsigned char 
  val             4   29[BANK1 ] unsigned long 
  tmpval          4   25[BANK1 ] struct .
  prec            2   39[BANK1 ] int 
  eexp            2   33[BANK1 ] int 
  width           2   23[BANK1 ] int 
  flag            2   21[BANK1 ] unsigned short 
  cp              2    0        PTR const unsigned char 
  len             2    0        unsigned int 
  c               1   41[BANK1 ] unsigned char 
  ap              1   20[BANK1 ] PTR void [1]
		 -> ?_sprintf(2), 
  d               1    0        unsigned char 
 Return value:  Size  Location     Type
                  2    0[BANK1 ] int 
 Registers used:
		wreg, fsr0l, fsr0h, status,2, status,0, btemp+1, pclath, cstack
 Tracked objects:
		On entry : 
		On exit  : 
		Unchanged: 
 Data sizes:     COMMON   BANK0   BANK1   BANK3   BANK2
      Params:         0       0      11       0       0
      Locals:         0       0      26       0       0
      Temps:          0       0       5       0       0
      Totals:         0       0      42       0       0
Total ram usage:       42 bytes
 Hardware stack levels used:    1
 Hardware stack levels required when called:    3
 This function calls:
		___awdiv
		___fladd
		___fleq
		___flge
		___flmul
		___flneg
		___flsub
		___fltol
		___lldiv
		___llmod
		___wmul
		___xxtofl
		__div_to_l_
		__tdiv_to_l_
		_fround
		_isdigit
		_scale
 This function is called by:
		_main
 This function uses a non-reentrant model


 *************** function _scale *****************
 Defined at:
		line 433 in file "D:\Microchip\xc8\v2.31\pic\sources\c90\common\doprnt.c"
 Parameters:    Size  Location     Type
  scl             1    wreg     char 
 Auto vars:     Size  Location     Type
  scl             1   48[BANK0 ] char 
 Return value:  Size  Location     Type
                  4   30[BANK0 ] char 
 Registers used:
		wreg, fsr0l, fsr0h, status,2, status,0, btemp+1, pclath, cstack
 Tracked objects:
		On entry : 
		On exit  : 
		Unchanged: 
 Data sizes:     COMMON   BANK0   BANK1   BANK3   BANK2
      Params:         0       4       0       0       0
      Locals:         0       5       0       0       0
      Temps:          0      10       0       0       0
      Totals:         0      19       0       0       0
Total ram usage:       19 bytes
 Hardware stack levels used:    1
 Hardware stack levels required when called:    2
 This function calls:
		___awdiv
		___awmod
		___flmul
 This function is called by:
		_sprintf
 This function uses a non-reentrant model


 *************** function ___awmod *****************
 Defined at:
		line 5 in file "D:\Microchip\xc8\v2.31\pic\sources\c90\common\awmod.c"
 Parameters:    Size  Location     Type
  divisor         2    0[COMMON] int 
  dividend        2    2[COMMON] int 
 Auto vars:     Size  Location     Type
  sign            1    6[COMMON] unsigned char 
  counter         1    5[COMMON] unsigned char 
 Return value:  Size  Location     Type
                  2    0[COMMON] int 
 Registers used:
		wreg, status,2, status,0
 Tracked objects:
		On entry : 
		On exit  : 
		Unchanged: 
 Data sizes:     COMMON   BANK0   BANK1   BANK3   BANK2
      Params:         4       0       0       0       0
      Locals:         2       0       0       0       0
      Temps:          1       0       0       0       0
      Totals:         7       0       0       0       0
Total ram usage:        7 bytes
 Hardware stack levels used:    1
 This function calls:
		Nothing
 This function is called by:
		_scale
 This function uses a non-reentrant model


 *************** function ___awdiv *****************
 Defined at:
		line 5 in file "D:\Microchip\xc8\v2.31\pic\sources\c90\common\awdiv.c"
 Parameters:    Size  Location     Type
  divisor         2    7[COMMON] int 
  dividend        2    9[COMMON] int 
 Auto vars:     Size  Location     Type
  quotient        2    2[BANK0 ] int 
  sign            1    1[BANK0 ] unsigned char 
  counter         1    0[BANK0 ] unsigned char 
 Return value:  Size  Location     Type
                  2    7[COMMON] int 
 Registers used:
		wreg, status,2, status,0
 Tracked objects:
		On entry : 
		On exit  : 
		Unchanged: 
 Data sizes:     COMMON   BANK0   BANK1   BANK3   BANK2
      Params:         4       0       0       0       0
      Locals:         0       4       0       0       0
      Temps:          1       0       0       0       0
      Totals:         5       4       0       0       0
Total ram usage:        9 bytes
 Hardware stack levels used:    1
 This function calls:
		Nothing
 This function is called by:
		_scale
		_sprintf
 This function uses a non-reentrant model


 *************** function _isdigit *****************
 Defined at:
		line 8 in file "D:\Microchip\xc8\v2.31\pic\sources\c90\common\isdigit.c"
 Parameters:    Size  Location     Type
  c               1    wreg     unsigned char 
 Auto vars:     Size  Location     Type
  c               1    1[COMMON] unsigned char 
 Return value:  Size  Location     Type
		None               void
 Registers used:
		wreg, status,2, status,0
 Tracked objects:
		On entry : 
		On exit  : 
		Unchanged: 
 Data sizes:     COMMON   BANK0   BANK1   BANK3   BANK2
      Params:         0       0       0       0       0
      Locals:         2       0       0       0       0
      Temps:          0       0       0       0       0
      Totals:         2       0       0       0       0
Total ram usage:        2 bytes
 Hardware stack levels used:    1
 This function calls:
		Nothing
 This function is called by:
		_sprintf
 This function uses a non-reentrant model


 *************** function _fround *****************
 Defined at:
		line 417 in file "D:\Microchip\xc8\v2.31\pic\sources\c90\common\doprnt.c"
 Parameters:    Size  Location     Type
  prec            1    wreg     unsigned char 
 Auto vars:     Size  Location     Type
  prec            1   49[BANK0 ] unsigned char 
 Return value:  Size  Location     Type
                  4   30[BANK0 ] unsigned char 
 Registers used:
		wreg, fsr0l, fsr0h, status,2, status,0, btemp+1, pclath, cstack
 Tracked objects:
		On entry : 
		On exit  : 
		Unchanged: 
 Data sizes:     COMMON   BANK0   BANK1   BANK3   BANK2
      Params:         0       4       0       0       0
      Locals:         0       9       0       0       0
      Temps:          0       7       0       0       0
      Totals:         0      20       0       0       0
Total ram usage:       20 bytes
 Hardware stack levels used:    1
 Hardware stack levels required when called:    2
 This function calls:
		___flmul
		___lwdiv
		___lwmod
 This function is called by:
		_sprintf
 This function uses a non-reentrant model


 *************** function ___lwmod *****************
 Defined at:
		line 5 in file "D:\Microchip\xc8\v2.31\pic\sources\c90\common\lwmod.c"
 Parameters:    Size  Location     Type
  divisor         2    0[COMMON] unsigned int 
  dividend        2    2[COMMON] unsigned int 
 Auto vars:     Size  Location     Type
  counter         1    5[COMMON] unsigned char 
 Return value:  Size  Location     Type
                  2    0[COMMON] unsigned int 
 Registers used:
		wreg, status,2, status,0
 Tracked objects:
		On entry : 
		On exit  : 
		Unchanged: 
 Data sizes:     COMMON   BANK0   BANK1   BANK3   BANK2
      Params:         4       0       0       0       0
      Locals:         1       0       0       0       0
      Temps:          1       0       0       0       0
      Totals:         6       0       0       0       0
Total ram usage:        6 bytes
 Hardware stack levels used:    1
 This function calls:
		Nothing
 This function is called by:
		_fround
 This function uses a non-reentrant model


 *************** function ___lwdiv *****************
 Defined at:
		line 5 in file "D:\Microchip\xc8\v2.31\pic\sources\c90\common\lwdiv.c"
 Parameters:    Size  Location     Type
  divisor         2    6[COMMON] unsigned int 
  dividend        2    8[COMMON] unsigned int 
 Auto vars:     Size  Location     Type
  quotient        2   11[COMMON] unsigned int 
  counter         1   13[COMMON] unsigned char 
 Return value:  Size  Location     Type
                  2    6[COMMON] unsigned int 
 Registers used:
		wreg, status,2, status,0
 Tracked objects:
		On entry : 
		On exit  : 
		Unchanged: 
 Data sizes:     COMMON   BANK0   BANK1   BANK3   BANK2
      Params:         4       0       0       0       0
      Locals:         3       0       0       0       0
      Temps:          1       0       0       0       0
      Totals:         8       0       0       0       0
Total ram usage:        8 bytes
 Hardware stack levels used:    1
 This function calls:
		Nothing
 This function is called by:
		_fround
 This function uses a non-reentrant model


 *************** function ___flmul *****************
 Defined at:
		line 8 in file "D:\Microchip\xc8\v2.31\pic\sources\c90\common\sprcmul.c"
 Parameters:    Size  Location     Type
  b               4    4[BANK0 ] unsigned int 
  a               4    8[BANK0 ] unsigned int 
 Auto vars:     Size  Location     Type
  prod            4   24[BANK0 ] struct .
  grs             4   18[BANK0 ] unsigned long 
  temp            2   28[BANK0 ] struct .
  bexp            1   23[BANK0 ] unsigned char 
  aexp            1   22[BANK0 ] unsigned char 
  sign            1   17[BANK0 ] unsigned char 
 Return value:  Size  Location     Type
                  4    4[BANK0 ] unsigned char 
 Registers used:
		wreg, status,2, status,0, btemp+1, pclath, cstack
 Tracked objects:
		On entry : 
		On exit  : 
		Unchanged: 
 Data sizes:     COMMON   BANK0   BANK1   BANK3   BANK2
      Params:         0       8       0       0       0
      Locals:         0      13       0       0       0
      Temps:          0       5       0       0       0
      Totals:         0      26       0       0       0
Total ram usage:       26 bytes
 Hardware stack levels used:    1
 Hardware stack levels required when called:    1
 This function calls:
		__Umul8_16
 This function is called by:
		_fround
		_scale
		_sprintf
 This function uses a non-reentrant model


 *************** function __Umul8_16 *****************
 Defined at:
		line 4 in file "D:\Microchip\xc8\v2.31\pic\sources\c90\common\Umul8_16.c"
 Parameters:    Size  Location     Type
  multiplier      1    wreg     unsigned char 
  multiplicand    1    0[COMMON] unsigned char 
 Auto vars:     Size  Location     Type
  multiplier      1    8[COMMON] unsigned char 
  word_mpld       2    6[COMMON] unsigned int 
  product         2    4[COMMON] unsigned int 
 Return value:  Size  Location     Type
                  2    0[COMMON] unsigned int 
 Registers used:
		wreg, status,2, status,0
 Tracked objects:
		On entry : 
		On exit  : 
		Unchanged: 
 Data sizes:     COMMON   BANK0   BANK1   BANK3   BANK2
      Params:         2       0       0       0       0
      Locals:         5       0       0       0       0
      Temps:          2       0       0       0       0
      Totals:         9       0       0       0       0
Total ram usage:        9 bytes
 Hardware stack levels used:    1
 This function calls:
		Nothing
 This function is called by:
		___flmul
 This function uses a non-reentrant model


 *************** function __tdiv_to_l_ *****************
 Defined at:
		line 60 in file "D:\Microchip\xc8\v2.31\pic\sources\c90\common\ftdivl.c"
 Parameters:    Size  Location     Type
  f1              4    0[COMMON] float 
  f2              4    4[COMMON] float 
 Auto vars:     Size  Location     Type
  quot            4    0[BANK0 ] unsigned long 
  exp1            1    5[BANK0 ] unsigned char 
  cntr            1    4[BANK0 ] unsigned char 
 Return value:  Size  Location     Type
                  4    0[COMMON] unsigned long 
 Registers used:
		wreg, status,2, status,0
 Tracked objects:
		On entry : 
		On exit  : 
		Unchanged: 
 Data sizes:     COMMON   BANK0   BANK1   BANK3   BANK2
      Params:         8       0       0       0       0
      Locals:         0       6       0       0       0
      Temps:          4       0       0       0       0
      Totals:        12       6       0       0       0
Total ram usage:       18 bytes
 Hardware stack levels used:    1
 This function calls:
		Nothing
 This function is called by:
		_sprintf
 This function uses a non-reentrant model


 *************** function __div_to_l_ *****************
 Defined at:
		line 60 in file "D:\Microchip\xc8\v2.31\pic\sources\c90\common\fldivl.c"
 Parameters:    Size  Location     Type
  f1              4    0[COMMON] unsigned long 
  f2              4    4[COMMON] unsigned long 
 Auto vars:     Size  Location     Type
  quot            4    0[BANK0 ] unsigned long 
  exp1            1    5[BANK0 ] unsigned char 
  cntr            1    4[BANK0 ] unsigned char 
 Return value:  Size  Location     Type
                  4    0[COMMON] unsigned long 
 Registers used:
		wreg, status,2, status,0
 Tracked objects:
		On entry : 
		On exit  : 
		Unchanged: 
 Data sizes:     COMMON   BANK0   BANK1   BANK3   BANK2
      Params:         8       0       0       0       0
      Locals:         0       6       0       0       0
      Temps:          1       0       0       0       0
      Totals:         9       6       0       0       0
Total ram usage:       15 bytes
 Hardware stack levels used:    1
 This function calls:
		Nothing
 This function is called by:
		_sprintf
 This function uses a non-reentrant model


 *************** function ___xxtofl *****************
 Defined at:
		line 10 in file "D:\Microchip\xc8\v2.31\pic\sources\c90\common\xxtofl.c"
 Parameters:    Size  Location     Type
  sign            1    wreg     unsigned char 
  val             4    0[COMMON] long 
 Auto vars:     Size  Location     Type
  sign            1    8[COMMON] unsigned char 
  arg             4   10[COMMON] unsigned long 
  exp             1    9[COMMON] unsigned char 
 Return value:  Size  Location     Type
                  4    0[COMMON] unsigned char 
 Registers used:
		wreg, status,2, status,0
 Tracked objects:
		On entry : 
		On exit  : 
		Unchanged: 
 Data sizes:     COMMON   BANK0   BANK1   BANK3   BANK2
      Params:         4       0       0       0       0
      Locals:         6       0       0       0       0
      Temps:          4       0       0       0       0
      Totals:        14       0       0       0       0
Total ram usage:       14 bytes
 Hardware stack levels used:    1
 This function calls:
		Nothing
 This function is called by:
		_sprintf
 This function uses a non-reentrant model


 *************** function ___wmul *****************
 Defined at:
		line 15 in file "D:\Microchip\xc8\v2.31\pic\sources\c90\common\Umul16.c"
 Parameters:    Size  Location     Type
  multiplier      2    0[COMMON] unsigned int 
  multiplicand    2    2[COMMON] unsigned int 
 Auto vars:     Size  Location     Type
  product         2    4[COMMON] unsigned int 
 Return value:  Size  Location     Type
                  2    0[COMMON] unsigned int 
 Registers used:
		wreg, status,2, status,0
 Tracked objects:
		On entry : 
		On exit  : 
		Unchanged: 
 Data sizes:     COMMON   BANK0   BANK1   BANK3   BANK2
      Params:         4       0       0       0       0
      Locals:         2       0       0       0       0
      Temps:          0       0       0       0       0
      Totals:         6       0       0       0       0
Total ram usage:        6 bytes
 Hardware stack levels used:    1
 This function calls:
		Nothing
 This function is called by:
		_sprintf
 This function uses a non-reentrant model


 *************** function ___llmod *****************
 Defined at:
		line 5 in file "D:\Microchip\xc8\v2.31\pic\sources\c90\common\llmod.c"
 Parameters:    Size  Location     Type
  divisor         4    0[BANK0 ] unsigned long 
  dividend        4    4[BANK0 ] unsigned long 
 Auto vars:     Size  Location     Type
  counter         1    9[BANK0 ] unsigned char 
 Return value:  Size  Location     Type
                  4    0[BANK0 ] unsigned long 
 Registers used:
		wreg, status,2, status,0
 Tracked objects:
		On entry : 
		On exit  : 
		Unchanged: 
 Data sizes:     COMMON   BANK0   BANK1   BANK3   BANK2
      Params:         0       8       0       0       0
      Locals:         0       1       0       0       0
      Temps:          0       1       0       0       0
      Totals:         0      10       0       0       0
Total ram usage:       10 bytes
 Hardware stack levels used:    1
 This function calls:
		Nothing
 This function is called by:
		_sprintf
 This function uses a non-reentrant model


 *************** function ___lldiv *****************
 Defined at:
		line 5 in file "D:\Microchip\xc8\v2.31\pic\sources\c90\common\__lldiv.c"
 Parameters:    Size  Location     Type
  divisor         4    0[COMMON] unsigned long 
  dividend        4    4[COMMON] unsigned long 
 Auto vars:     Size  Location     Type
  quotient        4    9[COMMON] unsigned long 
  counter         1   13[COMMON] unsigned char 
 Return value:  Size  Location     Type
                  4    0[COMMON] unsigned long 
 Registers used:
		wreg, status,2, status,0
 Tracked objects:
		On entry : 
		On exit  : 
		Unchanged: 
 Data sizes:     COMMON   BANK0   BANK1   BANK3   BANK2
      Params:         8       0       0       0       0
      Locals:         5       0       0       0       0
      Temps:          1       0       0       0       0
      Totals:        14       0       0       0       0
Total ram usage:       14 bytes
 Hardware stack levels used:    1
 This function calls:
		Nothing
 This function is called by:
		_sprintf
 This function uses a non-reentrant model


 *************** function ___fltol *****************
 Defined at:
		line 43 in file "D:\Microchip\xc8\v2.31\pic\sources\c90\common\fltol.c"
 Parameters:    Size  Location     Type
  f1              4   49[BANK0 ] unsigned long 
 Auto vars:     Size  Location     Type
  exp1            1   59[BANK0 ] unsigned char 
  sign1           1   58[BANK0 ] unsigned char 
 Return value:  Size  Location     Type
                  4   49[BANK0 ] long 
 Registers used:
		wreg, status,2, status,0
 Tracked objects:
		On entry : 
		On exit  : 
		Unchanged: 
 Data sizes:     COMMON   BANK0   BANK1   BANK3   BANK2
      Params:         0       4       0       0       0
      Locals:         0       2       0       0       0
      Temps:          0       5       0       0       0
      Totals:         0      11       0       0       0
Total ram usage:       11 bytes
 Hardware stack levels used:    1
 This function calls:
		Nothing
 This function is called by:
		_sprintf
 This function uses a non-reentrant model


 *************** function ___flsub *****************
 Defined at:
		line 242 in file "D:\Microchip\xc8\v2.31\pic\sources\c90\common\sprcadd.c"
 Parameters:    Size  Location     Type
  a               4   70[BANK0 ] long 
  b               4   74[BANK0 ] long 
 Auto vars:     Size  Location     Type
		None
 Return value:  Size  Location     Type
                  4   70[BANK0 ] long 
 Registers used:
		wreg, status,2, status,0, btemp+1, pclath, cstack
 Tracked objects:
		On entry : 
		On exit  : 
		Unchanged: 
 Data sizes:     COMMON   BANK0   BANK1   BANK3   BANK2
      Params:         0       8       0       0       0
      Locals:         0       0       0       0       0
      Temps:          0       0       0       0       0
      Totals:         0       8       0       0       0
Total ram usage:        8 bytes
 Hardware stack levels used:    1
 Hardware stack levels required when called:    1
 This function calls:
		___fladd
 This function is called by:
		_sprintf
 This function uses a non-reentrant model


 *************** function ___fladd *****************
 Defined at:
		line 10 in file "D:\Microchip\xc8\v2.31\pic\sources\c90\common\sprcadd.c"
 Parameters:    Size  Location     Type
  b               4   50[BANK0 ] long 
  a               4   54[BANK0 ] long 
 Auto vars:     Size  Location     Type
  grs             1   69[BANK0 ] unsigned char 
  bexp            1   68[BANK0 ] unsigned char 
  aexp            1   67[BANK0 ] unsigned char 
  signs           1   66[BANK0 ] unsigned char 
 Return value:  Size  Location     Type
                  4   50[BANK0 ] unsigned char 
 Registers used:
		wreg, status,2, status,0, btemp+1
 Tracked objects:
		On entry : 
		On exit  : 
		Unchanged: 
 Data sizes:     COMMON   BANK0   BANK1   BANK3   BANK2
      Params:         0       8       0       0       0
      Locals:         0       4       0       0       0
      Temps:          0       8       0       0       0
      Totals:         0      20       0       0       0
Total ram usage:       20 bytes
 Hardware stack levels used:    1
 This function calls:
		Nothing
 This function is called by:
		_sprintf
		___flsub
 This function uses a non-reentrant model


 *************** function ___flneg *****************
 Defined at:
		line 15 in file "D:\Microchip\xc8\v2.31\pic\sources\c90\common\flneg.c"
 Parameters:    Size  Location     Type
  f1              4    0[COMMON] unsigned char 
 Auto vars:     Size  Location     Type
		None
 Return value:  Size  Location     Type
                  4    0[COMMON] unsigned char 
 Registers used:
		wreg
 Tracked objects:
		On entry : 
		On exit  : 
		Unchanged: 
 Data sizes:     COMMON   BANK0   BANK1   BANK3   BANK2
      Params:         4       0       0       0       0
      Locals:         0       0       0       0       0
      Temps:          0       0       0       0       0
      Totals:         4       0       0       0       0
Total ram usage:        4 bytes
 Hardware stack levels used:    1
 This function calls:
		Nothing
 This function is called by:
		_sprintf
 This function uses a non-reentrant model


 *************** function ___flge *****************
 Defined at:
		line 4 in file "D:\Microchip\xc8\v2.31\pic\sources\c90\common\flge.c"
 Parameters:    Size  Location     Type
  ff1             4    0[COMMON] unsigned char 
  ff2             4    4[COMMON] unsigned char 
 Auto vars:     Size  Location     Type
		None
 Return value:  Size  Location     Type
		None               void
 Registers used:
		wreg, status,2, status,0
 Tracked objects:
		On entry : 
		On exit  : 
		Unchanged: 
 Data sizes:     COMMON   BANK0   BANK1   BANK3   BANK2
      Params:         8       0       0       0       0
      Locals:         0       0       0       0       0
      Temps:          4       0       0       0       0
      Totals:        12       0       0       0       0
Total ram usage:       12 bytes
 Hardware stack levels used:    1
 This function calls:
		Nothing
 This function is called by:
		_sprintf
 This function uses a non-reentrant model


 *************** function ___fleq *****************
 Defined at:
		line 4 in file "D:\Microchip\xc8\v2.31\pic\sources\c90\common\fleq.c"
 Parameters:    Size  Location     Type
  ff1             4    0[COMMON] unsigned char 
  ff2             4    4[COMMON] unsigned char 
 Auto vars:     Size  Location     Type
		None
 Return value:  Size  Location     Type
		None               void
 Registers used:
		wreg, status,2, status,0
 Tracked objects:
		On entry : 
		On exit  : 
		Unchanged: 
 Data sizes:     COMMON   BANK0   BANK1   BANK3   BANK2
      Params:         8       0       0       0       0
      Locals:         0       0       0       0       0
      Temps:          4       0       0       0       0
      Totals:        12       0       0       0       0
Total ram usage:       12 bytes
 Hardware stack levels used:    1
 This function calls:
		Nothing
 This function is called by:
		_sprintf
 This function uses a non-reentrant model


 *************** function _setup *****************
 Defined at:
		line 121 in file "main_prueba_uart.c"
 Parameters:    Size  Location     Type
		None
 Auto vars:     Size  Location     Type
		None
 Return value:  Size  Location     Type
                  1    wreg      void 
 Registers used:
		wreg, status,2
 Tracked objects:
		On entry : 
		On exit  : 
		Unchanged: 
 Data sizes:     COMMON   BANK0   BANK1   BANK3   BANK2
      Params:         0       0       0       0       0
      Locals:         0       0       0       0       0
      Temps:          0       0       0       0       0
      Totals:         0       0       0       0       0
Total ram usage:        0 bytes
 Hardware stack levels used:    1
 This function calls:
		Nothing
 This function is called by:
		_main
 This function uses a non-reentrant model


 *************** function _setOsc *****************
 Defined at:
		line 138 in file "main_prueba_uart.c"
 Parameters:    Size  Location     Type
		None
 Auto vars:     Size  Location     Type
		None
 Return value:  Size  Location     Type
                  1    wreg      void 
 Registers used:
		wreg, status,2, status,0
 Tracked objects:
		On entry : 
		On exit  : 
		Unchanged: 
 Data sizes:     COMMON   BANK0   BANK1   BANK3   BANK2
      Params:         0       0       0       0       0
      Locals:         0       0       0       0       0
      Temps:          0       0       0       0       0
      Totals:         0       0       0       0       0
Total ram usage:        0 bytes
 Hardware stack levels used:    1
 This function calls:
		Nothing
 This function is called by:
		_main
 This function uses a non-reentrant model


 *************** function _USART_Read *****************
 Defined at:
		line 46 in file "USART.c"
 Parameters:    Size  Location     Type
		None
 Auto vars:     Size  Location     Type
		None
 Return value:  Size  Location     Type
                  1    wreg      unsigned char 
 Registers used:
		wreg
 Tracked objects:
		On entry : 
		On exit  : 
		Unchanged: 
 Data sizes:     COMMON   BANK0   BANK1   BANK3   BANK2
      Params:         0       0       0       0       0
      Locals:         0       0       0       0       0
      Temps:          0       0       0       0       0
      Totals:         0       0       0       0       0
Total ram usage:        0 bytes
 Hardware stack levels used:    1
 This function calls:
		Nothing
 This function is called by:
		_main
 This function uses a non-reentrant model


 *************** function _UART_Write_String *****************
 Defined at:
		line 39 in file "USART.c"
 Parameters:    Size  Location     Type
  buf             2    1[COMMON] PTR unsigned char 
		 -> STR_4(2), buffer(40), pantalla(20), STR_1(17), 
 Auto vars:     Size  Location     Type
  i               2    6[COMMON] int 
 Return value:  Size  Location     Type
                  1    wreg      void 
 Registers used:
		wreg, fsr0l, fsr0h, status,2, status,0, btemp+1, pclath, cstack
 Tracked objects:
		On entry : 
		On exit  : 
		Unchanged: 
 Data sizes:     COMMON   BANK0   BANK1   BANK3   BANK2
      Params:         2       0       0       0       0
      Locals:         2       0       0       0       0
      Temps:          3       0       0       0       0
      Totals:         7       0       0       0       0
Total ram usage:        7 bytes
 Hardware stack levels used:    1
 Hardware stack levels required when called:    1
 This function calls:
		_UART_Write
 This function is called by:
		_main
 This function uses a non-reentrant model


 *************** function _UART_Write *****************
 Defined at:
		line 33 in file "USART.c"
 Parameters:    Size  Location     Type
  data            1    wreg     unsigned char 
 Auto vars:     Size  Location     Type
  data            1    0[COMMON] unsigned char 
 Return value:  Size  Location     Type
                  1    wreg      void 
 Registers used:
		wreg
 Tracked objects:
		On entry : 
		On exit  : 
		Unchanged: 
 Data sizes:     COMMON   BANK0   BANK1   BANK3   BANK2
      Params:         0       0       0       0       0
      Locals:         1       0       0       0       0
      Temps:          0       0       0       0       0
      Totals:         1       0       0       0       0
Total ram usage:        1 bytes
 Hardware stack levels used:    1
 This function calls:
		Nothing
 This function is called by:
		_main
		_UART_Write_String
 This function uses a non-reentrant model


 *************** function _UART_TX_Init *****************
 Defined at:
		line 18 in file "USART.c"
 Parameters:    Size  Location     Type
		None
 Auto vars:     Size  Location     Type
		None
 Return value:  Size  Location     Type
                  1    wreg      void 
 Registers used:
		wreg
 Tracked objects:
		On entry : 
		On exit  : 
		Unchanged: 
 Data sizes:     COMMON   BANK0   BANK1   BANK3   BANK2
      Params:         0       0       0       0       0
      Locals:         0       0       0       0       0
      Temps:          0       0       0       0       0
      Totals:         0       0       0       0       0
Total ram usage:        0 bytes
 Hardware stack levels used:    1
 This function calls:
		Nothing
 This function is called by:
		_main
 This function uses a non-reentrant model



MODULE INFORMATION

Module		Function		Class		Link	Load	Size
USART.c
		_UART_Write_String		CODE           	1C37	0000	66
		_USART_Read    		CODE           	1B39	0000	8
		_UART_Write    		CODE           	1B49	0000	12
		_UART_TX_Init  		CODE           	1B55	0000	18

USART.c estimated size: 104

D:\Microchip\xc8\v2.31\pic\sources\c90\common\Umul8_16.c
		__Umul8_16     		CODE           	1BD6	0000	39

D:\Microchip\xc8\v2.31\pic\sources\c90\common\Umul8_16.c estimated size: 39

D:\Microchip\xc8\v2.31\pic\sources\c90\common\flneg.c
		___flneg       		CODE           	00C9	0000	11

D:\Microchip\xc8\v2.31\pic\sources\c90\common\flneg.c estimated size: 11

D:\Microchip\xc8\v2.31\pic\sources\c90\common\doprnt.c
		_scale         		CODE           	0940	0000	863
		_sprintf       		CODE           	153B	0000	2286
		_fround        		CODE           	10A8	0000	523

D:\Microchip\xc8\v2.31\pic\sources\c90\common\doprnt.c estimated size: 3672

D:\Microchip\xc8\v2.31\pic\sources\c90\common\sprcmul.c
		___flmul       		CODE           	0C9F	0000	865

D:\Microchip\xc8\v2.31\pic\sources\c90\common\sprcmul.c estimated size: 865

D:\Microchip\xc8\v2.31\pic\sources\c90\common\__lldiv.c
		___lldiv       		CODE           	1DBA	0000	102

D:\Microchip\xc8\v2.31\pic\sources\c90\common\__lldiv.c estimated size: 102

D:\Microchip\xc8\v2.31\pic\sources\c90\common\fleq.c
		___fleq        		CODE           	1CBD	0000	78

D:\Microchip\xc8\v2.31\pic\sources\c90\common\fleq.c estimated size: 78

D:\Microchip\xc8\v2.31\pic\sources\c90\common\lwmod.c
		___lwmod       		CODE           	1BFD	0000	58

D:\Microchip\xc8\v2.31\pic\sources\c90\common\lwmod.c estimated size: 58

D:\Microchip\xc8\v2.31\pic\sources\c90\common\awmod.c
		___awmod       		CODE           	1D61	0000	89

D:\Microchip\xc8\v2.31\pic\sources\c90\common\awmod.c estimated size: 89

D:\Microchip\xc8\v2.31\pic\sources\c90\common\llmod.c
		___llmod       		CODE           	1D0B	0000	86

D:\Microchip\xc8\v2.31\pic\sources\c90\common\llmod.c estimated size: 86

D:\Microchip\xc8\v2.31\pic\sources\c90\common\ftdivl.c
		__tdiv_to_l_   		CODE           	1F43	0000	189

D:\Microchip\xc8\v2.31\pic\sources\c90\common\ftdivl.c estimated size: 189

D:\Microchip\xc8\v2.31\pic\sources\c90\common\Umul16.c
		___wmul        		CODE           	1BB1	0000	37

D:\Microchip\xc8\v2.31\pic\sources\c90\common\Umul16.c estimated size: 37

shared
		__stringtab    		STRING         	0003	0000	16
		__powers_      		STRING         	0013	0000	52
		_dpowers       		STRING         	007B	0000	40
		__npowers_     		STRING         	0047	0000	52
		__initialization		CODE           	07E2	0000	26

shared estimated size: 186

main_prueba_uart.c
		_setOsc        		CODE           	0801	0000	5
		_main          		CODE           	00D4	0000	229
		_setup         		CODE           	1B79	0000	20

main_prueba_uart.c estimated size: 254

D:\Microchip\xc8\v2.31\pic\sources\c90\common\isdigit.c
		_isdigit       		CODE           	1B67	0000	18

D:\Microchip\xc8\v2.31\pic\sources\c90\common\isdigit.c estimated size: 18

D:\Microchip\xc8\v2.31\pic\sources\c90\common\lwdiv.c
		___lwdiv       		CODE           	1C79	0000	68

D:\Microchip\xc8\v2.31\pic\sources\c90\common\lwdiv.c estimated size: 68

D:\Microchip\xc8\v2.31\pic\sources\c90\common\sprcadd.c
		___flsub       		CODE           	1B8D	0000	36
		___fladd       		CODE           	12B3	0000	648

D:\Microchip\xc8\v2.31\pic\sources\c90\common\sprcadd.c estimated size: 684

D:\Microchip\xc8\v2.31\pic\sources\c90\common\awdiv.c
		___awdiv       		CODE           	1E20	0000	105

D:\Microchip\xc8\v2.31\pic\sources\c90\common\awdiv.c estimated size: 105

D:\Microchip\xc8\v2.31\pic\sources\c90\common\fltol.c
		___fltol       		CODE           	0806	0000	124

D:\Microchip\xc8\v2.31\pic\sources\c90\common\fltol.c estimated size: 124

D:\Microchip\xc8\v2.31\pic\sources\c90\common\fldivl.c
		__div_to_l_    		CODE           	0882	0000	190

D:\Microchip\xc8\v2.31\pic\sources\c90\common\fldivl.c estimated size: 190

D:\Microchip\xc8\v2.31\pic\sources\c90\common\flge.c
		___flge        		CODE           	1006	0000	162

D:\Microchip\xc8\v2.31\pic\sources\c90\common\flge.c estimated size: 162

D:\Microchip\xc8\v2.31\pic\sources\c90\common\xxtofl.c
		___xxtofl      		CODE           	1E89	0000	186

D:\Microchip\xc8\v2.31\pic\sources\c90\common\xxtofl.c estimated size: 186

