Microchip MPLAB XC8 Compiler V2.31

Linker command line:

-W-3 --edf=D:\Microchip\xc8\v2.31\pic\dat\en_msgs.txt -cn \
  -h+dist/default/production\Mini1_Master.X.production.sym \
  --cmf=dist/default/production\Mini1_Master.X.production.cmf -z -Q16F887 \
  -oC:\Users\jrdia\AppData\Local\Temp\skbg.2 --defsym=__MPLAB_BUILD=1 \
  -Mdist/default/production/Mini1_Master.X.production.map -E1 \
  -ver=XC8 Compiler --acfsm=1493 -ASTACK=0110h-016Fh -pstack=STACK \
  -ACODE=00h-07FFhx4 -ASTRCODE=00h-01FFFh -ASTRING=00h-0FFhx32 \
  -ACONST=00h-0FFhx32 -AENTRY=00h-0FFhx32 -ACOMMON=070h-07Fh \
  -ABANK0=020h-06Fh -ABANK1=0A0h-0EFh -ABANK2=0110h-016Fh \
  -ABANK3=0190h-01EFh -ARAM=020h-06Fh,0A0h-0EFh,0110h-016Fh,0190h-01EFh \
  -AABS1=020h-07Fh,0A0h-0EFh,0110h-016Fh,0190h-01EFh -ASFR0=00h-01Fh \
  -ASFR1=080h-09Fh -ASFR2=0100h-010Fh -ASFR3=0180h-018Fh \
  -ACONFIG=02007h-02008h -DCONFIG=2 -AIDLOC=02000h-02003h -DIDLOC=2 \
  -AEEDATA=00h-0FFh/02100h -peeprom_data=EEDATA -DEEDATA=2 -DCODE=2 \
  -DSTRCODE=2 -DSTRING=2 -DCONST=2 -DENTRY=2 \
  -preset_vec=00h,intentry,init,end_init -ppowerup=CODE -pcinit=CODE \
  -pfunctab=ENTRY -k C:\Users\jrdia\AppData\Local\Temp\skbg.o \
  dist/default/production\Mini1_Master.X.production.o 

Object code version is 3.11

Machine type is 16F887



                Name                               Link     Load   Length Selector   Space Scale
C:\Users\jrdia\AppData\Local\Temp\skbg.o
                end_init                              0        0        3        0       0
                config                             2007     2007        2        0       4
dist/default/production\Mini1_Master.X.production.o
                cinit                               7ED      7ED       13      FDA       0
                config                             2007     2007        2        0       4
                text22                              2E3      2E3        8      5C6       0
                text21                              315      315        E      62A       0
                text20                              2D0      2D0        6      5A0       0
                text19                              381      381       23      702       0
                text18                              4D8      4D8       4F      9B0       0
                text17                              3A4      3A4       24      748       0
                text16                              34B      34B       19      696       0
                text15                              452      452       42      8A4       0
                text14                              308      308        D      610       0
                text13                              2CB      2CB        5      596       0
                text12                              2FC      2FC        C      5F8       0
                text11                              3ED      3ED       2B      7DA       0
                text10                              335      335       16      66A       0
                text9                               364      364       1D      6C8       0
                text8                               2DC      2DC        7      5B8       0
                text7                               2F3      2F3        9      5E6       0
                text6                               2D6      2D6        6      5AC       0
                text5                               494      494       44      928       0
                text4                               418      418       3A      830       0
                text3                               3C8      3C8       25      790       0
                text2                               323      323       12      646       0
                text1                               667      667      186      CCE       0
                maintext                            527      527      140      A4E       0
                cstackBANK0                          20       20       1A       20       1
                cstackCOMMON                         70       70        E       70       1
                clrtext                             2EB      2EB        8      5D6       0
                dataBANK0                            51       51        1       20       1
                bssBANK0                             3A       3A       17       20       1
                strings                               3        3       48        6       0
                idataBANK0                          2CA      2CA        1      594       0

TOTAL           Name                               Link     Load   Length     Space
        CLASS   STACK          

        CLASS   CODE           
                end_init                              0        0        3         0
                cinit                               7ED      7ED       13         0
                text22                              2E3      2E3        8         0
                text21                              315      315        E         0
                text20                              2D0      2D0        6         0
                text19                              381      381       23         0
                text18                              4D8      4D8       4F         0
                text17                              3A4      3A4       24         0
                text16                              34B      34B       19         0
                text15                              452      452       42         0
                text14                              308      308        D         0
                text13                              2CB      2CB        5         0
                text12                              2FC      2FC        C         0
                text11                              3ED      3ED       2B         0
                text10                              335      335       16         0
                text9                               364      364       1D         0
                text8                               2DC      2DC        7         0
                text7                               2F3      2F3        9         0
                text6                               2D6      2D6        6         0
                text5                               494      494       44         0
                text4                               418      418       3A         0
                text3                               3C8      3C8       25         0
                text2                               323      323       12         0
                text1                               667      667      186         0
                maintext                            527      527      140         0
                clrtext                             2EB      2EB        8         0
                idataBANK0                          2CA      2CA        1         0

        CLASS   STRCODE        

        CLASS   STRING         
                strings                               3        3       48         0

        CLASS   CONST          

        CLASS   ENTRY          

        CLASS   COMMON         
                cstackCOMMON                         70       70        E         1

        CLASS   BANK0          
                cstackBANK0                          20       20       1A         1
                dataBANK0                            51       51        1         1
                bssBANK0                             3A       3A       17         1

        CLASS   BANK1          

        CLASS   BANK2          

        CLASS   BANK3          

        CLASS   RAM            

        CLASS   ABS1           
                abs_s1                               7E       7E        2         1

        CLASS   SFR0           

        CLASS   SFR1           

        CLASS   SFR2           

        CLASS   SFR3           

        CLASS   CONFIG         
                config                             2007     2007        2         4

        CLASS   IDLOC          

        CLASS   EEDATA         



SEGMENTS        Name                           Load    Length   Top    Selector   Space  Class     Delta

                reset_vec                      000000  000003  000003         0       0  CODE        2
                strings                        000003  000048  00004B         6       0  STRING      2
                cstackBANK0                    000020  000032  000052        20       1  BANK0       1
                cstackCOMMON                   000070  00000E  00007E        70       1  COMMON      1
                idataBANK0                     0002CA  000001  0002CB       594       0  CODE        2
                text13                         0002CB  000005  0002D0       596       0  CODE        2
                text20                         0002D0  000006  0002D6       5A0       0  CODE        2
                text6                          0002D6  000006  0002DC       5AC       0  CODE        2
                text8                          0002DC  000007  0002E3       5B8       0  CODE        2
                text22                         0002E3  000008  0002EB       5C6       0  CODE        2
                clrtext                        0002EB  000008  0002F3       5D6       0  CODE        2
                text7                          0002F3  000009  0002FC       5E6       0  CODE        2
                text12                         0002FC  00000C  000308       5F8       0  CODE        2
                text14                         000308  00000D  000315       610       0  CODE        2
                text21                         000315  00000E  000323       62A       0  CODE        2
                text2                          000323  000012  000335       646       0  CODE        2
                text10                         000335  000016  00034B       66A       0  CODE        2
                text16                         00034B  000019  000364       696       0  CODE        2
                text9                          000364  00001D  000381       6C8       0  CODE        2
                text19                         000381  000023  0003A4       702       0  CODE        2
                text17                         0003A4  000024  0003C8       748       0  CODE        2
                text3                          0003C8  000025  0003ED       790       0  CODE        2
                text11                         0003ED  00002B  000418       7DA       0  CODE        2
                text4                          000418  00003A  000452       830       0  CODE        2
                text15                         000452  000042  000494       8A4       0  CODE        2
                text5                          000494  000044  0004D8       928       0  CODE        2
                text18                         0004D8  00004F  000527       9B0       0  CODE        2
                maintext                       000527  000140  000667       A4E       0  CODE        2
                text1                          000667  000186  0007ED       CCE       0  CODE        2
                cinit                          0007ED  000013  000800       FDA       0  CODE        2


UNUSED ADDRESS RANGES

        Name                Unused          Largest block    Delta
        BANK0            0052-006F             1E           1
        BANK1            00A0-00EF             50           1
        BANK2            0110-016F             60           1
        BANK3            0190-01EF             60           1
        CODE             004B-02C9            27F           2
                         0800-1FFF            800
        CONST            004B-02C9            100           2
                         0800-1FFF            100
        EEDATA           2100-21FF            100           2
        ENTRY            004B-02C9            100           2
                         0800-1FFF            100
        IDLOC            2000-2003              4           2
        RAM              0052-006F             1E           1
                         00A0-00EF             50
                         0110-016F             60
                         0190-01EF             60
        SFR0             0000-001F             20           1
        SFR1             0080-009F             20           1
        SFR2             0100-010F             10           1
        SFR3             0180-018F             10           1
        STACK            0110-016F             60           1
        STRCODE          004B-02C9            27F           2
                         0800-1FFF           1800
        STRING           004B-02C9            100           2
                         0800-1FFF            100

                                  Symbol Table

?___lwdiv                    cstackCOMMON 0070
?___lwmod                    cstackCOMMON 0078
?___wmul                     cstackCOMMON 0070
?_sprintf                    cstackBANK0  0020
LCD_Command@a                cstackCOMMON 0073
LCD_Port@a                   cstackCOMMON 0070
LCD_Set_Cursor@a             cstackCOMMON 0077
LCD_Set_Cursor@x             cstackCOMMON 0076
LCD_Set_Cursor@y             cstackCOMMON 0074
LCD_Write_Char@a             cstackCOMMON 0072
LCD_Write_String@a           cstackCOMMON 0073
LCD_Write_String@i           cstackCOMMON 0078
USART_Write@a                cstackCOMMON 0070
USART_Write_String@a         cstackCOMMON 0071
USART_Write_String@i         cstackCOMMON 0074
_ADC                         bssBANK0     003C
_ANSEL                       (abs)        0188
_ANSELH                      (abs)        0189
_CONT                        bssBANK0     003B
_INTCONbits                  (abs)        000B
_Init_Receive                text22       02E3
_Init_Transmit               text21       0315
_LCD_Command                 text19       0381
_LCD_Init                    text18       04D8
_LCD_Port                    text20       02D0
_LCD_Set_Cursor              text17       03A4
_LCD_Write_Char              text16       034B
_LCD_Write_String            text15       0452
_LCD_clear                   text14       0308
_PIE1bits                    (abs)        008C
_PIR1bits                    (abs)        000C
_PORTB                       (abs)        0006
_PORTCbits                   (abs)        0007
_PORTD                       (abs)        0008
_RCIF                        (abs)        0065
_RCREG                       (abs)        001A
_RCSTAbits                   (abs)        0018
_RE0                         (abs)        0048
_RE1                         (abs)        0049
_SPBRG                       (abs)        0099
_SSPBUF                      (abs)        0013
_SSPCON                      (abs)        0014
_SSPSTAT                     (abs)        0094
_SSPSTATbits                 (abs)        0094
_Set_Baud_Rate               text13       02CB
_TEMP                        dataBANK0    0051
_TRISB                       (abs)        0086
_TRISC0                      (abs)        0438
_TRISC1                      (abs)        0439
_TRISC2                      (abs)        043A
_TRISC3                      (abs)        043B
_TRISC5                      (abs)        043D
_TRISC7                      (abs)        043F
_TRISCbits                   (abs)        0087
_TRISD                       (abs)        0088
_TRMT                        (abs)        04C1
_TXREG                       (abs)        0019
_TXSTAbits                   (abs)        0098
_USART_Write                 text12       02FC
_USART_Write_String          text11       03ED
__Habs1                      abs1         0000
__Hbank0                     bank0        0000
__Hbank1                     bank1        0000
__Hbank2                     bank2        0000
__Hbank3                     bank3        0000
__HbssBANK0                  bssBANK0     0000
__Hcinit                     cinit        0800
__Hclrtext                   clrtext      0000
__Hcode                      code         0000
__Hcommon                    common       0000
__Hconfig                    config       2009
__HcstackBANK0               cstackBANK0  0000
__HcstackCOMMON              cstackCOMMON 0000
__HdataBANK0                 dataBANK0    0000
__Heeprom_data               eeprom_data  0000
__Hend_init                  end_init     0003
__Hfunctab                   functab      0000
__HidataBANK0                idataBANK0   0000
__Hinit                      init         0000
__Hintentry                  intentry     0000
__Hmaintext                  maintext     0000
__Hpowerup                   powerup      0000
__Hram                       ram          0000
__Hreset_vec                 reset_vec    0000
__Hsfr0                      sfr0         0000
__Hsfr1                      sfr1         0000
__Hsfr2                      sfr2         0000
__Hsfr3                      sfr3         0000
__Hspace_0                   (abs)        0800
__Hspace_1                   (abs)        007E
__Hspace_2                   (abs)        0000
__Hspace_3                   (abs)        0000
__Hspace_4                   (abs)        4010
__Hstack                     stack        0000
__Hstrings                   strings      0000
__Htext                      text         0000
__Labs1                      abs1         0000
__Lbank0                     bank0        0000
__Lbank1                     bank1        0000
__Lbank2                     bank2        0000
__Lbank3                     bank3        0000
__LbssBANK0                  bssBANK0     0000
__Lcinit                     cinit        07ED
__Lclrtext                   clrtext      0000
__Lcode                      code         0000
__Lcommon                    common       0000
__Lconfig                    config       0000
__LcstackBANK0               cstackBANK0  0000
__LcstackCOMMON              cstackCOMMON 0000
__LdataBANK0                 dataBANK0    0000
__Leeprom_data               eeprom_data  0000
__Lend_init                  end_init     0000
__Lfunctab                   functab      0000
__LidataBANK0                idataBANK0   0000
__Linit                      init         0000
__Lintentry                  intentry     0000
__Lmaintext                  maintext     0000
__Lpowerup                   powerup      0000
__Lram                       ram          0000
__Lreset_vec                 reset_vec    0000
__Lsfr0                      sfr0         0000
__Lsfr1                      sfr1         0000
__Lsfr2                      sfr2         0000
__Lsfr3                      sfr3         0000
__Lspace_0                   (abs)        0000
__Lspace_1                   (abs)        0000
__Lspace_2                   (abs)        0000
__Lspace_3                   (abs)        0000
__Lspace_4                   (abs)        0000
__Lstack                     stack        0000
__Lstrings                   strings      0000
__Ltext                      text         0000
__S0                         (abs)        0800
__S1                         (abs)        007E
__S2                         (abs)        0000
__S3                         (abs)        0000
___int_sp                    stack        0000
___latbits                   (abs)        0002
___lwdiv                     text5        0494
___lwdiv@counter             cstackCOMMON 0077
___lwdiv@dividend            cstackCOMMON 0072
___lwdiv@divisor             cstackCOMMON 0070
___lwdiv@quotient            cstackCOMMON 0075
___lwmod                     text4        0418
___lwmod@counter             cstackCOMMON 007D
___lwmod@dividend            cstackCOMMON 007A
___lwmod@divisor             cstackCOMMON 0078
___sp                        stack        0000
___stackhi                   (abs)        0000
___stacklo                   (abs)        0000
___wmul                      text3        03C8
___wmul@multiplicand         cstackCOMMON 0072
___wmul@multiplier           cstackCOMMON 0070
___wmul@product              cstackCOMMON 0074
__end_of_Init_Receive        text22       02EB
__end_of_Init_Transmit       text21       0323
__end_of_LCD_Command         text19       03A4
__end_of_LCD_Init            text18       0527
__end_of_LCD_Port            text20       02D6
__end_of_LCD_Set_Cursor      text17       03C8
__end_of_LCD_Write_Char      text16       0364
__end_of_LCD_Write_String    text15       0494
__end_of_LCD_clear           text14       0315
__end_of_Set_Baud_Rate       text13       02D0
__end_of_USART_Write         text12       0308
__end_of_USART_Write_String  text11       0418
__end_of___lwdiv             text5        04D8
__end_of___lwmod             text4        0452
__end_of___wmul              text3        03ED
__end_of__initialization     cinit        07FC
__end_of__stringtab          strings      0013
__end_of_dpowers             strings      001D
__end_of_isdigit             text2        0335
__end_of_main                maintext     0667
__end_of_setup               text9        0381
__end_of_spiInit             text10       034B
__end_of_spiRead             text7        02FC
__end_of_spiReceiveWait      text8        02E3
__end_of_spiWrite            text6        02DC
__end_of_sprintf             text1        07ED
__initialization             cinit        07ED
__pbssBANK0                  bssBANK0     003A
__pcstackBANK0               cstackBANK0  0020
__pcstackCOMMON              cstackCOMMON 0070
__pdataBANK0                 dataBANK0    0051
__pidataBANK0                idataBANK0   02CA
__pmaintext                  maintext     0527
__pstrings                   strings      0003
__ptext1                     text1        0667
__ptext10                    text10       0335
__ptext11                    text11       03ED
__ptext12                    text12       02FC
__ptext13                    text13       02CB
__ptext14                    text14       0308
__ptext15                    text15       0452
__ptext16                    text16       034B
__ptext17                    text17       03A4
__ptext18                    text18       04D8
__ptext19                    text19       0381
__ptext2                     text2        0323
__ptext20                    text20       02D0
__ptext21                    text21       0315
__ptext22                    text22       02E3
__ptext3                     text3        03C8
__ptext4                     text4        0418
__ptext5                     text5        0494
__ptext6                     text6        02D6
__ptext7                     text7        02F3
__ptext8                     text8        02DC
__ptext9                     text9        0364
__size_of_Init_Receive       (abs)        0000
__size_of_Init_Transmit      (abs)        0000
__size_of_LCD_Command        (abs)        0000
__size_of_LCD_Init           (abs)        0000
__size_of_LCD_Port           (abs)        0000
__size_of_LCD_Set_Cursor     (abs)        0000
__size_of_LCD_Write_Char     (abs)        0000
__size_of_LCD_Write_String   (abs)        0000
__size_of_LCD_clear          (abs)        0000
__size_of_Set_Baud_Rate      (abs)        0000
__size_of_USART_Write        (abs)        0000
__size_of_USART_Write_String (abs)        0000
__size_of___lwdiv            (abs)        0000
__size_of___lwmod            (abs)        0000
__size_of___wmul             (abs)        0000
__size_of_isdigit            (abs)        0000
__size_of_main               (abs)        0000
__size_of_setup              (abs)        0000
__size_of_spiInit            (abs)        0000
__size_of_spiRead            (abs)        0000
__size_of_spiReceiveWait     (abs)        0000
__size_of_spiWrite           (abs)        0000
__size_of_sprintf            (abs)        0000
__stringbase                 strings      0012
__stringtab                  strings      0003
_dpowers                     strings      0013
_isdigit                     text2        0323
_isdigit$995                 cstackCOMMON 0070
_main                        maintext     0527
_pantalla                    bssBANK0     003D
_setup                       text9        0364
_spiInit                     text10       0335
_spiRead                     text7        02F3
_spiReceiveWait              text8        02DC
_spiWrite                    text6        02D6
_sprintf                     text1        0667
btemp                        (abs)        007E
clear_ram0                   clrtext      02EB
end_of_initialization        cinit        07FC
intlevel0                    functab      0000
intlevel1                    functab      0000
intlevel2                    functab      0000
intlevel3                    functab      0000
intlevel4                    functab      0000
intlevel5                    functab      0000
isdigit@c                    cstackCOMMON 0071
reset_vec                    reset_vec    0000
spiInit@sClockIdle           cstackCOMMON 0071
spiInit@sDataSample          cstackCOMMON 0070
spiInit@sTransmitEdge        cstackCOMMON 0072
spiInit@sType                cstackCOMMON 0073
spiWrite@dat                 cstackCOMMON 0070
sprintf@ap                   cstackBANK0  002A
sprintf@c                    cstackBANK0  0032
sprintf@f                    cstackBANK0  0020
sprintf@flag                 cstackBANK0  002C
sprintf@prec                 cstackBANK0  002B
sprintf@sp                   cstackBANK0  002F
sprintf@val                  cstackBANK0  002D
sprintf@width                cstackBANK0  0030
start                        init         0000
start_initialization         cinit        07ED
wtemp0                       (abs)        007E


FUNCTION INFORMATION:

 *************** function _main *****************
 Defined at:
		line 60 in file "main_master.c"
 Parameters:    Size  Location     Type
		None
 Auto vars:     Size  Location     Type
		None
 Return value:  Size  Location     Type
                  1    wreg      void 
 Registers used:
		wreg, fsr0l, fsr0h, status,2, status,0, btemp+1, pclath, cstack
 Tracked objects:
		On entry : 
		On exit  : 
		Unchanged: 
 Data sizes:     COMMON   BANK0   BANK1   BANK3   BANK2
      Params:         0       0       0       0       0
      Locals:         0       0       0       0       0
      Temps:          0       7       0       0       0
      Totals:         0       7       0       0       0
Total ram usage:        7 bytes
 Hardware stack levels required when called:    3
 This function calls:
		_Init_Receive
		_Init_Transmit
		_LCD_Init
		_LCD_Set_Cursor
		_LCD_Write_String
		_LCD_clear
		_Set_Baud_Rate
		_USART_Write
		_USART_Write_String
		_setup
		_spiRead
		_spiWrite
		_sprintf
 This function is called by:
		Startup code after reset
 This function uses a non-reentrant model


 *************** function _sprintf *****************
 Defined at:
		line 505 in file "D:\Microchip\xc8\v2.31\pic\sources\c90\common\doprnt.c"
 Parameters:    Size  Location     Type
  sp              1    wreg     PTR unsigned char 
		 -> pantalla(20), 
  f               1    0[BANK0 ] PTR const unsigned char 
		 -> STR_2(14), 
 Auto vars:     Size  Location     Type
  sp              1   15[BANK0 ] PTR unsigned char 
		 -> pantalla(20), 
  tmpval          4    0        struct .
  width           2   16[BANK0 ] int 
  val             2   13[BANK0 ] unsigned int 
  cp              2    0        PTR const unsigned char 
  len             2    0        unsigned int 
  c               1   18[BANK0 ] unsigned char 
  flag            1   12[BANK0 ] unsigned char 
  prec            1   11[BANK0 ] char 
  ap              1   10[BANK0 ] PTR void [1]
		 -> ?_sprintf(2), 
 Return value:  Size  Location     Type
                  2    0[BANK0 ] int 
 Registers used:
		wreg, fsr0l, fsr0h, status,2, status,0, btemp+1, pclath, cstack
 Tracked objects:
		On entry : 
		On exit  : 
		Unchanged: 
 Data sizes:     COMMON   BANK0   BANK1   BANK3   BANK2
      Params:         0       7       0       0       0
      Locals:         0       9       0       0       0
      Temps:          0       3       0       0       0
      Totals:         0      19       0       0       0
Total ram usage:       19 bytes
 Hardware stack levels used:    1
 Hardware stack levels required when called:    1
 This function calls:
		___lwdiv
		___lwmod
		___wmul
		_isdigit
 This function is called by:
		_main
 This function uses a non-reentrant model


 *************** function _isdigit *****************
 Defined at:
		line 8 in file "D:\Microchip\xc8\v2.31\pic\sources\c90\common\isdigit.c"
 Parameters:    Size  Location     Type
  c               1    wreg     unsigned char 
 Auto vars:     Size  Location     Type
  c               1    1[COMMON] unsigned char 
 Return value:  Size  Location     Type
		None               void
 Registers used:
		wreg, status,2, status,0
 Tracked objects:
		On entry : 
		On exit  : 
		Unchanged: 
 Data sizes:     COMMON   BANK0   BANK1   BANK3   BANK2
      Params:         0       0       0       0       0
      Locals:         2       0       0       0       0
      Temps:          0       0       0       0       0
      Totals:         2       0       0       0       0
Total ram usage:        2 bytes
 Hardware stack levels used:    1
 This function calls:
		Nothing
 This function is called by:
		_sprintf
 This function uses a non-reentrant model


 *************** function ___wmul *****************
 Defined at:
		line 15 in file "D:\Microchip\xc8\v2.31\pic\sources\c90\common\Umul16.c"
 Parameters:    Size  Location     Type
  multiplier      2    0[COMMON] unsigned int 
  multiplicand    2    2[COMMON] unsigned int 
 Auto vars:     Size  Location     Type
  product         2    4[COMMON] unsigned int 
 Return value:  Size  Location     Type
                  2    0[COMMON] unsigned int 
 Registers used:
		wreg, status,2, status,0
 Tracked objects:
		On entry : 
		On exit  : 
		Unchanged: 
 Data sizes:     COMMON   BANK0   BANK1   BANK3   BANK2
      Params:         4       0       0       0       0
      Locals:         2       0       0       0       0
      Temps:          0       0       0       0       0
      Totals:         6       0       0       0       0
Total ram usage:        6 bytes
 Hardware stack levels used:    1
 This function calls:
		Nothing
 This function is called by:
		_sprintf
 This function uses a non-reentrant model


 *************** function ___lwmod *****************
 Defined at:
		line 5 in file "D:\Microchip\xc8\v2.31\pic\sources\c90\common\lwmod.c"
 Parameters:    Size  Location     Type
  divisor         2    8[COMMON] unsigned int 
  dividend        2   10[COMMON] unsigned int 
 Auto vars:     Size  Location     Type
  counter         1   13[COMMON] unsigned char 
 Return value:  Size  Location     Type
                  2    8[COMMON] unsigned int 
 Registers used:
		wreg, status,2, status,0
 Tracked objects:
		On entry : 
		On exit  : 
		Unchanged: 
 Data sizes:     COMMON   BANK0   BANK1   BANK3   BANK2
      Params:         4       0       0       0       0
      Locals:         1       0       0       0       0
      Temps:          1       0       0       0       0
      Totals:         6       0       0       0       0
Total ram usage:        6 bytes
 Hardware stack levels used:    1
 This function calls:
		Nothing
 This function is called by:
		_sprintf
 This function uses a non-reentrant model


 *************** function ___lwdiv *****************
 Defined at:
		line 5 in file "D:\Microchip\xc8\v2.31\pic\sources\c90\common\lwdiv.c"
 Parameters:    Size  Location     Type
  divisor         2    0[COMMON] unsigned int 
  dividend        2    2[COMMON] unsigned int 
 Auto vars:     Size  Location     Type
  quotient        2    5[COMMON] unsigned int 
  counter         1    7[COMMON] unsigned char 
 Return value:  Size  Location     Type
                  2    0[COMMON] unsigned int 
 Registers used:
		wreg, status,2, status,0
 Tracked objects:
		On entry : 
		On exit  : 
		Unchanged: 
 Data sizes:     COMMON   BANK0   BANK1   BANK3   BANK2
      Params:         4       0       0       0       0
      Locals:         3       0       0       0       0
      Temps:          1       0       0       0       0
      Totals:         8       0       0       0       0
Total ram usage:        8 bytes
 Hardware stack levels used:    1
 This function calls:
		Nothing
 This function is called by:
		_sprintf
 This function uses a non-reentrant model


 *************** function _spiWrite *****************
 Defined at:
		line 34 in file "SPI.c"
 Parameters:    Size  Location     Type
  dat             1    wreg     unsigned char 
 Auto vars:     Size  Location     Type
  dat             1    0[COMMON] unsigned char 
 Return value:  Size  Location     Type
                  1    wreg      void 
 Registers used:
		wreg
 Tracked objects:
		On entry : 
		On exit  : 
		Unchanged: 
 Data sizes:     COMMON   BANK0   BANK1   BANK3   BANK2
      Params:         0       0       0       0       0
      Locals:         1       0       0       0       0
      Temps:          0       0       0       0       0
      Totals:         1       0       0       0       0
Total ram usage:        1 bytes
 Hardware stack levels used:    1
 This function calls:
		Nothing
 This function is called by:
		_main
 This function uses a non-reentrant model


 *************** function _spiRead *****************
 Defined at:
		line 47 in file "SPI.c"
 Parameters:    Size  Location     Type
		None
 Auto vars:     Size  Location     Type
		None
 Return value:  Size  Location     Type
                  1    wreg      unsigned char 
 Registers used:
		wreg, status,2, status,0, pclath, cstack
 Tracked objects:
		On entry : 
		On exit  : 
		Unchanged: 
 Data sizes:     COMMON   BANK0   BANK1   BANK3   BANK2
      Params:         0       0       0       0       0
      Locals:         0       0       0       0       0
      Temps:          0       0       0       0       0
      Totals:         0       0       0       0       0
Total ram usage:        0 bytes
 Hardware stack levels used:    1
 Hardware stack levels required when called:    1
 This function calls:
		_spiReceiveWait
 This function is called by:
		_main
 This function uses a non-reentrant model


 *************** function _spiReceiveWait *****************
 Defined at:
		line 29 in file "SPI.c"
 Parameters:    Size  Location     Type
		None
 Auto vars:     Size  Location     Type
		None
 Return value:  Size  Location     Type
                  1    wreg      void 
 Registers used:
		None
 Tracked objects:
		On entry : 
		On exit  : 
		Unchanged: 
 Data sizes:     COMMON   BANK0   BANK1   BANK3   BANK2
      Params:         0       0       0       0       0
      Locals:         0       0       0       0       0
      Temps:          0       0       0       0       0
      Totals:         0       0       0       0       0
Total ram usage:        0 bytes
 Hardware stack levels used:    1
 This function calls:
		Nothing
 This function is called by:
		_spiRead
 This function uses a non-reentrant model


 *************** function _setup *****************
 Defined at:
		line 139 in file "main_master.c"
 Parameters:    Size  Location     Type
		None
 Auto vars:     Size  Location     Type
		None
 Return value:  Size  Location     Type
                  1    wreg      void 
 Registers used:
		wreg, status,2, status,0, pclath, cstack
 Tracked objects:
		On entry : 
		On exit  : 
		Unchanged: 
 Data sizes:     COMMON   BANK0   BANK1   BANK3   BANK2
      Params:         0       0       0       0       0
      Locals:         0       0       0       0       0
      Temps:          0       0       0       0       0
      Totals:         0       0       0       0       0
Total ram usage:        0 bytes
 Hardware stack levels used:    1
 Hardware stack levels required when called:    1
 This function calls:
		_spiInit
 This function is called by:
		_main
 This function uses a non-reentrant model


 *************** function _spiInit *****************
 Defined at:
		line 12 in file "SPI.c"
 Parameters:    Size  Location     Type
  sType           1    wreg     enum E1264
  sDataSample     1    0[COMMON] enum E1272
  sClockIdle      1    1[COMMON] enum E1276
  sTransmitEdg    1    2[COMMON] enum E1280
 Auto vars:     Size  Location     Type
  sType           1    3[COMMON] enum E1264
 Return value:  Size  Location     Type
                  1    wreg      void 
 Registers used:
		wreg, status,2, status,0
 Tracked objects:
		On entry : 
		On exit  : 
		Unchanged: 
 Data sizes:     COMMON   BANK0   BANK1   BANK3   BANK2
      Params:         3       0       0       0       0
      Locals:         1       0       0       0       0
      Temps:          0       0       0       0       0
      Totals:         4       0       0       0       0
Total ram usage:        4 bytes
 Hardware stack levels used:    1
 This function calls:
		Nothing
 This function is called by:
		_setup
 This function uses a non-reentrant model


 *************** function _USART_Write_String *****************
 Defined at:
		line 48 in file "USART.c"
 Parameters:    Size  Location     Type
  a               2    1[COMMON] PTR unsigned char 
		 -> pantalla(20), STR_1(16), 
 Auto vars:     Size  Location     Type
  i               1    4[COMMON] unsigned char 
 Return value:  Size  Location     Type
                  1    wreg      void 
 Registers used:
		wreg, fsr0l, fsr0h, status,2, status,0, btemp+1, pclath, cstack
 Tracked objects:
		On entry : 
		On exit  : 
		Unchanged: 
 Data sizes:     COMMON   BANK0   BANK1   BANK3   BANK2
      Params:         2       0       0       0       0
      Locals:         1       0       0       0       0
      Temps:          1       0       0       0       0
      Totals:         4       0       0       0       0
Total ram usage:        4 bytes
 Hardware stack levels used:    1
 Hardware stack levels required when called:    1
 This function calls:
		_USART_Write
 This function is called by:
		_main
 This function uses a non-reentrant model


 *************** function _USART_Write *****************
 Defined at:
		line 43 in file "USART.c"
 Parameters:    Size  Location     Type
  a               1    wreg     unsigned char 
 Auto vars:     Size  Location     Type
  a               1    0[COMMON] unsigned char 
 Return value:  Size  Location     Type
                  1    wreg      void 
 Registers used:
		wreg
 Tracked objects:
		On entry : 
		On exit  : 
		Unchanged: 
 Data sizes:     COMMON   BANK0   BANK1   BANK3   BANK2
      Params:         0       0       0       0       0
      Locals:         1       0       0       0       0
      Temps:          0       0       0       0       0
      Totals:         1       0       0       0       0
Total ram usage:        1 bytes
 Hardware stack levels used:    1
 This function calls:
		Nothing
 This function is called by:
		_main
		_USART_Write_String
 This function uses a non-reentrant model


 *************** function _Set_Baud_Rate *****************
 Defined at:
		line 11 in file "USART.c"
 Parameters:    Size  Location     Type
		None
 Auto vars:     Size  Location     Type
		None
 Return value:  Size  Location     Type
                  1    wreg      void 
 Registers used:
		wreg
 Tracked objects:
		On entry : 
		On exit  : 
		Unchanged: 
 Data sizes:     COMMON   BANK0   BANK1   BANK3   BANK2
      Params:         0       0       0       0       0
      Locals:         0       0       0       0       0
      Temps:          0       0       0       0       0
      Totals:         0       0       0       0       0
Total ram usage:        0 bytes
 Hardware stack levels used:    1
 This function calls:
		Nothing
 This function is called by:
		_main
 This function uses a non-reentrant model


 *************** function _LCD_clear *****************
 Defined at:
		line 42 in file "LCD.c"
 Parameters:    Size  Location     Type
		None
 Auto vars:     Size  Location     Type
		None
 Return value:  Size  Location     Type
                  1    wreg      void 
 Registers used:
		wreg, status,2, status,0, pclath, cstack
 Tracked objects:
		On entry : 
		On exit  : 
		Unchanged: 
 Data sizes:     COMMON   BANK0   BANK1   BANK3   BANK2
      Params:         0       0       0       0       0
      Locals:         0       0       0       0       0
      Temps:          0       0       0       0       0
      Totals:         0       0       0       0       0
Total ram usage:        0 bytes
 Hardware stack levels used:    1
 Hardware stack levels required when called:    2
 This function calls:
		_LCD_Command
 This function is called by:
		_main
 This function uses a non-reentrant model


 *************** function _LCD_Write_String *****************
 Defined at:
		line 78 in file "LCD.c"
 Parameters:    Size  Location     Type
  a               2    3[COMMON] PTR unsigned char 
		 -> STR_3(16), pantalla(20), 
 Auto vars:     Size  Location     Type
  i               2    8[COMMON] int 
 Return value:  Size  Location     Type
                  1    wreg      void 
 Registers used:
		wreg, fsr0l, fsr0h, status,2, status,0, btemp+1, pclath, cstack
 Tracked objects:
		On entry : 
		On exit  : 
		Unchanged: 
 Data sizes:     COMMON   BANK0   BANK1   BANK3   BANK2
      Params:         2       0       0       0       0
      Locals:         2       0       0       0       0
      Temps:          3       0       0       0       0
      Totals:         7       0       0       0       0
Total ram usage:        7 bytes
 Hardware stack levels used:    1
 Hardware stack levels required when called:    2
 This function calls:
		_LCD_Write_Char
 This function is called by:
		_main
 This function uses a non-reentrant model


 *************** function _LCD_Write_Char *****************
 Defined at:
		line 10 in file "LCD.c"
 Parameters:    Size  Location     Type
  a               1    wreg     unsigned char 
 Auto vars:     Size  Location     Type
  a               1    2[COMMON] unsigned char 
 Return value:  Size  Location     Type
                  1    wreg      void 
 Registers used:
		wreg, status,2, status,0, pclath, cstack
 Tracked objects:
		On entry : 
		On exit  : 
		Unchanged: 
 Data sizes:     COMMON   BANK0   BANK1   BANK3   BANK2
      Params:         0       0       0       0       0
      Locals:         1       0       0       0       0
      Temps:          1       0       0       0       0
      Totals:         2       0       0       0       0
Total ram usage:        2 bytes
 Hardware stack levels used:    1
 Hardware stack levels required when called:    1
 This function calls:
		_LCD_Port
 This function is called by:
		_LCD_Write_String
 This function uses a non-reentrant model


 *************** function _LCD_Set_Cursor *****************
 Defined at:
		line 64 in file "LCD.c"
 Parameters:    Size  Location     Type
  x               1    wreg     unsigned char 
  y               1    4[COMMON] unsigned char 
 Auto vars:     Size  Location     Type
  x               1    6[COMMON] unsigned char 
  a               1    7[COMMON] unsigned char 
 Return value:  Size  Location     Type
                  1    wreg      void 
 Registers used:
		wreg, status,2, status,0, pclath, cstack
 Tracked objects:
		On entry : 
		On exit  : 
		Unchanged: 
 Data sizes:     COMMON   BANK0   BANK1   BANK3   BANK2
      Params:         1       0       0       0       0
      Locals:         2       0       0       0       0
      Temps:          1       0       0       0       0
      Totals:         4       0       0       0       0
Total ram usage:        4 bytes
 Hardware stack levels used:    1
 Hardware stack levels required when called:    2
 This function calls:
		_LCD_Command
 This function is called by:
		_main
 This function uses a non-reentrant model


 *************** function _LCD_Init *****************
 Defined at:
		line 47 in file "LCD.c"
 Parameters:    Size  Location     Type
		None
 Auto vars:     Size  Location     Type
		None
 Return value:  Size  Location     Type
                  1    wreg      void 
 Registers used:
		wreg, status,2, status,0, pclath, cstack
 Tracked objects:
		On entry : 
		On exit  : 
		Unchanged: 
 Data sizes:     COMMON   BANK0   BANK1   BANK3   BANK2
      Params:         0       0       0       0       0
      Locals:         0       0       0       0       0
      Temps:          2       0       0       0       0
      Totals:         2       0       0       0       0
Total ram usage:        2 bytes
 Hardware stack levels used:    1
 Hardware stack levels required when called:    2
 This function calls:
		_LCD_Command
		_LCD_Port
 This function is called by:
		_main
 This function uses a non-reentrant model


 *************** function _LCD_Command *****************
 Defined at:
		line 33 in file "LCD.c"
 Parameters:    Size  Location     Type
  a               1    wreg     unsigned char 
 Auto vars:     Size  Location     Type
  a               1    3[COMMON] unsigned char 
 Return value:  Size  Location     Type
                  1    wreg      void 
 Registers used:
		wreg, status,2, status,0, pclath, cstack
 Tracked objects:
		On entry : 
		On exit  : 
		Unchanged: 
 Data sizes:     COMMON   BANK0   BANK1   BANK3   BANK2
      Params:         0       0       0       0       0
      Locals:         1       0       0       0       0
      Temps:          2       0       0       0       0
      Totals:         3       0       0       0       0
Total ram usage:        3 bytes
 Hardware stack levels used:    1
 Hardware stack levels required when called:    1
 This function calls:
		_LCD_Port
 This function is called by:
		_LCD_clear
		_LCD_Init
		_LCD_Set_Cursor
 This function uses a non-reentrant model


 *************** function _LCD_Port *****************
 Defined at:
		line 19 in file "LCD.c"
 Parameters:    Size  Location     Type
  a               1    wreg     unsigned char 
 Auto vars:     Size  Location     Type
  a               1    0[COMMON] unsigned char 
 Return value:  Size  Location     Type
                  1    wreg      void 
 Registers used:
		wreg
 Tracked objects:
		On entry : 
		On exit  : 
		Unchanged: 
 Data sizes:     COMMON   BANK0   BANK1   BANK3   BANK2
      Params:         0       0       0       0       0
      Locals:         1       0       0       0       0
      Temps:          0       0       0       0       0
      Totals:         1       0       0       0       0
Total ram usage:        1 bytes
 Hardware stack levels used:    1
 This function calls:
		Nothing
 This function is called by:
		_LCD_Write_Char
		_LCD_Command
		_LCD_Init
 This function uses a non-reentrant model


 *************** function _Init_Transmit *****************
 Defined at:
		line 15 in file "USART.c"
 Parameters:    Size  Location     Type
		None
 Auto vars:     Size  Location     Type
		None
 Return value:  Size  Location     Type
                  1    wreg      void 
 Registers used:
		None
 Tracked objects:
		On entry : 
		On exit  : 
		Unchanged: 
 Data sizes:     COMMON   BANK0   BANK1   BANK3   BANK2
      Params:         0       0       0       0       0
      Locals:         0       0       0       0       0
      Temps:          0       0       0       0       0
      Totals:         0       0       0       0       0
Total ram usage:        0 bytes
 Hardware stack levels used:    1
 This function calls:
		Nothing
 This function is called by:
		_main
 This function uses a non-reentrant model


 *************** function _Init_Receive *****************
 Defined at:
		line 30 in file "USART.c"
 Parameters:    Size  Location     Type
		None
 Auto vars:     Size  Location     Type
		None
 Return value:  Size  Location     Type
                  1    wreg      void 
 Registers used:
		None
 Tracked objects:
		On entry : 
		On exit  : 
		Unchanged: 
 Data sizes:     COMMON   BANK0   BANK1   BANK3   BANK2
      Params:         0       0       0       0       0
      Locals:         0       0       0       0       0
      Temps:          0       0       0       0       0
      Totals:         0       0       0       0       0
Total ram usage:        0 bytes
 Hardware stack levels used:    1
 This function calls:
		Nothing
 This function is called by:
		_main
 This function uses a non-reentrant model



MODULE INFORMATION

Module		Function		Class		Link	Load	Size
USART.c
		_USART_Write_String		CODE           	03ED	0000	43
		_Init_Transmit 		CODE           	0315	0000	14
		_USART_Write   		CODE           	02FC	0000	12
		_Set_Baud_Rate 		CODE           	02CB	0000	5
		_Init_Receive  		CODE           	02E3	0000	8

USART.c estimated size: 82

D:\Microchip\xc8\v2.31\pic\sources\c90\common\doprnt.c
		_sprintf       		CODE           	0667	0000	390

D:\Microchip\xc8\v2.31\pic\sources\c90\common\doprnt.c estimated size: 390

D:\Microchip\xc8\v2.31\pic\sources\c90\common\lwmod.c
		___lwmod       		CODE           	0418	0000	58

D:\Microchip\xc8\v2.31\pic\sources\c90\common\lwmod.c estimated size: 58

D:\Microchip\xc8\v2.31\pic\sources\c90\common\Umul16.c
		___wmul        		CODE           	03C8	0000	37

D:\Microchip\xc8\v2.31\pic\sources\c90\common\Umul16.c estimated size: 37

shared
		__stringtab    		STRING         	0003	0000	16
		_dpowers       		STRING         	0013	0000	10
		__initialization		CODE           	07ED	0000	15

shared estimated size: 41

D:\Microchip\xc8\v2.31\pic\sources\c90\common\isdigit.c
		_isdigit       		CODE           	0323	0000	18

D:\Microchip\xc8\v2.31\pic\sources\c90\common\isdigit.c estimated size: 18

SPI.c
		_spiWrite      		CODE           	02D6	0000	6
		_spiInit       		CODE           	0335	0000	22
		_spiReceiveWait		CODE           	02DC	0000	7
		_spiRead       		CODE           	02F3	0000	9

SPI.c estimated size: 44

D:\Microchip\xc8\v2.31\pic\sources\c90\common\lwdiv.c
		___lwdiv       		CODE           	0494	0000	68

D:\Microchip\xc8\v2.31\pic\sources\c90\common\lwdiv.c estimated size: 68

main_master.c
		_main          		CODE           	0527	0000	320
		_setup         		CODE           	0364	0000	29

main_master.c estimated size: 349

LCD.c
		_LCD_Init      		CODE           	04D8	0000	79
		_LCD_clear     		CODE           	0308	0000	13
		_LCD_Write_Char		CODE           	034B	0000	25
		_LCD_Command   		CODE           	0381	0000	35
		_LCD_Set_Cursor		CODE           	03A4	0000	36
		_LCD_Port      		CODE           	02D0	0000	6
		_LCD_Write_String		CODE           	0452	0000	66

LCD.c estimated size: 260

